# C:\Users\Nima\AppData\Local\Programs\Python\Python313\python.exe -u gen_lstm_dataset.py --offsets 4
  static_B_2019.12.16_13.40.04__fixed1__off0.csv: 300 samples (mean 28.23 Mbps)
  static_B_2019.12.16_13.40.04__fixed3__off0.csv: 300 samples (mean 7.14 Mbps)
  static_B_2019.12.16_13.40.04__fixed5__off0.csv: 300 samples (mean 0.42 Mbps)
  static_B_2019.12.16_13.40.04__bandwidth__off0.csv: 300 samples (mean 0.42 Mbps)
  static_B_2019.12.16_13.40.04__fixed1__off506.csv: 300 samples (mean 29.35 Mbps)
  static_B_2019.12.16_13.40.04__fixed3__off506.csv: 300 samples (mean 7.09 Mbps)
  static_B_2019.12.16_13.40.04__fixed5__off506.csv: 300 samples (mean 0.37 Mbps)
  static_B_2019.12.16_13.40.04__bandwidth__off506.csv: 300 samples (mean 0.37 Mbps)
  static_B_2019.12.16_13.40.04__fixed1__off1012.csv: 300 samples (mean 23.38 Mbps)
  static_B_2019.12.16_13.40.04__fixed3__off1012.csv: 300 samples (mean 7.04 Mbps)
  static_B_2019.12.16_13.40.04__fixed5__off1012.csv: 300 samples (mean 0.43 Mbps)
  static_B_2019.12.16_13.40.04__bandwidth__off1012.csv: 300 samples (mean 0.44 Mbps)
  static_B_2019.12.16_13.40.04__fixed1__off1518.csv: 300 samples (mean 26.36 Mbps)
  static_B_2019.12.16_13.40.04__fixed3__off1518.csv: 300 samples (mean 7.12 Mbps)
  static_B_2019.12.16_13.40.04__fixed5__off1518.csv: 300 samples (mean 0.44 Mbps)
  static_B_2019.12.16_13.40.04__bandwidth__off1518.csv: 300 samples (mean 0.44 Mbps)
  static_B_2020.02.13_13.57.29__fixed1__off0.csv: 300 samples (mean 25.27 Mbps)
  static_B_2020.02.13_13.57.29__fixed3__off0.csv: 300 samples (mean 7.08 Mbps)
  static_B_2020.02.13_13.57.29__fixed5__off0.csv: 300 samples (mean 0.42 Mbps)
  static_B_2020.02.13_13.57.29__bandwidth__off0.csv: 300 samples (mean 0.42 Mbps)
  static_B_2020.02.13_13.57.29__fixed1__off766.csv: 300 samples (mean 19.74 Mbps)
  static_B_2020.02.13_13.57.29__fixed3__off766.csv: 300 samples (mean 6.95 Mbps)
  static_B_2020.02.13_13.57.29__fixed5__off766.csv: 300 samples (mean 0.44 Mbps)
  static_B_2020.02.13_13.57.29__bandwidth__off766.csv: 300 samples (mean 0.44 Mbps)
  static_B_2020.02.13_13.57.29__fixed1__off1532.csv: 300 samples (mean 18.73 Mbps)
  static_B_2020.02.13_13.57.29__fixed3__off1532.csv: 300 samples (mean 7.04 Mbps)
  static_B_2020.02.13_13.57.29__fixed5__off1532.csv: 300 samples (mean 0.44 Mbps)
  static_B_2020.02.13_13.57.29__bandwidth__off1532.csv: 300 samples (mean 0.43 Mbps)
  static_B_2020.02.13_13.57.29__fixed1__off2299.csv: 300 samples (mean 22.93 Mbps)
  static_B_2020.02.13_13.57.29__fixed3__off2299.csv: 300 samples (mean 7.05 Mbps)
  static_B_2020.02.13_13.57.29__fixed5__off2299.csv: 300 samples (mean 0.44 Mbps)
  static_B_2020.02.13_13.57.29__bandwidth__off2299.csv: 300 samples (mean 0.44 Mbps)
  static_B_2020.02.14_13.21.26__fixed1__off0.csv: 300 samples (mean 16.65 Mbps)
  static_B_2020.02.14_13.21.26__fixed3__off0.csv: 300 samples (mean 6.92 Mbps)
  static_B_2020.02.14_13.21.26__fixed5__off0.csv: 300 samples (mean 0.43 Mbps)
  static_B_2020.02.14_13.21.26__bandwidth__off0.csv: 300 samples (mean 0.43 Mbps)
  static_B_2020.02.14_13.21.26__fixed1__off242.csv: 300 samples (mean 27.63 Mbps)
  static_B_2020.02.14_13.21.26__fixed3__off242.csv: 300 samples (mean 7.02 Mbps)
  static_B_2020.02.14_13.21.26__fixed5__off242.csv: 300 samples (mean 0.44 Mbps)
  static_B_2020.02.14_13.21.26__bandwidth__off242.csv: 300 samples (mean 0.44 Mbps)
  static_B_2020.02.14_13.21.26__fixed1__off485.csv: 300 samples (mean 28.98 Mbps)
  static_B_2020.02.14_13.21.26__fixed3__off485.csv: 300 samples (mean 7.12 Mbps)
  static_B_2020.02.14_13.21.26__fixed5__off485.csv: 300 samples (mean 0.43 Mbps)
  static_B_2020.02.14_13.21.26__bandwidth__off485.csv: 300 samples (mean 0.43 Mbps)
  static_B_2020.02.14_13.21.26__fixed1__off728.csv: 300 samples (mean 29.34 Mbps)
  static_B_2020.02.14_13.21.26__fixed3__off728.csv: 300 samples (mean 7.10 Mbps)
  static_B_2020.02.14_13.21.26__fixed5__off728.csv: 300 samples (mean 0.44 Mbps)
  static_B_2020.02.14_13.21.26__bandwidth__off728.csv: 300 samples (mean 0.44 Mbps)
  static_B_2020.02.27_18.39.27__fixed1__off0.csv: 300 samples (mean 24.22 Mbps)
  static_B_2020.02.27_18.39.27__fixed3__off0.csv: 300 samples (mean 7.07 Mbps)
  static_B_2020.02.27_18.39.27__fixed5__off0.csv: 300 samples (mean 0.43 Mbps)
  static_B_2020.02.27_18.39.27__bandwidth__off0.csv: 300 samples (mean 0.43 Mbps)
  static_B_2020.02.27_18.39.27__fixed1__off1466.csv: 300 samples (mean 25.19 Mbps)
  static_B_2020.02.27_18.39.27__fixed3__off1466.csv: 300 samples (mean 7.02 Mbps)
  static_B_2020.02.27_18.39.27__fixed5__off1466.csv: 300 samples (mean 0.43 Mbps)
  static_B_2020.02.27_18.39.27__bandwidth__off1466.csv: 300 samples (mean 0.44 Mbps)
  static_B_2020.02.27_18.39.27__fixed1__off2931.csv: 300 samples (mean 26.46 Mbps)
  static_B_2020.02.27_18.39.27__fixed3__off2931.csv: 300 samples (mean 7.05 Mbps)
  static_B_2020.02.27_18.39.27__fixed5__off2931.csv: 300 samples (mean 0.44 Mbps)
  static_B_2020.02.27_18.39.27__bandwidth__off2931.csv: 300 samples (mean 0.44 Mbps)
  static_B_2020.02.27_18.39.27__fixed1__off4396.csv: 300 samples (mean 28.37 Mbps)
  static_B_2020.02.27_18.39.27__fixed3__off4396.csv: 300 samples (mean 7.17 Mbps)
  static_B_2020.02.27_18.39.27__fixed5__off4396.csv: 300 samples (mean 0.43 Mbps)
  static_B_2020.02.27_18.39.27__bandwidth__off4396.csv: 300 samples (mean 0.43 Mbps)
  static_B_2020.01.16_10.43.34__fixed1__off0.csv: 300 samples (mean 26.38 Mbps)
  static_B_2020.01.16_10.43.34__fixed3__off0.csv: 300 samples (mean 7.16 Mbps)
  static_B_2020.01.16_10.43.34__fixed5__off0.csv: 300 samples (mean 0.43 Mbps)
  static_B_2020.01.16_10.43.34__bandwidth__off0.csv: 300 samples (mean 0.43 Mbps)
  static_B_2020.01.16_10.43.34__fixed1__off807.csv: 300 samples (mean 29.13 Mbps)
  static_B_2020.01.16_10.43.34__fixed3__off807.csv: 300 samples (mean 7.11 Mbps)
  static_B_2020.01.16_10.43.34__fixed5__off807.csv: 300 samples (mean 0.43 Mbps)
  static_B_2020.01.16_10.43.34__bandwidth__off807.csv: 300 samples (mean 0.43 Mbps)
  static_B_2020.01.16_10.43.34__fixed1__off1614.csv: 300 samples (mean 24.81 Mbps)
  static_B_2020.01.16_10.43.34__fixed3__off1614.csv: 300 samples (mean 7.12 Mbps)
  static_B_2020.01.16_10.43.34__fixed5__off1614.csv: 300 samples (mean 0.44 Mbps)
  static_B_2020.01.16_10.43.34__bandwidth__off1614.csv: 300 samples (mean 0.43 Mbps)
  static_B_2020.01.16_10.43.34__fixed1__off2422.csv: 300 samples (mean 27.46 Mbps)
  static_B_2020.01.16_10.43.34__fixed3__off2422.csv: 300 samples (mean 7.02 Mbps)
  static_B_2020.01.16_10.43.34__fixed5__off2422.csv: 300 samples (mean 0.43 Mbps)
  static_B_2020.01.16_10.43.34__bandwidth__off2422.csv: 300 samples (mean 0.43 Mbps)

80 series -> C:\Users\Nima\PointCloudStreaming\data\lstm_achieved (64 train / 16 test files)
split: C:\Users\Nima\PointCloudStreaming\data\lstm_achieved\split.json
Train with: python train_model.py --bandwidth-dir data/lstm_achieved --split-from data/lstm_achieved/split.json
