# C:\Users\Nima\AppData\Local\Programs\Python\Python313\python.exe -u train_model.py --transform none --out C:\Users\Nima\PointCloudStreaming\logs\train_runs\20260710_083903_smoke\lstm\bandwidth_lstm_none.pkl --sequence-length 20 --epochs 5 --test-size 0.2 --bandwidth-dir C:\Users\Nima\PointCloudStreaming\data\lstm_achieved --split-from C:\Users\Nima\PointCloudStreaming\data\lstm_achieved\split.json --no-tune
================================================================================
🤖 LSTM Bandwidth Prediction Model Training
================================================================================
📋 Explicit split from C:\Users\Nima\PointCloudStreaming\data\lstm_achieved\split.json: 4 train / 1 test files

📁 Found 5 bandwidth trace files
📂 Output directory: C:\Users\Nima\PointCloudStreaming\models
🔧 Hyperparameter tuning: Disabled
📊 Sequence length: 20
🧪 File-level test split: 0.20
🎲 Split random seed: 42

================================================================================
Training Process:
  1. Load and prepare dataset
  2. Split files into train/test sets (file-level)
  3. Train model with default hyperparameters
  5. Save trained model and best model
================================================================================

Loading bandwidth traces from C:\Users\Nima\PointCloudStreaming\data\lstm_achieved...
Dataset size: 100 sequences
Bandwidth range: 5.98 - 8.11 Mbps
Mean bandwidth: 6.95 Mbps, Std: 0.50 Mbps
File-level split (80/20): 4 train files, 1 test files

Training final model...
Loaded best model from epoch 3 with test loss: 0.547420

Final Test Metrics:
  MAE: 0.4802 Mbps  (persistence baseline: 0.6377)
  MAPE: 7.00%  (persistence baseline: 9.23%)
  RMSE: 0.5681 Mbps  (persistence baseline: 0.7385)
  Low-bw (<5 Mbps, 0% of test) MAE: 0.0000  (persistence: 0.0000)
  Directional accuracy: 0.650

Saving model to C:\Users\Nima\PointCloudStreaming\logs\train_runs\20260710_083903_smoke\lstm\bandwidth_lstm_none.pkl...
Best model saved to: C:\Users\Nima\PointCloudStreaming\logs\train_runs\20260710_083903_smoke\lstm\bandwidth_lstm_none_best.pkl
Split metadata saved to: C:\Users\Nima\PointCloudStreaming\logs\train_runs\20260710_083903_smoke\lstm\bandwidth_lstm_none_split.json

Sample predictions:
  Actual: 6.86 Mbps, Predicted: 6.85 Mbps
  Actual: 7.16 Mbps, Predicted: 6.85 Mbps
  Actual: 6.38 Mbps, Predicted: 6.85 Mbps
  Actual: 7.61 Mbps, Predicted: 6.85 Mbps
  Actual: 6.91 Mbps, Predicted: 6.85 Mbps

================================================================================
✅ Training complete!
📦 Model saved to: C:\Users\Nima\PointCloudStreaming\logs\train_runs\20260710_083903_smoke\lstm\bandwidth_lstm_none.pkl
📦 Best model saved to: C:\Users\Nima\PointCloudStreaming\logs\train_runs\20260710_083903_smoke\lstm\bandwidth_lstm_none_best.pkl
🧾 Split metadata saved to: C:\Users\Nima\PointCloudStreaming\logs\train_runs\20260710_083903_smoke\lstm\bandwidth_lstm_none_split.json

Next steps:
  1. Run the system with LSTM prediction:
     python3 run_lstm.py
  2. Or compare with baseline (no LSTM):
     python3 run.py
  3. Use a test-only simulation trace from:
     C:\Users\Nima\PointCloudStreaming\logs\train_runs\20260710_083903_smoke\lstm\bandwidth_lstm_none_split.json -> test_files
================================================================================
