# C:\Users\Nima\AppData\Local\Programs\Python\Python313\python.exe -u gen_lstm_dataset.py --offsets 8 --segment-frames 8
  driving_B_2019.12.16_11.49.59__fixed1__off0.csv: 38 samples (mean 12.43 Mbps)
  driving_B_2019.12.16_11.49.59__fixed3__off0.csv: 38 samples (mean 6.45 Mbps)
  driving_B_2019.12.16_11.49.59__fixed5__off0.csv: 38 samples (mean 1.61 Mbps)
  driving_B_2019.12.16_11.49.59__bandwidth__off0.csv: 38 samples (mean 1.59 Mbps)
  driving_B_2019.12.16_11.49.59__fixed1__off50.csv: 38 samples (mean 14.51 Mbps)
  driving_B_2019.12.16_11.49.59__fixed3__off50.csv: 38 samples (mean 11.64 Mbps)
  driving_B_2019.12.16_11.49.59__fixed5__off50.csv: 38 samples (mean 3.39 Mbps)
  driving_B_2019.12.16_11.49.59__bandwidth__off50.csv: 38 samples (mean 3.35 Mbps)
  driving_B_2019.12.16_11.49.59__fixed1__off99.csv: 38 samples (mean 14.39 Mbps)
  driving_B_2019.12.16_11.49.59__fixed3__off99.csv: 38 samples (mean 14.08 Mbps)
  driving_B_2019.12.16_11.49.59__fixed5__off99.csv: 38 samples (mean 3.35 Mbps)
  driving_B_2019.12.16_11.49.59__bandwidth__off99.csv: 38 samples (mean 3.35 Mbps)
  driving_B_2019.12.16_11.49.59__fixed1__off149.csv: 38 samples (mean 7.50 Mbps)
  driving_B_2019.12.16_11.49.59__fixed3__off149.csv: 38 samples (mean 8.45 Mbps)
  driving_B_2019.12.16_11.49.59__fixed5__off149.csv: 38 samples (mean 3.35 Mbps)
  driving_B_2019.12.16_11.49.59__bandwidth__off149.csv: 38 samples (mean 3.31 Mbps)
  driving_B_2019.12.16_11.49.59__fixed1__off198.csv: 38 samples (mean 6.35 Mbps)
  driving_B_2019.12.16_11.49.59__fixed3__off198.csv: 38 samples (mean 7.73 Mbps)
  driving_B_2019.12.16_11.49.59__fixed5__off198.csv: 38 samples (mean 3.40 Mbps)
  driving_B_2019.12.16_11.49.59__bandwidth__off198.csv: 38 samples (mean 3.33 Mbps)
  driving_B_2019.12.16_11.49.59__fixed1__off248.csv: 38 samples (mean 7.96 Mbps)
  driving_B_2019.12.16_11.49.59__fixed3__off248.csv: 38 samples (mean 3.74 Mbps)
  driving_B_2019.12.16_11.49.59__fixed5__off248.csv: 38 samples (mean 2.67 Mbps)
  driving_B_2019.12.16_11.49.59__bandwidth__off248.csv: 38 samples (mean 2.73 Mbps)
  driving_B_2019.12.16_11.49.59__fixed1__off277.csv: 38 samples (mean 9.80 Mbps)
  driving_B_2019.12.16_11.49.59__fixed3__off277.csv: 38 samples (mean 4.93 Mbps)
  driving_B_2019.12.16_11.49.59__fixed5__off277.csv: 38 samples (mean 2.46 Mbps)
  driving_B_2019.12.16_11.49.59__bandwidth__off277.csv: 38 samples (mean 2.42 Mbps)
  driving_B_2019.12.16_12.27.05__fixed1__off0.csv: 38 samples (mean 18.22 Mbps)
  driving_B_2019.12.16_12.27.05__fixed3__off0.csv: 38 samples (mean 16.19 Mbps)
  driving_B_2019.12.16_12.27.05__fixed5__off0.csv: 38 samples (mean 3.33 Mbps)
  driving_B_2019.12.16_12.27.05__bandwidth__off0.csv: 38 samples (mean 3.32 Mbps)
  driving_B_2019.12.16_12.27.05__fixed1__off159.csv: 38 samples (mean 12.16 Mbps)
  driving_B_2019.12.16_12.27.05__fixed3__off159.csv: 38 samples (mean 11.60 Mbps)
  driving_B_2019.12.16_12.27.05__fixed5__off159.csv: 38 samples (mean 3.33 Mbps)
  driving_B_2019.12.16_12.27.05__bandwidth__off159.csv: 38 samples (mean 3.28 Mbps)
  driving_B_2019.12.16_12.27.05__fixed1__off318.csv: 38 samples (mean 11.69 Mbps)
  driving_B_2019.12.16_12.27.05__fixed3__off318.csv: 38 samples (mean 6.42 Mbps)
  driving_B_2019.12.16_12.27.05__fixed5__off318.csv: 38 samples (mean 2.25 Mbps)
  driving_B_2019.12.16_12.27.05__bandwidth__off318.csv: 38 samples (mean 2.27 Mbps)
  driving_B_2019.12.16_12.27.05__fixed1__off477.csv: 38 samples (mean 6.52 Mbps)
  driving_B_2019.12.16_12.27.05__fixed3__off477.csv: 38 samples (mean 6.89 Mbps)
  driving_B_2019.12.16_12.27.05__fixed5__off477.csv: 38 samples (mean 3.37 Mbps)
  driving_B_2019.12.16_12.27.05__bandwidth__off477.csv: 38 samples (mean 3.31 Mbps)
  driving_B_2019.12.16_12.27.05__fixed1__off636.csv: 38 samples (mean 56.22 Mbps)
  driving_B_2019.12.16_12.27.05__fixed3__off636.csv: 38 samples (mean 5.19 Mbps)
  driving_B_2019.12.16_12.27.05__fixed5__off636.csv: 38 samples (mean 1.19 Mbps)
  driving_B_2019.12.16_12.27.05__bandwidth__off636.csv: 38 samples (mean 1.26 Mbps)
  driving_B_2019.12.16_12.27.05__fixed1__off795.csv: 38 samples (mean 18.02 Mbps)
  driving_B_2019.12.16_12.27.05__fixed3__off795.csv: 38 samples (mean 15.12 Mbps)
  driving_B_2019.12.16_12.27.05__fixed5__off795.csv: 38 samples (mean 3.35 Mbps)
  driving_B_2019.12.16_12.27.05__bandwidth__off795.csv: 38 samples (mean 3.30 Mbps)
  driving_B_2019.12.16_12.27.05__fixed1__off954.csv: 38 samples (mean 45.25 Mbps)
  driving_B_2019.12.16_12.27.05__fixed3__off954.csv: 38 samples (mean 52.32 Mbps)
  driving_B_2019.12.16_12.27.05__fixed5__off954.csv: 38 samples (mean 3.33 Mbps)
  driving_B_2019.12.16_12.27.05__bandwidth__off954.csv: 38 samples (mean 3.38 Mbps)
  driving_B_2019.12.16_12.27.05__fixed1__off1113.csv: 38 samples (mean 27.97 Mbps)
  driving_B_2019.12.16_12.27.05__fixed3__off1113.csv: 38 samples (mean 13.55 Mbps)
  driving_B_2019.12.16_12.27.05__fixed5__off1113.csv: 38 samples (mean 3.33 Mbps)
  driving_B_2019.12.16_12.27.05__bandwidth__off1113.csv: 38 samples (mean 3.30 Mbps)
  driving_B_2019.12.16_14.23.32__fixed1__off0.csv: 38 samples (mean 119.90 Mbps)
  driving_B_2019.12.16_14.23.32__fixed3__off0.csv: 38 samples (mean 52.72 Mbps)
  driving_B_2019.12.16_14.23.32__fixed5__off0.csv: 38 samples (mean 3.33 Mbps)
  driving_B_2019.12.16_14.23.32__bandwidth__off0.csv: 38 samples (mean 3.23 Mbps)
  driving_B_2019.12.16_14.23.32__fixed1__off342.csv: 38 samples (mean 142.18 Mbps)
  driving_B_2019.12.16_14.23.32__fixed3__off342.csv: 38 samples (mean 51.44 Mbps)
  driving_B_2019.12.16_14.23.32__fixed5__off342.csv: 38 samples (mean 3.35 Mbps)
  driving_B_2019.12.16_14.23.32__bandwidth__off342.csv: 38 samples (mean 3.35 Mbps)
  driving_B_2019.12.16_14.23.32__fixed1__off684.csv: 38 samples (mean 70.91 Mbps)
  driving_B_2019.12.16_14.23.32__fixed3__off684.csv: 38 samples (mean 18.49 Mbps)
  driving_B_2019.12.16_14.23.32__fixed5__off684.csv: 38 samples (mean 3.35 Mbps)
  driving_B_2019.12.16_14.23.32__bandwidth__off684.csv: 38 samples (mean 3.26 Mbps)
  driving_B_2019.12.16_14.23.32__fixed1__off1026.csv: 38 samples (mean 19.52 Mbps)
  driving_B_2019.12.16_14.23.32__fixed3__off1026.csv: 38 samples (mean 21.64 Mbps)
  driving_B_2019.12.16_14.23.32__fixed5__off1026.csv: 38 samples (mean 3.35 Mbps)
  driving_B_2019.12.16_14.23.32__bandwidth__off1026.csv: 38 samples (mean 3.36 Mbps)
  driving_B_2019.12.16_14.23.32__fixed1__off1368.csv: 38 samples (mean 80.74 Mbps)
  driving_B_2019.12.16_14.23.32__fixed3__off1368.csv: 38 samples (mean 51.49 Mbps)
  driving_B_2019.12.16_14.23.32__fixed5__off1368.csv: 38 samples (mean 3.39 Mbps)
  driving_B_2019.12.16_14.23.32__bandwidth__off1368.csv: 38 samples (mean 3.38 Mbps)
  driving_B_2019.12.16_14.23.32__fixed1__off1710.csv: 38 samples (mean 4.63 Mbps)
  driving_B_2019.12.16_14.23.32__fixed3__off1710.csv: 38 samples (mean 7.42 Mbps)
  driving_B_2019.12.16_14.23.32__fixed5__off1710.csv: 38 samples (mean 3.37 Mbps)
  driving_B_2019.12.16_14.23.32__bandwidth__off1710.csv: 38 samples (mean 3.38 Mbps)
  driving_B_2019.12.16_14.23.32__fixed1__off2052.csv: 38 samples (mean 50.88 Mbps)
  driving_B_2019.12.16_14.23.32__fixed3__off2052.csv: 38 samples (mean 32.89 Mbps)
  driving_B_2019.12.16_14.23.32__fixed5__off2052.csv: 38 samples (mean 3.28 Mbps)
  driving_B_2019.12.16_14.23.32__bandwidth__off2052.csv: 38 samples (mean 3.40 Mbps)
  driving_B_2019.12.16_14.23.32__fixed1__off2394.csv: 38 samples (mean 16.33 Mbps)
  driving_B_2019.12.16_14.23.32__fixed3__off2394.csv: 38 samples (mean 13.41 Mbps)
  driving_B_2019.12.16_14.23.32__fixed5__off2394.csv: 38 samples (mean 3.38 Mbps)
  driving_B_2019.12.16_14.23.32__bandwidth__off2394.csv: 38 samples (mean 3.29 Mbps)
  driving_B_2019.12.17_07.32.39__fixed1__off0.csv: 38 samples (mean 15.92 Mbps)
  driving_B_2019.12.17_07.32.39__fixed3__off0.csv: 38 samples (mean 13.13 Mbps)
  driving_B_2019.12.17_07.32.39__fixed5__off0.csv: 38 samples (mean 3.33 Mbps)
  driving_B_2019.12.17_07.32.39__bandwidth__off0.csv: 38 samples (mean 3.29 Mbps)
  driving_B_2019.12.17_07.32.39__fixed1__off301.csv: 38 samples (mean 14.32 Mbps)
  driving_B_2019.12.17_07.32.39__fixed3__off301.csv: 38 samples (mean 11.58 Mbps)
  driving_B_2019.12.17_07.32.39__fixed5__off301.csv: 38 samples (mean 3.37 Mbps)
  driving_B_2019.12.17_07.32.39__bandwidth__off301.csv: 38 samples (mean 3.37 Mbps)
  driving_B_2019.12.17_07.32.39__fixed1__off602.csv: 38 samples (mean 17.48 Mbps)
  driving_B_2019.12.17_07.32.39__fixed3__off602.csv: 38 samples (mean 20.57 Mbps)
  driving_B_2019.12.17_07.32.39__fixed5__off602.csv: 38 samples (mean 3.31 Mbps)
  driving_B_2019.12.17_07.32.39__bandwidth__off602.csv: 38 samples (mean 3.33 Mbps)
  driving_B_2019.12.17_07.32.39__fixed1__off903.csv: 38 samples (mean 8.10 Mbps)
  driving_B_2019.12.17_07.32.39__fixed3__off903.csv: 38 samples (mean 8.60 Mbps)
  driving_B_2019.12.17_07.32.39__fixed5__off903.csv: 38 samples (mean 3.33 Mbps)
  driving_B_2019.12.17_07.32.39__bandwidth__off903.csv: 38 samples (mean 3.28 Mbps)
  driving_B_2019.12.17_07.32.39__fixed1__off1204.csv: 38 samples (mean 69.82 Mbps)
  driving_B_2019.12.17_07.32.39__fixed3__off1204.csv: 38 samples (mean 11.46 Mbps)
  driving_B_2019.12.17_07.32.39__fixed5__off1204.csv: 38 samples (mean 3.41 Mbps)
  driving_B_2019.12.17_07.32.39__bandwidth__off1204.csv: 38 samples (mean 3.34 Mbps)
  driving_B_2019.12.17_07.32.39__fixed1__off1505.csv: 38 samples (mean 12.54 Mbps)
  driving_B_2019.12.17_07.32.39__fixed3__off1505.csv: 38 samples (mean 7.71 Mbps)
  driving_B_2019.12.17_07.32.39__fixed5__off1505.csv: 38 samples (mean 3.15 Mbps)
  driving_B_2019.12.17_07.32.39__bandwidth__off1505.csv: 38 samples (mean 3.17 Mbps)
  driving_B_2019.12.17_07.32.39__fixed1__off1806.csv: 38 samples (mean 9.76 Mbps)
  driving_B_2019.12.17_07.32.39__fixed3__off1806.csv: 38 samples (mean 6.11 Mbps)
  driving_B_2019.12.17_07.32.39__fixed5__off1806.csv: 38 samples (mean 2.60 Mbps)
  driving_B_2019.12.17_07.32.39__bandwidth__off1806.csv: 38 samples (mean 2.54 Mbps)
  driving_B_2019.12.17_07.32.39__fixed1__off2107.csv: 38 samples (mean 106.66 Mbps)
  driving_B_2019.12.17_07.32.39__fixed3__off2107.csv: 38 samples (mean 52.71 Mbps)
  driving_B_2019.12.17_07.32.39__fixed5__off2107.csv: 38 samples (mean 3.36 Mbps)
  driving_B_2019.12.17_07.32.39__bandwidth__off2107.csv: 38 samples (mean 3.41 Mbps)
  driving_B_2020.01.16_07.26.43__fixed1__off0.csv: 38 samples (mean 11.92 Mbps)
  driving_B_2020.01.16_07.26.43__fixed3__off0.csv: 38 samples (mean 10.30 Mbps)
  driving_B_2020.01.16_07.26.43__fixed5__off0.csv: 38 samples (mean 3.36 Mbps)
  driving_B_2020.01.16_07.26.43__bandwidth__off0.csv: 38 samples (mean 3.28 Mbps)
  driving_B_2020.01.16_07.26.43__fixed1__off236.csv: 38 samples (mean 16.32 Mbps)
  driving_B_2020.01.16_07.26.43__fixed3__off236.csv: 38 samples (mean 11.77 Mbps)
  driving_B_2020.01.16_07.26.43__fixed5__off236.csv: 38 samples (mean 3.39 Mbps)
  driving_B_2020.01.16_07.26.43__bandwidth__off236.csv: 38 samples (mean 3.43 Mbps)
  driving_B_2020.01.16_07.26.43__fixed1__off472.csv: 38 samples (mean 8.64 Mbps)
  driving_B_2020.01.16_07.26.43__fixed3__off472.csv: 38 samples (mean 6.38 Mbps)
  driving_B_2020.01.16_07.26.43__fixed5__off472.csv: 38 samples (mean 2.72 Mbps)
  driving_B_2020.01.16_07.26.43__bandwidth__off472.csv: 38 samples (mean 2.67 Mbps)
  driving_B_2020.01.16_07.26.43__fixed1__off709.csv: 38 samples (mean 17.01 Mbps)
  driving_B_2020.01.16_07.26.43__fixed3__off709.csv: 38 samples (mean 14.42 Mbps)
  driving_B_2020.01.16_07.26.43__fixed5__off709.csv: 38 samples (mean 2.35 Mbps)
  driving_B_2020.01.16_07.26.43__bandwidth__off709.csv: 38 samples (mean 2.50 Mbps)
  driving_B_2020.01.16_07.26.43__fixed1__off945.csv: 38 samples (mean 10.96 Mbps)
  driving_B_2020.01.16_07.26.43__fixed3__off945.csv: 38 samples (mean 6.42 Mbps)
  driving_B_2020.01.16_07.26.43__fixed5__off945.csv: 38 samples (mean 3.37 Mbps)
  driving_B_2020.01.16_07.26.43__bandwidth__off945.csv: 38 samples (mean 3.32 Mbps)
  driving_B_2020.01.16_07.26.43__fixed1__off1181.csv: 38 samples (mean 9.91 Mbps)
  driving_B_2020.01.16_07.26.43__fixed3__off1181.csv: 38 samples (mean 10.36 Mbps)
  driving_B_2020.01.16_07.26.43__fixed5__off1181.csv: 38 samples (mean 2.82 Mbps)
  driving_B_2020.01.16_07.26.43__bandwidth__off1181.csv: 38 samples (mean 2.84 Mbps)
  driving_B_2020.01.16_07.26.43__fixed1__off1418.csv: 38 samples (mean 7.29 Mbps)
  driving_B_2020.01.16_07.26.43__fixed3__off1418.csv: 38 samples (mean 7.41 Mbps)
  driving_B_2020.01.16_07.26.43__fixed5__off1418.csv: 38 samples (mean 3.38 Mbps)
  driving_B_2020.01.16_07.26.43__bandwidth__off1418.csv: 38 samples (mean 3.38 Mbps)
  driving_B_2020.01.16_07.26.43__fixed1__off1654.csv: 38 samples (mean 9.22 Mbps)
  driving_B_2020.01.16_07.26.43__fixed3__off1654.csv: 38 samples (mean 10.16 Mbps)
  driving_B_2020.01.16_07.26.43__fixed5__off1654.csv: 38 samples (mean 3.32 Mbps)
  driving_B_2020.01.16_07.26.43__bandwidth__off1654.csv: 38 samples (mean 3.41 Mbps)
  driving_B_2020.01.16_09.56.56__fixed1__off0.csv: 38 samples (mean 14.85 Mbps)
  driving_B_2020.01.16_09.56.56__fixed3__off0.csv: 38 samples (mean 13.77 Mbps)
  driving_B_2020.01.16_09.56.56__fixed5__off0.csv: 38 samples (mean 3.29 Mbps)
  driving_B_2020.01.16_09.56.56__bandwidth__off0.csv: 38 samples (mean 3.27 Mbps)
  driving_B_2020.01.16_09.56.56__fixed1__off211.csv: 38 samples (mean 28.35 Mbps)
  driving_B_2020.01.16_09.56.56__fixed3__off211.csv: 38 samples (mean 26.42 Mbps)
  driving_B_2020.01.16_09.56.56__fixed5__off211.csv: 38 samples (mean 3.32 Mbps)
  driving_B_2020.01.16_09.56.56__bandwidth__off211.csv: 38 samples (mean 3.32 Mbps)
  driving_B_2020.01.16_09.56.56__fixed1__off422.csv: 38 samples (mean 27.12 Mbps)
  driving_B_2020.01.16_09.56.56__fixed3__off422.csv: 38 samples (mean 8.47 Mbps)
  driving_B_2020.01.16_09.56.56__fixed5__off422.csv: 38 samples (mean 3.39 Mbps)
  driving_B_2020.01.16_09.56.56__bandwidth__off422.csv: 38 samples (mean 3.40 Mbps)
  driving_B_2020.01.16_09.56.56__fixed1__off634.csv: 38 samples (mean 201.78 Mbps)
  driving_B_2020.01.16_09.56.56__fixed3__off634.csv: 38 samples (mean 28.18 Mbps)
  driving_B_2020.01.16_09.56.56__fixed5__off634.csv: 38 samples (mean 3.38 Mbps)
  driving_B_2020.01.16_09.56.56__bandwidth__off634.csv: 38 samples (mean 3.30 Mbps)
  driving_B_2020.01.16_09.56.56__fixed1__off845.csv: 38 samples (mean 13.70 Mbps)
  driving_B_2020.01.16_09.56.56__fixed3__off845.csv: 38 samples (mean 7.62 Mbps)
  driving_B_2020.01.16_09.56.56__fixed5__off845.csv: 38 samples (mean 3.38 Mbps)
  driving_B_2020.01.16_09.56.56__bandwidth__off845.csv: 38 samples (mean 3.32 Mbps)
  driving_B_2020.01.16_09.56.56__fixed1__off1056.csv: 38 samples (mean 11.79 Mbps)
  driving_B_2020.01.16_09.56.56__fixed3__off1056.csv: 38 samples (mean 10.01 Mbps)
  driving_B_2020.01.16_09.56.56__fixed5__off1056.csv: 38 samples (mean 3.36 Mbps)
  driving_B_2020.01.16_09.56.56__bandwidth__off1056.csv: 38 samples (mean 3.39 Mbps)
  driving_B_2020.01.16_09.56.56__fixed1__off1268.csv: 38 samples (mean 37.13 Mbps)
  driving_B_2020.01.16_09.56.56__fixed3__off1268.csv: 38 samples (mean 17.66 Mbps)
  driving_B_2020.01.16_09.56.56__fixed5__off1268.csv: 38 samples (mean 3.36 Mbps)
  driving_B_2020.01.16_09.56.56__bandwidth__off1268.csv: 38 samples (mean 3.33 Mbps)
  driving_B_2020.01.16_09.56.56__fixed1__off1479.csv: 38 samples (mean 101.20 Mbps)
  driving_B_2020.01.16_09.56.56__fixed3__off1479.csv: 38 samples (mean 52.02 Mbps)
  driving_B_2020.01.16_09.56.56__fixed5__off1479.csv: 38 samples (mean 3.35 Mbps)
  driving_B_2020.01.16_09.56.56__bandwidth__off1479.csv: 38 samples (mean 3.36 Mbps)
  driving_B_2020.01.16_12.10.03__fixed1__off0.csv: 38 samples (mean 155.63 Mbps)
  driving_B_2020.01.16_12.10.03__fixed3__off0.csv: 38 samples (mean 51.70 Mbps)
  driving_B_2020.01.16_12.10.03__fixed5__off0.csv: 38 samples (mean 3.29 Mbps)
  driving_B_2020.01.16_12.10.03__bandwidth__off0.csv: 38 samples (mean 3.36 Mbps)
  driving_B_2020.01.16_12.10.03__fixed1__off46.csv: 38 samples (mean 122.17 Mbps)
  driving_B_2020.01.16_12.10.03__fixed3__off46.csv: 38 samples (mean 41.10 Mbps)
  driving_B_2020.01.16_12.10.03__fixed5__off46.csv: 38 samples (mean 3.33 Mbps)
  driving_B_2020.01.16_12.10.03__bandwidth__off46.csv: 38 samples (mean 3.39 Mbps)
  driving_B_2020.01.16_12.10.03__fixed1__off91.csv: 38 samples (mean 136.05 Mbps)
  driving_B_2020.01.16_12.10.03__fixed3__off91.csv: 38 samples (mean 51.29 Mbps)
  driving_B_2020.01.16_12.10.03__fixed5__off91.csv: 38 samples (mean 3.39 Mbps)
  driving_B_2020.01.16_12.10.03__bandwidth__off91.csv: 38 samples (mean 3.36 Mbps)
  driving_B_2020.01.16_12.10.03__fixed1__off136.csv: 38 samples (mean 110.39 Mbps)
  driving_B_2020.01.16_12.10.03__fixed3__off136.csv: 38 samples (mean 51.10 Mbps)
  driving_B_2020.01.16_12.10.03__fixed5__off136.csv: 38 samples (mean 3.39 Mbps)
  driving_B_2020.01.16_12.10.03__bandwidth__off136.csv: 38 samples (mean 3.33 Mbps)
  driving_B_2020.01.16_12.10.03__fixed1__off182.csv: 38 samples (mean 89.05 Mbps)
  driving_B_2020.01.16_12.10.03__fixed3__off182.csv: 38 samples (mean 51.42 Mbps)
  driving_B_2020.01.16_12.10.03__fixed5__off182.csv: 38 samples (mean 3.34 Mbps)
  driving_B_2020.01.16_12.10.03__bandwidth__off182.csv: 38 samples (mean 3.43 Mbps)
  driving_B_2020.01.16_12.10.03__fixed1__off228.csv: 38 samples (mean 118.84 Mbps)
  driving_B_2020.01.16_12.10.03__fixed3__off228.csv: 38 samples (mean 45.88 Mbps)
  driving_B_2020.01.16_12.10.03__fixed5__off228.csv: 38 samples (mean 3.36 Mbps)
  driving_B_2020.01.16_12.10.03__bandwidth__off228.csv: 38 samples (mean 3.41 Mbps)
  driving_B_2020.01.16_12.10.03__fixed1__off244.csv: 38 samples (mean 87.50 Mbps)
  driving_B_2020.01.16_12.10.03__fixed3__off244.csv: 38 samples (mean 53.41 Mbps)
  driving_B_2020.01.16_12.10.03__fixed5__off244.csv: 38 samples (mean 3.30 Mbps)
  driving_B_2020.01.16_12.10.03__bandwidth__off244.csv: 38 samples (mean 3.36 Mbps)
  driving_B_2020.02.13_13.03.24__fixed1__off0.csv: 38 samples (mean 9.78 Mbps)
  driving_B_2020.02.13_13.03.24__fixed3__off0.csv: 38 samples (mean 10.43 Mbps)
  driving_B_2020.02.13_13.03.24__fixed5__off0.csv: 38 samples (mean 2.72 Mbps)
  driving_B_2020.02.13_13.03.24__bandwidth__off0.csv: 38 samples (mean 2.77 Mbps)
  driving_B_2020.02.13_13.03.24__fixed1__off288.csv: 38 samples (mean 12.60 Mbps)
  driving_B_2020.02.13_13.03.24__fixed3__off288.csv: 38 samples (mean 11.09 Mbps)
  driving_B_2020.02.13_13.03.24__fixed5__off288.csv: 38 samples (mean 3.36 Mbps)
  driving_B_2020.02.13_13.03.24__bandwidth__off288.csv: 38 samples (mean 3.38 Mbps)
  driving_B_2020.02.13_13.03.24__fixed1__off577.csv: 38 samples (mean 8.53 Mbps)
  driving_B_2020.02.13_13.03.24__fixed3__off577.csv: 38 samples (mean 7.20 Mbps)
  driving_B_2020.02.13_13.03.24__fixed5__off577.csv: 38 samples (mean 3.37 Mbps)
  driving_B_2020.02.13_13.03.24__bandwidth__off577.csv: 38 samples (mean 3.38 Mbps)
  driving_B_2020.02.13_13.03.24__fixed1__off866.csv: 38 samples (mean 6.16 Mbps)
  driving_B_2020.02.13_13.03.24__fixed3__off866.csv: 38 samples (mean 5.86 Mbps)
  driving_B_2020.02.13_13.03.24__fixed5__off866.csv: 38 samples (mean 3.32 Mbps)
  driving_B_2020.02.13_13.03.24__bandwidth__off866.csv: 38 samples (mean 3.35 Mbps)
  driving_B_2020.02.13_13.03.24__fixed1__off1154.csv: 38 samples (mean 7.78 Mbps)
  driving_B_2020.02.13_13.03.24__fixed3__off1154.csv: 38 samples (mean 7.03 Mbps)
  driving_B_2020.02.13_13.03.24__fixed5__off1154.csv: 38 samples (mean 3.36 Mbps)
  driving_B_2020.02.13_13.03.24__bandwidth__off1154.csv: 38 samples (mean 3.35 Mbps)
  driving_B_2020.02.13_13.03.24__fixed1__off1442.csv: 38 samples (mean 44.74 Mbps)
  driving_B_2020.02.13_13.03.24__fixed3__off1442.csv: 38 samples (mean 7.99 Mbps)
  driving_B_2020.02.13_13.03.24__fixed5__off1442.csv: 38 samples (mean 3.34 Mbps)
  driving_B_2020.02.13_13.03.24__bandwidth__off1442.csv: 38 samples (mean 3.32 Mbps)
  driving_B_2020.02.13_13.03.24__fixed1__off1731.csv: 38 samples (mean 72.40 Mbps)
  driving_B_2020.02.13_13.03.24__fixed3__off1731.csv: 38 samples (mean 20.87 Mbps)
  driving_B_2020.02.13_13.03.24__fixed5__off1731.csv: 38 samples (mean 3.32 Mbps)
  driving_B_2020.02.13_13.03.24__bandwidth__off1731.csv: 38 samples (mean 3.32 Mbps)
  driving_B_2020.02.13_13.03.24__fixed1__off2020.csv: 38 samples (mean 4.30 Mbps)
  driving_B_2020.02.13_13.03.24__fixed3__off2020.csv: 38 samples (mean 5.52 Mbps)
  driving_B_2020.02.13_13.03.24__fixed5__off2020.csv: 38 samples (mean 3.20 Mbps)
  driving_B_2020.02.13_13.03.24__bandwidth__off2020.csv: 38 samples (mean 3.16 Mbps)
  driving_B_2020.02.13_15.02.01__fixed1__off0.csv: 38 samples (mean 75.75 Mbps)
  driving_B_2020.02.13_15.02.01__fixed3__off0.csv: 38 samples (mean 50.79 Mbps)
  driving_B_2020.02.13_15.02.01__fixed5__off0.csv: 38 samples (mean 3.40 Mbps)
  driving_B_2020.02.13_15.02.01__bandwidth__off0.csv: 38 samples (mean 3.35 Mbps)
  driving_B_2020.02.13_15.02.01__fixed1__off359.csv: 38 samples (mean 115.86 Mbps)
  driving_B_2020.02.13_15.02.01__fixed3__off359.csv: 38 samples (mean 52.10 Mbps)
  driving_B_2020.02.13_15.02.01__fixed5__off359.csv: 38 samples (mean 3.34 Mbps)
  driving_B_2020.02.13_15.02.01__bandwidth__off359.csv: 38 samples (mean 3.35 Mbps)
  driving_B_2020.02.13_15.02.01__fixed1__off718.csv: 38 samples (mean 17.39 Mbps)
  driving_B_2020.02.13_15.02.01__fixed3__off718.csv: 38 samples (mean 10.31 Mbps)
  driving_B_2020.02.13_15.02.01__fixed5__off718.csv: 38 samples (mean 3.35 Mbps)
  driving_B_2020.02.13_15.02.01__bandwidth__off718.csv: 38 samples (mean 3.35 Mbps)
  driving_B_2020.02.13_15.02.01__fixed1__off1078.csv: 38 samples (mean 24.01 Mbps)
  driving_B_2020.02.13_15.02.01__fixed3__off1078.csv: 38 samples (mean 14.06 Mbps)
  driving_B_2020.02.13_15.02.01__fixed5__off1078.csv: 38 samples (mean 3.30 Mbps)
  driving_B_2020.02.13_15.02.01__bandwidth__off1078.csv: 38 samples (mean 3.34 Mbps)
  driving_B_2020.02.13_15.02.01__fixed1__off1437.csv: 38 samples (mean 6.99 Mbps)
  driving_B_2020.02.13_15.02.01__fixed3__off1437.csv: 38 samples (mean 6.85 Mbps)
  driving_B_2020.02.13_15.02.01__fixed5__off1437.csv: 38 samples (mean 3.38 Mbps)
  driving_B_2020.02.13_15.02.01__bandwidth__off1437.csv: 38 samples (mean 3.31 Mbps)
  driving_B_2020.02.13_15.02.01__fixed1__off1796.csv: 38 samples (mean 95.34 Mbps)
  driving_B_2020.02.13_15.02.01__fixed3__off1796.csv: 38 samples (mean 52.11 Mbps)
  driving_B_2020.02.13_15.02.01__fixed5__off1796.csv: 38 samples (mean 3.30 Mbps)
  driving_B_2020.02.13_15.02.01__bandwidth__off1796.csv: 38 samples (mean 3.37 Mbps)
  driving_B_2020.02.13_15.02.01__fixed1__off2156.csv: 38 samples (mean 98.69 Mbps)
  driving_B_2020.02.13_15.02.01__fixed3__off2156.csv: 38 samples (mean 51.92 Mbps)
  driving_B_2020.02.13_15.02.01__fixed5__off2156.csv: 38 samples (mean 3.29 Mbps)
  driving_B_2020.02.13_15.02.01__bandwidth__off2156.csv: 38 samples (mean 3.30 Mbps)
  driving_B_2020.02.13_15.02.01__fixed1__off2515.csv: 38 samples (mean 30.83 Mbps)
  driving_B_2020.02.13_15.02.01__fixed3__off2515.csv: 38 samples (mean 6.60 Mbps)
  driving_B_2020.02.13_15.02.01__fixed5__off2515.csv: 38 samples (mean 2.54 Mbps)
  driving_B_2020.02.13_15.02.01__bandwidth__off2515.csv: 38 samples (mean 2.30 Mbps)
  driving_B_2020.02.14_07.29.00__fixed1__off0.csv: 38 samples (mean 16.84 Mbps)
  driving_B_2020.02.14_07.29.00__fixed3__off0.csv: 38 samples (mean 15.10 Mbps)
  driving_B_2020.02.14_07.29.00__fixed5__off0.csv: 38 samples (mean 3.41 Mbps)
  driving_B_2020.02.14_07.29.00__bandwidth__off0.csv: 38 samples (mean 3.34 Mbps)
  driving_B_2020.02.14_07.29.00__fixed1__off261.csv: 38 samples (mean 48.54 Mbps)
  driving_B_2020.02.14_07.29.00__fixed3__off261.csv: 38 samples (mean 12.14 Mbps)
  driving_B_2020.02.14_07.29.00__fixed5__off261.csv: 38 samples (mean 3.39 Mbps)
  driving_B_2020.02.14_07.29.00__bandwidth__off261.csv: 38 samples (mean 3.30 Mbps)
  driving_B_2020.02.14_07.29.00__fixed1__off522.csv: 38 samples (mean 12.88 Mbps)
  driving_B_2020.02.14_07.29.00__fixed3__off522.csv: 38 samples (mean 11.37 Mbps)
  driving_B_2020.02.14_07.29.00__fixed5__off522.csv: 38 samples (mean 3.32 Mbps)
  driving_B_2020.02.14_07.29.00__bandwidth__off522.csv: 38 samples (mean 3.39 Mbps)
  driving_B_2020.02.14_07.29.00__fixed1__off784.csv: 38 samples (mean 14.53 Mbps)
  driving_B_2020.02.14_07.29.00__fixed3__off784.csv: 38 samples (mean 12.20 Mbps)
  driving_B_2020.02.14_07.29.00__fixed5__off784.csv: 38 samples (mean 3.37 Mbps)
  driving_B_2020.02.14_07.29.00__bandwidth__off784.csv: 38 samples (mean 3.34 Mbps)
  driving_B_2020.02.14_07.29.00__fixed1__off1045.csv: 38 samples (mean 61.78 Mbps)
  driving_B_2020.02.14_07.29.00__fixed3__off1045.csv: 38 samples (mean 10.20 Mbps)
  driving_B_2020.02.14_07.29.00__fixed5__off1045.csv: 38 samples (mean 3.08 Mbps)
  driving_B_2020.02.14_07.29.00__bandwidth__off1045.csv: 38 samples (mean 3.03 Mbps)
  driving_B_2020.02.14_07.29.00__fixed1__off1306.csv: 38 samples (mean 40.38 Mbps)
  driving_B_2020.02.14_07.29.00__fixed3__off1306.csv: 38 samples (mean 27.83 Mbps)
  driving_B_2020.02.14_07.29.00__fixed5__off1306.csv: 38 samples (mean 3.38 Mbps)
  driving_B_2020.02.14_07.29.00__bandwidth__off1306.csv: 38 samples (mean 3.32 Mbps)
  driving_B_2020.02.14_07.29.00__fixed1__off1568.csv: 38 samples (mean 41.71 Mbps)
  driving_B_2020.02.14_07.29.00__fixed3__off1568.csv: 38 samples (mean 11.35 Mbps)
  driving_B_2020.02.14_07.29.00__fixed5__off1568.csv: 38 samples (mean 2.25 Mbps)
  driving_B_2020.02.14_07.29.00__bandwidth__off1568.csv: 38 samples (mean 2.15 Mbps)
  driving_B_2020.02.14_07.29.00__fixed1__off1829.csv: 38 samples (mean 51.74 Mbps)
  driving_B_2020.02.14_07.29.00__fixed3__off1829.csv: 38 samples (mean 44.72 Mbps)
  driving_B_2020.02.14_07.29.00__fixed5__off1829.csv: 38 samples (mean 3.32 Mbps)
  driving_B_2020.02.14_07.29.00__bandwidth__off1829.csv: 38 samples (mean 3.42 Mbps)
  driving_B_2020.02.14_09.38.22__fixed1__off0.csv: 38 samples (mean 8.41 Mbps)
  driving_B_2020.02.14_09.38.22__fixed3__off0.csv: 38 samples (mean 6.19 Mbps)
  driving_B_2020.02.14_09.38.22__fixed5__off0.csv: 38 samples (mean 3.32 Mbps)
  driving_B_2020.02.14_09.38.22__bandwidth__off0.csv: 38 samples (mean 3.40 Mbps)
  driving_B_2020.02.14_09.38.22__fixed1__off200.csv: 38 samples (mean 4.94 Mbps)
  driving_B_2020.02.14_09.38.22__fixed3__off200.csv: 38 samples (mean 5.13 Mbps)
  driving_B_2020.02.14_09.38.22__fixed5__off200.csv: 38 samples (mean 2.22 Mbps)
  driving_B_2020.02.14_09.38.22__bandwidth__off200.csv: 38 samples (mean 2.27 Mbps)
  driving_B_2020.02.14_09.38.22__fixed1__off400.csv: 38 samples (mean 15.41 Mbps)
  driving_B_2020.02.14_09.38.22__fixed3__off400.csv: 38 samples (mean 5.51 Mbps)
  driving_B_2020.02.14_09.38.22__fixed5__off400.csv: 38 samples (mean 2.99 Mbps)
  driving_B_2020.02.14_09.38.22__bandwidth__off400.csv: 38 samples (mean 3.00 Mbps)
  driving_B_2020.02.14_09.38.22__fixed1__off599.csv: 38 samples (mean 102.00 Mbps)
  driving_B_2020.02.14_09.38.22__fixed3__off599.csv: 38 samples (mean 28.83 Mbps)
  driving_B_2020.02.14_09.38.22__fixed5__off599.csv: 38 samples (mean 3.34 Mbps)
  driving_B_2020.02.14_09.38.22__bandwidth__off599.csv: 38 samples (mean 3.33 Mbps)
  driving_B_2020.02.14_09.38.22__fixed1__off799.csv: 38 samples (mean 100.88 Mbps)
  driving_B_2020.02.14_09.38.22__fixed3__off799.csv: 38 samples (mean 7.77 Mbps)
  driving_B_2020.02.14_09.38.22__fixed5__off799.csv: 38 samples (mean 3.30 Mbps)
  driving_B_2020.02.14_09.38.22__bandwidth__off799.csv: 38 samples (mean 3.35 Mbps)
  driving_B_2020.02.14_09.38.22__fixed1__off999.csv: 38 samples (mean 13.88 Mbps)
  driving_B_2020.02.14_09.38.22__fixed3__off999.csv: 38 samples (mean 10.81 Mbps)
  driving_B_2020.02.14_09.38.22__fixed5__off999.csv: 38 samples (mean 1.61 Mbps)
  driving_B_2020.02.14_09.38.22__bandwidth__off999.csv: 38 samples (mean 1.56 Mbps)
  driving_B_2020.02.14_09.38.22__fixed1__off1198.csv: 38 samples (mean 35.93 Mbps)
  driving_B_2020.02.14_09.38.22__fixed3__off1198.csv: 38 samples (mean 6.62 Mbps)
  driving_B_2020.02.14_09.38.22__fixed5__off1198.csv: 38 samples (mean 2.37 Mbps)
  driving_B_2020.02.14_09.38.22__bandwidth__off1198.csv: 38 samples (mean 2.40 Mbps)
  driving_B_2020.02.14_09.38.22__fixed1__off1398.csv: 38 samples (mean 11.04 Mbps)
  driving_B_2020.02.14_09.38.22__fixed3__off1398.csv: 38 samples (mean 9.87 Mbps)
  driving_B_2020.02.14_09.38.22__fixed5__off1398.csv: 38 samples (mean 3.39 Mbps)
  driving_B_2020.02.14_09.38.22__bandwidth__off1398.csv: 38 samples (mean 3.40 Mbps)
  driving_B_2020.02.14_12.58.17__fixed1__off0.csv: 38 samples (mean 14.83 Mbps)
  driving_B_2020.02.14_12.58.17__fixed3__off0.csv: 38 samples (mean 10.11 Mbps)
  driving_B_2020.02.14_12.58.17__fixed5__off0.csv: 38 samples (mean 3.36 Mbps)
  driving_B_2020.02.14_12.58.17__bandwidth__off0.csv: 38 samples (mean 3.36 Mbps)
  driving_B_2020.02.14_12.58.17__fixed1__off115.csv: 38 samples (mean 10.47 Mbps)
  driving_B_2020.02.14_12.58.17__fixed3__off115.csv: 38 samples (mean 11.30 Mbps)
  driving_B_2020.02.14_12.58.17__fixed5__off115.csv: 38 samples (mean 2.07 Mbps)
  driving_B_2020.02.14_12.58.17__bandwidth__off115.csv: 38 samples (mean 1.99 Mbps)
  driving_B_2020.02.14_12.58.17__fixed1__off230.csv: 38 samples (mean 3.14 Mbps)
  driving_B_2020.02.14_12.58.17__fixed3__off230.csv: 38 samples (mean 1.77 Mbps)
  driving_B_2020.02.14_12.58.17__fixed5__off230.csv: 38 samples (mean 1.84 Mbps)
  driving_B_2020.02.14_12.58.17__bandwidth__off230.csv: 38 samples (mean 1.85 Mbps)
  driving_B_2020.02.14_12.58.17__fixed1__off345.csv: 38 samples (mean 4.78 Mbps)
  driving_B_2020.02.14_12.58.17__fixed3__off345.csv: 38 samples (mean 4.23 Mbps)
  driving_B_2020.02.14_12.58.17__fixed5__off345.csv: 38 samples (mean 1.59 Mbps)
  driving_B_2020.02.14_12.58.17__bandwidth__off345.csv: 38 samples (mean 1.61 Mbps)
  driving_B_2020.02.14_12.58.17__fixed1__off460.csv: 38 samples (mean 7.66 Mbps)
  driving_B_2020.02.14_12.58.17__fixed3__off460.csv: 38 samples (mean 3.34 Mbps)
  driving_B_2020.02.14_12.58.17__fixed5__off460.csv: 38 samples (mean 3.34 Mbps)
  driving_B_2020.02.14_12.58.17__bandwidth__off460.csv: 38 samples (mean 3.36 Mbps)
  driving_B_2020.02.14_12.58.17__fixed1__off575.csv: 38 samples (mean 11.77 Mbps)
  driving_B_2020.02.14_12.58.17__fixed3__off575.csv: 38 samples (mean 8.00 Mbps)
  driving_B_2020.02.14_12.58.17__fixed5__off575.csv: 38 samples (mean 3.18 Mbps)
  driving_B_2020.02.14_12.58.17__bandwidth__off575.csv: 38 samples (mean 3.21 Mbps)
  driving_B_2020.02.14_12.58.17__fixed1__off690.csv: 38 samples (mean 5.16 Mbps)
  driving_B_2020.02.14_12.58.17__fixed3__off690.csv: 38 samples (mean 4.46 Mbps)
  driving_B_2020.02.14_12.58.17__fixed5__off690.csv: 38 samples (mean 3.07 Mbps)
  driving_B_2020.02.14_12.58.17__bandwidth__off690.csv: 38 samples (mean 2.97 Mbps)
  driving_B_2020.02.14_12.58.17__fixed1__off800.csv: 38 samples (mean 4.86 Mbps)
  driving_B_2020.02.14_12.58.17__fixed3__off800.csv: 38 samples (mean 7.79 Mbps)
  driving_B_2020.02.14_12.58.17__fixed5__off800.csv: 38 samples (mean 3.38 Mbps)
  driving_B_2020.02.14_12.58.17__bandwidth__off800.csv: 38 samples (mean 3.34 Mbps)
  driving_B_2020.02.27_17.30.15__fixed1__off0.csv: 38 samples (mean 4.95 Mbps)
  driving_B_2020.02.27_17.30.15__fixed3__off0.csv: 38 samples (mean 5.62 Mbps)
  driving_B_2020.02.27_17.30.15__fixed5__off0.csv: 38 samples (mean 3.14 Mbps)
  driving_B_2020.02.27_17.30.15__bandwidth__off0.csv: 38 samples (mean 3.13 Mbps)
  driving_B_2020.02.27_17.30.15__fixed1__off105.csv: 38 samples (mean 3.87 Mbps)
  driving_B_2020.02.27_17.30.15__fixed3__off105.csv: 38 samples (mean 3.06 Mbps)
  driving_B_2020.02.27_17.30.15__fixed5__off105.csv: 38 samples (mean 1.38 Mbps)
  driving_B_2020.02.27_17.30.15__bandwidth__off105.csv: 38 samples (mean 1.38 Mbps)
  driving_B_2020.02.27_17.30.15__fixed1__off210.csv: 38 samples (mean 3.93 Mbps)
  driving_B_2020.02.27_17.30.15__fixed3__off210.csv: 38 samples (mean 2.30 Mbps)
  driving_B_2020.02.27_17.30.15__fixed5__off210.csv: 38 samples (mean 1.73 Mbps)
  driving_B_2020.02.27_17.30.15__bandwidth__off210.csv: 38 samples (mean 1.75 Mbps)
  driving_B_2020.02.27_17.30.15__fixed1__off315.csv: 38 samples (mean 4.33 Mbps)
  driving_B_2020.02.27_17.30.15__fixed3__off315.csv: 38 samples (mean 4.32 Mbps)
  driving_B_2020.02.27_17.30.15__fixed5__off315.csv: 38 samples (mean 0.63 Mbps)
  driving_B_2020.02.27_17.30.15__bandwidth__off315.csv: 38 samples (mean 0.62 Mbps)
  driving_B_2020.02.27_17.30.15__fixed1__off420.csv: 38 samples (mean 4.24 Mbps)
  driving_B_2020.02.27_17.30.15__fixed3__off420.csv: 38 samples (mean 2.19 Mbps)
  driving_B_2020.02.27_17.30.15__fixed5__off420.csv: 38 samples (mean 2.04 Mbps)
  driving_B_2020.02.27_17.30.15__bandwidth__off420.csv: 38 samples (mean 1.98 Mbps)
  driving_B_2020.02.27_17.30.15__fixed1__off525.csv: 38 samples (mean 4.53 Mbps)
  driving_B_2020.02.27_17.30.15__fixed3__off525.csv: 38 samples (mean 4.19 Mbps)
  driving_B_2020.02.27_17.30.15__fixed5__off525.csv: 38 samples (mean 1.50 Mbps)
  driving_B_2020.02.27_17.30.15__bandwidth__off525.csv: 38 samples (mean 1.52 Mbps)
  driving_B_2020.02.27_17.30.15__fixed1__off630.csv: 38 samples (mean 3.86 Mbps)
  driving_B_2020.02.27_17.30.15__fixed3__off630.csv: 38 samples (mean 3.51 Mbps)
  driving_B_2020.02.27_17.30.15__fixed5__off630.csv: 38 samples (mean 2.81 Mbps)
  driving_B_2020.02.27_17.30.15__bandwidth__off630.csv: 38 samples (mean 2.78 Mbps)
  driving_B_2020.02.27_17.30.15__fixed1__off720.csv: 38 samples (mean 2.68 Mbps)
  driving_B_2020.02.27_17.30.15__fixed3__off720.csv: 38 samples (mean 3.78 Mbps)
  driving_B_2020.02.27_17.30.15__fixed5__off720.csv: 38 samples (mean 3.03 Mbps)
  driving_B_2020.02.27_17.30.15__bandwidth__off720.csv: 38 samples (mean 3.03 Mbps)
  static_B_2019.12.16_13.40.04__fixed1__off0.csv: 38 samples (mean 104.37 Mbps)
  static_B_2019.12.16_13.40.04__fixed3__off0.csv: 38 samples (mean 31.40 Mbps)
  static_B_2019.12.16_13.40.04__fixed5__off0.csv: 38 samples (mean 3.01 Mbps)
  static_B_2019.12.16_13.40.04__bandwidth__off0.csv: 38 samples (mean 3.01 Mbps)
  static_B_2019.12.16_13.40.04__fixed1__off253.csv: 38 samples (mean 31.24 Mbps)
  static_B_2019.12.16_13.40.04__fixed3__off253.csv: 38 samples (mean 29.02 Mbps)
  static_B_2019.12.16_13.40.04__fixed5__off253.csv: 38 samples (mean 3.34 Mbps)
  static_B_2019.12.16_13.40.04__bandwidth__off253.csv: 38 samples (mean 3.42 Mbps)
  static_B_2019.12.16_13.40.04__fixed1__off506.csv: 38 samples (mean 84.91 Mbps)
  static_B_2019.12.16_13.40.04__fixed3__off506.csv: 38 samples (mean 46.64 Mbps)
  static_B_2019.12.16_13.40.04__fixed5__off506.csv: 38 samples (mean 2.50 Mbps)
  static_B_2019.12.16_13.40.04__bandwidth__off506.csv: 38 samples (mean 2.53 Mbps)
  static_B_2019.12.16_13.40.04__fixed1__off759.csv: 38 samples (mean 110.82 Mbps)
  static_B_2019.12.16_13.40.04__fixed3__off759.csv: 38 samples (mean 51.82 Mbps)
  static_B_2019.12.16_13.40.04__fixed5__off759.csv: 38 samples (mean 3.25 Mbps)
  static_B_2019.12.16_13.40.04__bandwidth__off759.csv: 38 samples (mean 3.28 Mbps)
  static_B_2019.12.16_13.40.04__fixed1__off1012.csv: 38 samples (mean 24.93 Mbps)
  static_B_2019.12.16_13.40.04__fixed3__off1012.csv: 38 samples (mean 12.79 Mbps)
  static_B_2019.12.16_13.40.04__fixed5__off1012.csv: 38 samples (mean 3.28 Mbps)
  static_B_2019.12.16_13.40.04__bandwidth__off1012.csv: 38 samples (mean 3.29 Mbps)
  static_B_2019.12.16_13.40.04__fixed1__off1265.csv: 38 samples (mean 22.77 Mbps)
  static_B_2019.12.16_13.40.04__fixed3__off1265.csv: 38 samples (mean 13.37 Mbps)
  static_B_2019.12.16_13.40.04__fixed5__off1265.csv: 38 samples (mean 3.31 Mbps)
  static_B_2019.12.16_13.40.04__bandwidth__off1265.csv: 38 samples (mean 3.31 Mbps)
  static_B_2019.12.16_13.40.04__fixed1__off1518.csv: 38 samples (mean 76.60 Mbps)
  static_B_2019.12.16_13.40.04__fixed3__off1518.csv: 38 samples (mean 44.21 Mbps)
  static_B_2019.12.16_13.40.04__fixed5__off1518.csv: 38 samples (mean 3.42 Mbps)
  static_B_2019.12.16_13.40.04__bandwidth__off1518.csv: 38 samples (mean 3.33 Mbps)
  static_B_2019.12.16_13.40.04__fixed1__off1771.csv: 38 samples (mean 37.90 Mbps)
  static_B_2019.12.16_13.40.04__fixed3__off1771.csv: 38 samples (mean 40.75 Mbps)
  static_B_2019.12.16_13.40.04__fixed5__off1771.csv: 38 samples (mean 3.39 Mbps)
  static_B_2019.12.16_13.40.04__bandwidth__off1771.csv: 38 samples (mean 3.31 Mbps)
  static_B_2020.02.13_13.57.29__fixed1__off0.csv: 38 samples (mean 69.22 Mbps)
  static_B_2020.02.13_13.57.29__fixed3__off0.csv: 38 samples (mean 16.14 Mbps)
  static_B_2020.02.13_13.57.29__fixed5__off0.csv: 38 samples (mean 3.31 Mbps)
  static_B_2020.02.13_13.57.29__bandwidth__off0.csv: 38 samples (mean 3.28 Mbps)
  static_B_2020.02.13_13.57.29__fixed1__off383.csv: 38 samples (mean 32.86 Mbps)
  static_B_2020.02.13_13.57.29__fixed3__off383.csv: 38 samples (mean 36.72 Mbps)
  static_B_2020.02.13_13.57.29__fixed5__off383.csv: 38 samples (mean 3.36 Mbps)
  static_B_2020.02.13_13.57.29__bandwidth__off383.csv: 38 samples (mean 3.42 Mbps)
  static_B_2020.02.13_13.57.29__fixed1__off766.csv: 38 samples (mean 32.95 Mbps)
  static_B_2020.02.13_13.57.29__fixed3__off766.csv: 38 samples (mean 11.04 Mbps)
  static_B_2020.02.13_13.57.29__fixed5__off766.csv: 38 samples (mean 2.79 Mbps)
  static_B_2020.02.13_13.57.29__bandwidth__off766.csv: 38 samples (mean 2.88 Mbps)
  static_B_2020.02.13_13.57.29__fixed1__off1149.csv: 38 samples (mean 36.10 Mbps)
  static_B_2020.02.13_13.57.29__fixed3__off1149.csv: 38 samples (mean 13.72 Mbps)
  static_B_2020.02.13_13.57.29__fixed5__off1149.csv: 38 samples (mean 3.31 Mbps)
  static_B_2020.02.13_13.57.29__bandwidth__off1149.csv: 38 samples (mean 3.33 Mbps)
  static_B_2020.02.13_13.57.29__fixed1__off1532.csv: 38 samples (mean 28.74 Mbps)
  static_B_2020.02.13_13.57.29__fixed3__off1532.csv: 38 samples (mean 10.30 Mbps)
  static_B_2020.02.13_13.57.29__fixed5__off1532.csv: 38 samples (mean 3.33 Mbps)
  static_B_2020.02.13_13.57.29__bandwidth__off1532.csv: 38 samples (mean 3.39 Mbps)
  static_B_2020.02.13_13.57.29__fixed1__off1916.csv: 38 samples (mean 51.55 Mbps)
  static_B_2020.02.13_13.57.29__fixed3__off1916.csv: 38 samples (mean 32.03 Mbps)
  static_B_2020.02.13_13.57.29__fixed5__off1916.csv: 38 samples (mean 3.39 Mbps)
  static_B_2020.02.13_13.57.29__bandwidth__off1916.csv: 38 samples (mean 3.41 Mbps)
  static_B_2020.02.13_13.57.29__fixed1__off2299.csv: 38 samples (mean 25.09 Mbps)
  static_B_2020.02.13_13.57.29__fixed3__off2299.csv: 38 samples (mean 26.54 Mbps)
  static_B_2020.02.13_13.57.29__fixed5__off2299.csv: 38 samples (mean 3.34 Mbps)
  static_B_2020.02.13_13.57.29__bandwidth__off2299.csv: 38 samples (mean 3.32 Mbps)
  static_B_2020.02.13_13.57.29__fixed1__off2682.csv: 38 samples (mean 48.16 Mbps)
  static_B_2020.02.13_13.57.29__fixed3__off2682.csv: 38 samples (mean 46.37 Mbps)
  static_B_2020.02.13_13.57.29__fixed5__off2682.csv: 38 samples (mean 3.35 Mbps)
  static_B_2020.02.13_13.57.29__bandwidth__off2682.csv: 38 samples (mean 3.35 Mbps)
  static_B_2020.02.14_13.21.26__fixed1__off0.csv: 38 samples (mean 19.12 Mbps)
  static_B_2020.02.14_13.21.26__fixed3__off0.csv: 38 samples (mean 18.15 Mbps)
  static_B_2020.02.14_13.21.26__fixed5__off0.csv: 38 samples (mean 3.40 Mbps)
  static_B_2020.02.14_13.21.26__bandwidth__off0.csv: 38 samples (mean 3.32 Mbps)
  static_B_2020.02.14_13.21.26__fixed1__off121.csv: 38 samples (mean 103.16 Mbps)
  static_B_2020.02.14_13.21.26__fixed3__off121.csv: 38 samples (mean 52.27 Mbps)
  static_B_2020.02.14_13.21.26__fixed5__off121.csv: 38 samples (mean 3.36 Mbps)
  static_B_2020.02.14_13.21.26__bandwidth__off121.csv: 38 samples (mean 3.35 Mbps)
  static_B_2020.02.14_13.21.26__fixed1__off242.csv: 38 samples (mean 99.71 Mbps)
  static_B_2020.02.14_13.21.26__fixed3__off242.csv: 38 samples (mean 51.82 Mbps)
  static_B_2020.02.14_13.21.26__fixed5__off242.csv: 38 samples (mean 3.33 Mbps)
  static_B_2020.02.14_13.21.26__bandwidth__off242.csv: 38 samples (mean 3.28 Mbps)
  static_B_2020.02.14_13.21.26__fixed1__off364.csv: 38 samples (mean 116.68 Mbps)
  static_B_2020.02.14_13.21.26__fixed3__off364.csv: 38 samples (mean 32.18 Mbps)
  static_B_2020.02.14_13.21.26__fixed5__off364.csv: 38 samples (mean 3.00 Mbps)
  static_B_2020.02.14_13.21.26__bandwidth__off364.csv: 38 samples (mean 2.90 Mbps)
  static_B_2020.02.14_13.21.26__fixed1__off485.csv: 38 samples (mean 103.54 Mbps)
  static_B_2020.02.14_13.21.26__fixed3__off485.csv: 38 samples (mean 47.27 Mbps)
  static_B_2020.02.14_13.21.26__fixed5__off485.csv: 38 samples (mean 3.34 Mbps)
  static_B_2020.02.14_13.21.26__bandwidth__off485.csv: 38 samples (mean 3.33 Mbps)
  static_B_2020.02.14_13.21.26__fixed1__off606.csv: 38 samples (mean 105.80 Mbps)
  static_B_2020.02.14_13.21.26__fixed3__off606.csv: 38 samples (mean 52.17 Mbps)
  static_B_2020.02.14_13.21.26__fixed5__off606.csv: 38 samples (mean 3.36 Mbps)
  static_B_2020.02.14_13.21.26__bandwidth__off606.csv: 38 samples (mean 3.33 Mbps)
  static_B_2020.02.14_13.21.26__fixed1__off728.csv: 38 samples (mean 96.97 Mbps)
  static_B_2020.02.14_13.21.26__fixed3__off728.csv: 38 samples (mean 52.12 Mbps)
  static_B_2020.02.14_13.21.26__fixed5__off728.csv: 38 samples (mean 3.37 Mbps)
  static_B_2020.02.14_13.21.26__bandwidth__off728.csv: 38 samples (mean 3.35 Mbps)
  static_B_2020.02.14_13.21.26__fixed1__off849.csv: 38 samples (mean 61.17 Mbps)
  static_B_2020.02.14_13.21.26__fixed3__off849.csv: 38 samples (mean 18.23 Mbps)
  static_B_2020.02.14_13.21.26__fixed5__off849.csv: 38 samples (mean 3.39 Mbps)
  static_B_2020.02.14_13.21.26__bandwidth__off849.csv: 38 samples (mean 3.33 Mbps)
  static_B_2020.02.27_18.39.27__fixed1__off0.csv: 38 samples (mean 122.79 Mbps)
  static_B_2020.02.27_18.39.27__fixed3__off0.csv: 38 samples (mean 51.73 Mbps)
  static_B_2020.02.27_18.39.27__fixed5__off0.csv: 38 samples (mean 3.03 Mbps)
  static_B_2020.02.27_18.39.27__bandwidth__off0.csv: 38 samples (mean 3.03 Mbps)
  static_B_2020.02.27_18.39.27__fixed1__off733.csv: 38 samples (mean 84.15 Mbps)
  static_B_2020.02.27_18.39.27__fixed3__off733.csv: 38 samples (mean 16.51 Mbps)
  static_B_2020.02.27_18.39.27__fixed5__off733.csv: 38 samples (mean 3.36 Mbps)
  static_B_2020.02.27_18.39.27__bandwidth__off733.csv: 38 samples (mean 3.44 Mbps)
  static_B_2020.02.27_18.39.27__fixed1__off1466.csv: 38 samples (mean 27.43 Mbps)
  static_B_2020.02.27_18.39.27__fixed3__off1466.csv: 38 samples (mean 20.34 Mbps)
  static_B_2020.02.27_18.39.27__fixed5__off1466.csv: 38 samples (mean 3.36 Mbps)
  static_B_2020.02.27_18.39.27__bandwidth__off1466.csv: 38 samples (mean 3.29 Mbps)
  static_B_2020.02.27_18.39.27__fixed1__off2198.csv: 38 samples (mean 69.96 Mbps)
  static_B_2020.02.27_18.39.27__fixed3__off2198.csv: 38 samples (mean 51.98 Mbps)
  static_B_2020.02.27_18.39.27__fixed5__off2198.csv: 38 samples (mean 3.39 Mbps)
  static_B_2020.02.27_18.39.27__bandwidth__off2198.csv: 38 samples (mean 3.36 Mbps)
  static_B_2020.02.27_18.39.27__fixed1__off2931.csv: 38 samples (mean 41.36 Mbps)
  static_B_2020.02.27_18.39.27__fixed3__off2931.csv: 38 samples (mean 25.43 Mbps)
  static_B_2020.02.27_18.39.27__fixed5__off2931.csv: 38 samples (mean 3.34 Mbps)
  static_B_2020.02.27_18.39.27__bandwidth__off2931.csv: 38 samples (mean 3.37 Mbps)
  static_B_2020.02.27_18.39.27__fixed1__off3664.csv: 38 samples (mean 178.60 Mbps)
  static_B_2020.02.27_18.39.27__fixed3__off3664.csv: 38 samples (mean 51.36 Mbps)
  static_B_2020.02.27_18.39.27__fixed5__off3664.csv: 38 samples (mean 3.31 Mbps)
  static_B_2020.02.27_18.39.27__bandwidth__off3664.csv: 38 samples (mean 3.37 Mbps)
  static_B_2020.02.27_18.39.27__fixed1__off4396.csv: 38 samples (mean 62.93 Mbps)
  static_B_2020.02.27_18.39.27__fixed3__off4396.csv: 38 samples (mean 50.96 Mbps)
  static_B_2020.02.27_18.39.27__fixed5__off4396.csv: 38 samples (mean 3.42 Mbps)
  static_B_2020.02.27_18.39.27__bandwidth__off4396.csv: 38 samples (mean 3.41 Mbps)
  static_B_2020.02.27_18.39.27__fixed1__off5129.csv: 38 samples (mean 147.00 Mbps)
  static_B_2020.02.27_18.39.27__fixed3__off5129.csv: 38 samples (mean 50.99 Mbps)
  static_B_2020.02.27_18.39.27__fixed5__off5129.csv: 38 samples (mean 3.32 Mbps)
  static_B_2020.02.27_18.39.27__bandwidth__off5129.csv: 38 samples (mean 3.32 Mbps)
  driving_B_2019.12.14_10.16.30__fixed1__off0.csv: 38 samples (mean 16.49 Mbps)
  driving_B_2019.12.14_10.16.30__fixed3__off0.csv: 38 samples (mean 14.28 Mbps)
  driving_B_2019.12.14_10.16.30__fixed5__off0.csv: 38 samples (mean 3.30 Mbps)
  driving_B_2019.12.14_10.16.30__bandwidth__off0.csv: 38 samples (mean 3.38 Mbps)
  driving_B_2019.12.14_10.16.30__fixed1__off138.csv: 38 samples (mean 17.53 Mbps)
  driving_B_2019.12.14_10.16.30__fixed3__off138.csv: 38 samples (mean 14.25 Mbps)
  driving_B_2019.12.14_10.16.30__fixed5__off138.csv: 38 samples (mean 3.29 Mbps)
  driving_B_2019.12.14_10.16.30__bandwidth__off138.csv: 38 samples (mean 3.34 Mbps)
  driving_B_2019.12.14_10.16.30__fixed1__off277.csv: 38 samples (mean 11.12 Mbps)
  driving_B_2019.12.14_10.16.30__fixed3__off277.csv: 38 samples (mean 9.77 Mbps)
  driving_B_2019.12.14_10.16.30__fixed5__off277.csv: 38 samples (mean 3.35 Mbps)
  driving_B_2019.12.14_10.16.30__bandwidth__off277.csv: 38 samples (mean 3.34 Mbps)
  driving_B_2019.12.14_10.16.30__fixed1__off416.csv: 38 samples (mean 57.24 Mbps)
  driving_B_2019.12.14_10.16.30__fixed3__off416.csv: 38 samples (mean 33.29 Mbps)
  driving_B_2019.12.14_10.16.30__fixed5__off416.csv: 38 samples (mean 3.40 Mbps)
  driving_B_2019.12.14_10.16.30__bandwidth__off416.csv: 38 samples (mean 3.37 Mbps)
  driving_B_2019.12.14_10.16.30__fixed1__off554.csv: 38 samples (mean 7.05 Mbps)
  driving_B_2019.12.14_10.16.30__fixed3__off554.csv: 38 samples (mean 3.69 Mbps)
  driving_B_2019.12.14_10.16.30__fixed5__off554.csv: 38 samples (mean 2.95 Mbps)
  driving_B_2019.12.14_10.16.30__bandwidth__off554.csv: 38 samples (mean 3.01 Mbps)
  driving_B_2019.12.14_10.16.30__fixed1__off692.csv: 38 samples (mean 7.03 Mbps)
  driving_B_2019.12.14_10.16.30__fixed3__off692.csv: 38 samples (mean 4.70 Mbps)
  driving_B_2019.12.14_10.16.30__fixed5__off692.csv: 38 samples (mean 3.35 Mbps)
  driving_B_2019.12.14_10.16.30__bandwidth__off692.csv: 38 samples (mean 3.36 Mbps)
  driving_B_2019.12.14_10.16.30__fixed1__off831.csv: 38 samples (mean 7.75 Mbps)
  driving_B_2019.12.14_10.16.30__fixed3__off831.csv: 38 samples (mean 5.98 Mbps)
  driving_B_2019.12.14_10.16.30__fixed5__off831.csv: 38 samples (mean 3.35 Mbps)
  driving_B_2019.12.14_10.16.30__bandwidth__off831.csv: 38 samples (mean 3.34 Mbps)
  driving_B_2019.12.14_10.16.30__fixed1__off970.csv: 38 samples (mean 0.01 Mbps)
  driving_B_2019.12.14_10.16.30__fixed3__off970.csv: 38 samples (mean 0.01 Mbps)
  driving_B_2019.12.14_10.16.30__fixed5__off970.csv: 38 samples (mean 0.06 Mbps)
  driving_B_2019.12.14_10.16.30__bandwidth__off970.csv: 38 samples (mean 0.06 Mbps)
  driving_B_2019.12.16_07.22.43__fixed1__off0.csv: 38 samples (mean 13.97 Mbps)
  driving_B_2019.12.16_07.22.43__fixed3__off0.csv: 38 samples (mean 12.38 Mbps)
  driving_B_2019.12.16_07.22.43__fixed5__off0.csv: 38 samples (mean 3.24 Mbps)
  driving_B_2019.12.16_07.22.43__bandwidth__off0.csv: 38 samples (mean 3.21 Mbps)
  driving_B_2019.12.16_07.22.43__fixed1__off310.csv: 38 samples (mean 80.26 Mbps)
  driving_B_2019.12.16_07.22.43__fixed3__off310.csv: 38 samples (mean 45.34 Mbps)
  driving_B_2019.12.16_07.22.43__fixed5__off310.csv: 38 samples (mean 3.33 Mbps)
  driving_B_2019.12.16_07.22.43__bandwidth__off310.csv: 38 samples (mean 3.37 Mbps)
  driving_B_2019.12.16_07.22.43__fixed1__off620.csv: 38 samples (mean 13.22 Mbps)
  driving_B_2019.12.16_07.22.43__fixed3__off620.csv: 38 samples (mean 12.66 Mbps)
  driving_B_2019.12.16_07.22.43__fixed5__off620.csv: 38 samples (mean 3.39 Mbps)
  driving_B_2019.12.16_07.22.43__bandwidth__off620.csv: 38 samples (mean 3.34 Mbps)
  driving_B_2019.12.16_07.22.43__fixed1__off929.csv: 38 samples (mean 25.29 Mbps)
  driving_B_2019.12.16_07.22.43__fixed3__off929.csv: 38 samples (mean 10.39 Mbps)
  driving_B_2019.12.16_07.22.43__fixed5__off929.csv: 38 samples (mean 3.32 Mbps)
  driving_B_2019.12.16_07.22.43__bandwidth__off929.csv: 38 samples (mean 3.38 Mbps)
  driving_B_2019.12.16_07.22.43__fixed1__off1239.csv: 38 samples (mean 10.56 Mbps)
  driving_B_2019.12.16_07.22.43__fixed3__off1239.csv: 38 samples (mean 12.95 Mbps)
  driving_B_2019.12.16_07.22.43__fixed5__off1239.csv: 38 samples (mean 3.33 Mbps)
  driving_B_2019.12.16_07.22.43__bandwidth__off1239.csv: 38 samples (mean 3.37 Mbps)
  driving_B_2019.12.16_07.22.43__fixed1__off1549.csv: 38 samples (mean 23.97 Mbps)
  driving_B_2019.12.16_07.22.43__fixed3__off1549.csv: 38 samples (mean 23.57 Mbps)
  driving_B_2019.12.16_07.22.43__fixed5__off1549.csv: 38 samples (mean 3.32 Mbps)
  driving_B_2019.12.16_07.22.43__bandwidth__off1549.csv: 38 samples (mean 3.34 Mbps)
  driving_B_2019.12.16_07.22.43__fixed1__off1858.csv: 38 samples (mean 9.29 Mbps)
  driving_B_2019.12.16_07.22.43__fixed3__off1858.csv: 38 samples (mean 9.60 Mbps)
  driving_B_2019.12.16_07.22.43__fixed5__off1858.csv: 38 samples (mean 3.38 Mbps)
  driving_B_2019.12.16_07.22.43__bandwidth__off1858.csv: 38 samples (mean 3.38 Mbps)
  driving_B_2019.12.16_07.22.43__fixed1__off2168.csv: 38 samples (mean 13.14 Mbps)
  driving_B_2019.12.16_07.22.43__fixed3__off2168.csv: 38 samples (mean 14.02 Mbps)
  driving_B_2019.12.16_07.22.43__fixed5__off2168.csv: 38 samples (mean 3.35 Mbps)
  driving_B_2019.12.16_07.22.43__bandwidth__off2168.csv: 38 samples (mean 3.38 Mbps)
  driving_B_2020.02.27_20.35.57__fixed1__off0.csv: 38 samples (mean 60.56 Mbps)
  driving_B_2020.02.27_20.35.57__fixed3__off0.csv: 38 samples (mean 31.99 Mbps)
  driving_B_2020.02.27_20.35.57__fixed5__off0.csv: 38 samples (mean 3.21 Mbps)
  driving_B_2020.02.27_20.35.57__bandwidth__off0.csv: 38 samples (mean 3.21 Mbps)
  driving_B_2020.02.27_20.35.57__fixed1__off105.csv: 38 samples (mean 109.35 Mbps)
  driving_B_2020.02.27_20.35.57__fixed3__off105.csv: 38 samples (mean 52.72 Mbps)
  driving_B_2020.02.27_20.35.57__fixed5__off105.csv: 38 samples (mean 3.38 Mbps)
  driving_B_2020.02.27_20.35.57__bandwidth__off105.csv: 38 samples (mean 3.33 Mbps)
  driving_B_2020.02.27_20.35.57__fixed1__off210.csv: 38 samples (mean 92.00 Mbps)
  driving_B_2020.02.27_20.35.57__fixed3__off210.csv: 38 samples (mean 25.25 Mbps)
  driving_B_2020.02.27_20.35.57__fixed5__off210.csv: 38 samples (mean 3.34 Mbps)
  driving_B_2020.02.27_20.35.57__bandwidth__off210.csv: 38 samples (mean 3.34 Mbps)
  driving_B_2020.02.27_20.35.57__fixed1__off315.csv: 38 samples (mean 4.98 Mbps)
  driving_B_2020.02.27_20.35.57__fixed3__off315.csv: 38 samples (mean 9.83 Mbps)
  driving_B_2020.02.27_20.35.57__fixed5__off315.csv: 38 samples (mean 1.58 Mbps)
  driving_B_2020.02.27_20.35.57__bandwidth__off315.csv: 38 samples (mean 1.54 Mbps)
  driving_B_2020.02.27_20.35.57__fixed1__off420.csv: 38 samples (mean 2.81 Mbps)
  driving_B_2020.02.27_20.35.57__fixed3__off420.csv: 38 samples (mean 2.70 Mbps)
  driving_B_2020.02.27_20.35.57__fixed5__off420.csv: 38 samples (mean 1.84 Mbps)
  driving_B_2020.02.27_20.35.57__bandwidth__off420.csv: 38 samples (mean 1.83 Mbps)
  driving_B_2020.02.27_20.35.57__fixed1__off525.csv: 38 samples (mean 2.89 Mbps)
  driving_B_2020.02.27_20.35.57__fixed3__off525.csv: 38 samples (mean 1.76 Mbps)
  driving_B_2020.02.27_20.35.57__fixed5__off525.csv: 38 samples (mean 0.99 Mbps)
  driving_B_2020.02.27_20.35.57__bandwidth__off525.csv: 38 samples (mean 0.98 Mbps)
  driving_B_2020.02.27_20.35.57__fixed1__off630.csv: 38 samples (mean 3.19 Mbps)
  driving_B_2020.02.27_20.35.57__fixed3__off630.csv: 38 samples (mean 3.59 Mbps)
  driving_B_2020.02.27_20.35.57__fixed5__off630.csv: 38 samples (mean 1.78 Mbps)
  driving_B_2020.02.27_20.35.57__bandwidth__off630.csv: 38 samples (mean 1.89 Mbps)
  driving_B_2020.02.27_20.35.57__fixed1__off720.csv: 38 samples (mean 1.81 Mbps)
  driving_B_2020.02.27_20.35.57__fixed3__off720.csv: 38 samples (mean 2.46 Mbps)
  driving_B_2020.02.27_20.35.57__fixed5__off720.csv: 38 samples (mean 1.16 Mbps)
  driving_B_2020.02.27_20.35.57__bandwidth__off720.csv: 38 samples (mean 1.11 Mbps)
  static_B_2020.01.16_10.43.34__fixed1__off0.csv: 38 samples (mean 112.10 Mbps)
  static_B_2020.01.16_10.43.34__fixed3__off0.csv: 38 samples (mean 51.77 Mbps)
  static_B_2020.01.16_10.43.34__fixed5__off0.csv: 38 samples (mean 3.37 Mbps)
  static_B_2020.01.16_10.43.34__bandwidth__off0.csv: 38 samples (mean 3.28 Mbps)
  static_B_2020.01.16_10.43.34__fixed1__off404.csv: 38 samples (mean 30.51 Mbps)
  static_B_2020.01.16_10.43.34__fixed3__off404.csv: 38 samples (mean 14.49 Mbps)
  static_B_2020.01.16_10.43.34__fixed5__off404.csv: 38 samples (mean 3.41 Mbps)
  static_B_2020.01.16_10.43.34__bandwidth__off404.csv: 38 samples (mean 3.42 Mbps)
  static_B_2020.01.16_10.43.34__fixed1__off807.csv: 38 samples (mean 81.60 Mbps)
  static_B_2020.01.16_10.43.34__fixed3__off807.csv: 38 samples (mean 52.54 Mbps)
  static_B_2020.01.16_10.43.34__fixed5__off807.csv: 38 samples (mean 3.32 Mbps)
  static_B_2020.01.16_10.43.34__bandwidth__off807.csv: 38 samples (mean 3.34 Mbps)
  static_B_2020.01.16_10.43.34__fixed1__off1211.csv: 38 samples (mean 71.70 Mbps)
  static_B_2020.01.16_10.43.34__fixed3__off1211.csv: 38 samples (mean 47.75 Mbps)
  static_B_2020.01.16_10.43.34__fixed5__off1211.csv: 38 samples (mean 3.33 Mbps)
  static_B_2020.01.16_10.43.34__bandwidth__off1211.csv: 38 samples (mean 3.33 Mbps)
  static_B_2020.01.16_10.43.34__fixed1__off1614.csv: 38 samples (mean 140.22 Mbps)
  static_B_2020.01.16_10.43.34__fixed3__off1614.csv: 38 samples (mean 51.60 Mbps)
  static_B_2020.01.16_10.43.34__fixed5__off1614.csv: 38 samples (mean 3.32 Mbps)
  static_B_2020.01.16_10.43.34__bandwidth__off1614.csv: 38 samples (mean 3.42 Mbps)
  static_B_2020.01.16_10.43.34__fixed1__off2018.csv: 38 samples (mean 37.80 Mbps)
  static_B_2020.01.16_10.43.34__fixed3__off2018.csv: 38 samples (mean 13.87 Mbps)
  static_B_2020.01.16_10.43.34__fixed5__off2018.csv: 38 samples (mean 3.39 Mbps)
  static_B_2020.01.16_10.43.34__bandwidth__off2018.csv: 38 samples (mean 3.40 Mbps)
  static_B_2020.01.16_10.43.34__fixed1__off2422.csv: 38 samples (mean 159.92 Mbps)
  static_B_2020.01.16_10.43.34__fixed3__off2422.csv: 38 samples (mean 51.82 Mbps)
  static_B_2020.01.16_10.43.34__fixed5__off2422.csv: 38 samples (mean 3.24 Mbps)
  static_B_2020.01.16_10.43.34__bandwidth__off2422.csv: 38 samples (mean 3.26 Mbps)
  static_B_2020.01.16_10.43.34__fixed1__off2825.csv: 38 samples (mean 27.74 Mbps)
  static_B_2020.01.16_10.43.34__fixed3__off2825.csv: 38 samples (mean 16.31 Mbps)
  static_B_2020.01.16_10.43.34__fixed5__off2825.csv: 38 samples (mean 3.33 Mbps)
  static_B_2020.01.16_10.43.34__bandwidth__off2825.csv: 38 samples (mean 3.32 Mbps)

664 series -> C:\Users\Nima\PointCloudStreaming\data\lstm_achieved (536 train / 128 test files)
split: C:\Users\Nima\PointCloudStreaming\data\lstm_achieved\split.json
Train with: python train_model.py --bandwidth-dir data/lstm_achieved --split-from data/lstm_achieved/split.json
