# C:\Users\Nima\AppData\Local\Programs\Python\Python313\python.exe -u train_model.py --transform none --out C:\Users\Nima\PointCloudStreaming\logs\train_runs\20260714_131016_full\lstm\bandwidth_lstm_none.pkl --sequence-length 8 --epochs 100 --test-size 0.2 --bandwidth-dir C:\Users\Nima\PointCloudStreaming\data\lstm_achieved --split-from C:\Users\Nima\PointCloudStreaming\data\lstm_achieved\split.json
================================================================================
🤖 LSTM Bandwidth Prediction Model Training
================================================================================
📋 Explicit split from C:\Users\Nima\PointCloudStreaming\data\lstm_achieved\split.json: 536 train / 128 test files

📁 Found 664 bandwidth trace files
📂 Output directory: C:\Users\Nima\PointCloudStreaming\models
🔧 Hyperparameter tuning: Enabled
📊 Sequence length: 8
🧪 File-level test split: 0.20
🎲 Split random seed: 42

================================================================================
Training Process:
  1. Load and prepare dataset
  2. Split files into train/test sets (file-level)
  3. Perform hyperparameter grid search
  4. Train final model with best hyperparameters
  5. Save trained model and best model
================================================================================

Loading bandwidth traces from C:\Users\Nima\PointCloudStreaming\data\lstm_achieved...
Dataset size: 19920 sequences
Bandwidth range: 0.01 - 278.40 Mbps
Mean bandwidth: 19.49 Mbps, Std: 34.94 Mbps
File-level split (80/20): 536 train files, 128 test files

Testing 16 hyperparameter combinations...
============================================================

[1/16] Testing: {'hidden_size': 64, 'num_layers': 1, 'dropout': 0.1, 'learning_rate': 0.001}
  MAE: 3.1472, MAPE: 23.71%, RMSE: 9.7083

[2/16] Testing: {'hidden_size': 64, 'num_layers': 1, 'dropout': 0.1, 'learning_rate': 0.0005}
  MAE: 3.1228, MAPE: 22.48%, RMSE: 9.7148

[3/16] Testing: {'hidden_size': 64, 'num_layers': 1, 'dropout': 0.2, 'learning_rate': 0.001}
  MAE: 3.3713, MAPE: 31.28%, RMSE: 9.6993

[4/16] Testing: {'hidden_size': 64, 'num_layers': 1, 'dropout': 0.2, 'learning_rate': 0.0005}
  MAE: 3.1572, MAPE: 23.45%, RMSE: 9.7358

[5/16] Testing: {'hidden_size': 64, 'num_layers': 2, 'dropout': 0.1, 'learning_rate': 0.001}
  MAE: 3.2710, MAPE: 24.91%, RMSE: 9.7434

[6/16] Testing: {'hidden_size': 64, 'num_layers': 2, 'dropout': 0.1, 'learning_rate': 0.0005}
  MAE: 3.2769, MAPE: 31.36%, RMSE: 9.7959

[7/16] Testing: {'hidden_size': 64, 'num_layers': 2, 'dropout': 0.2, 'learning_rate': 0.001}
  MAE: 3.5267, MAPE: 40.08%, RMSE: 9.8188

[8/16] Testing: {'hidden_size': 64, 'num_layers': 2, 'dropout': 0.2, 'learning_rate': 0.0005}
  MAE: 3.2619, MAPE: 28.69%, RMSE: 9.7312

[9/16] Testing: {'hidden_size': 128, 'num_layers': 1, 'dropout': 0.1, 'learning_rate': 0.001}
  MAE: 3.1864, MAPE: 22.07%, RMSE: 9.7187

[10/16] Testing: {'hidden_size': 128, 'num_layers': 1, 'dropout': 0.1, 'learning_rate': 0.0005}
  MAE: 3.3111, MAPE: 30.08%, RMSE: 9.7359

[11/16] Testing: {'hidden_size': 128, 'num_layers': 1, 'dropout': 0.2, 'learning_rate': 0.001}
  MAE: 3.2249, MAPE: 26.83%, RMSE: 9.7541

[12/16] Testing: {'hidden_size': 128, 'num_layers': 1, 'dropout': 0.2, 'learning_rate': 0.0005}
  MAE: 3.5767, MAPE: 39.58%, RMSE: 9.7568

[13/16] Testing: {'hidden_size': 128, 'num_layers': 2, 'dropout': 0.1, 'learning_rate': 0.001}
  MAE: 3.2846, MAPE: 24.17%, RMSE: 9.6564

[14/16] Testing: {'hidden_size': 128, 'num_layers': 2, 'dropout': 0.1, 'learning_rate': 0.0005}
  MAE: 3.2487, MAPE: 28.38%, RMSE: 9.6645

[15/16] Testing: {'hidden_size': 128, 'num_layers': 2, 'dropout': 0.2, 'learning_rate': 0.001}
  MAE: 3.1869, MAPE: 23.39%, RMSE: 9.7401

[16/16] Testing: {'hidden_size': 128, 'num_layers': 2, 'dropout': 0.2, 'learning_rate': 0.0005}
  MAE: 3.4261, MAPE: 25.52%, RMSE: 9.7494

============================================================
Best hyperparameters: {'hidden_size': 64, 'num_layers': 1, 'dropout': 0.1, 'learning_rate': 0.0005}
Best MAE: 3.1228 Mbps

Tuning results saved to: C:\Users\Nima\PointCloudStreaming\logs\train_runs\20260714_131016_full\lstm\bandwidth_lstm_none_tuning_results.json

Retraining final model with best hyperparameters...

Training final model...
Epoch 10/100 - Train Loss: 0.085497, Test Loss: 0.071105
Epoch 20/100 - Train Loss: 0.082069, Test Loss: 0.070664
Epoch 30/100 - Train Loss: 0.081253, Test Loss: 0.074392
Early stopping at epoch 31 (no improvement for 15 epochs)
Loaded best model from epoch 16 with test loss: 0.069487

Final Test Metrics:
  MAE: 2.7404 Mbps  (persistence baseline: 2.7491)
  MAPE: 25.30%  (persistence baseline: 21.52%)
  RMSE: 8.9597 Mbps  (persistence baseline: 10.2712)
  Low-bw (<5 Mbps, 61% of test) MAE: 0.5454  (persistence: 0.5065)
  Directional accuracy: 0.611

Saving model to C:\Users\Nima\PointCloudStreaming\logs\train_runs\20260714_131016_full\lstm\bandwidth_lstm_none.pkl...
Best model saved to: C:\Users\Nima\PointCloudStreaming\logs\train_runs\20260714_131016_full\lstm\bandwidth_lstm_none_best.pkl
Split metadata saved to: C:\Users\Nima\PointCloudStreaming\logs\train_runs\20260714_131016_full\lstm\bandwidth_lstm_none_split.json

Sample predictions:
  Actual: 1.79 Mbps, Predicted: 1.62 Mbps
  Actual: 1.67 Mbps, Predicted: 1.75 Mbps
  Actual: 1.74 Mbps, Predicted: 1.79 Mbps
  Actual: 1.80 Mbps, Predicted: 1.88 Mbps
  Actual: 1.81 Mbps, Predicted: 1.94 Mbps

================================================================================
✅ Training complete!
📦 Model saved to: C:\Users\Nima\PointCloudStreaming\logs\train_runs\20260714_131016_full\lstm\bandwidth_lstm_none.pkl
📦 Best model saved to: C:\Users\Nima\PointCloudStreaming\logs\train_runs\20260714_131016_full\lstm\bandwidth_lstm_none_best.pkl
🧾 Split metadata saved to: C:\Users\Nima\PointCloudStreaming\logs\train_runs\20260714_131016_full\lstm\bandwidth_lstm_none_split.json
📊 Tuning results saved to: C:\Users\Nima\PointCloudStreaming\logs\train_runs\20260714_131016_full\lstm\bandwidth_lstm_none_tuning_results.json

Next steps:
  1. Run the system with LSTM prediction:
     python3 run_lstm.py
  2. Or compare with baseline (no LSTM):
     python3 run.py
  3. Use a test-only simulation trace from:
     C:\Users\Nima\PointCloudStreaming\logs\train_runs\20260714_131016_full\lstm\bandwidth_lstm_none_split.json -> test_files
================================================================================
