# C:\Users\Nima\AppData\Local\Programs\Python\Python313\python.exe -u scripts\gen_lstm_dataset.py --offsets 8 --segment-frames 8 --protocol configs/experiment_protocol.json --offsets 1 --policies fixed3 --max-frames 120
  driving_B_2019.12.16_12.27.05__fixed3__off0.csv: 15 samples (mean 15.64 Mbps)
  driving_B_2019.12.17_07.32.39__fixed3__off0.csv: 15 samples (mean 12.06 Mbps)
  driving_B_2020.01.16_07.26.43__fixed3__off0.csv: 15 samples (mean 9.49 Mbps)
  driving_B_2020.01.16_09.56.56__fixed3__off0.csv: 15 samples (mean 13.42 Mbps)
  driving_B_2020.01.16_12.10.03__fixed3__off0.csv: 15 samples (mean 43.80 Mbps)
  driving_B_2020.02.13_13.03.24__fixed3__off0.csv: 15 samples (mean 8.83 Mbps)
  driving_B_2020.02.13_15.02.01__fixed3__off0.csv: 15 samples (mean 40.51 Mbps)
  driving_B_2020.02.14_09.38.22__fixed3__off0.csv: 15 samples (mean 6.52 Mbps)
  driving_B_2020.02.14_12.58.17__fixed3__off0.csv: 15 samples (mean 9.42 Mbps)
  driving_B_2020.02.27_17.30.15__fixed3__off0.csv: 15 samples (mean 7.26 Mbps)
  static_B_2019.12.16_13.40.04__fixed3__off0.csv: 15 samples (mean 23.18 Mbps)
  static_B_2020.02.14_13.21.26__fixed3__off0.csv: 15 samples (mean 17.18 Mbps)
  static_B_2020.02.27_18.39.27__fixed3__off0.csv: 15 samples (mean 44.25 Mbps)
  driving_B_2019.12.14_10.16.30__fixed3__off0.csv: 15 samples (mean 12.31 Mbps)
  driving_B_2019.12.16_07.22.43__fixed3__off0.csv: 15 samples (mean 11.70 Mbps)
  driving_B_2020.02.27_20.35.57__fixed3__off0.csv: 15 samples (mean 11.77 Mbps)
  static_B_2020.01.16_10.43.34__fixed3__off0.csv: 15 samples (mean 42.03 Mbps)

17 series -> C:\Users\Nima\PointCloudStreaming\data\lstm_achieved (13 train / 4 validation files; final test excluded)
split: C:\Users\Nima\PointCloudStreaming\data\lstm_achieved\split.json
Train with: python train_model.py --bandwidth-dir data/lstm_achieved --split-from data/lstm_achieved/split.json
