# C:\Users\Nima\AppData\Local\Programs\Python\Python313\python.exe -u C:\Users\Nima\PointCloudStreaming\train_dqn.py --out C:\Users\Nima\PointCloudStreaming\logs\train_runs\20260711_073759_smoke\sweep\trial_000_s43\abr_dqn.pkl --run-dir C:\Users\Nima\PointCloudStreaming\logs\train_runs\20260711_073759_smoke\sweep\trial_000_s43 --coverage-stride 2000 --epochs 1 --eval-every 3 --eval-seeds 42,43,44 --lam 1.0 --lr 0.0001 --max-frames 30 --mu 2.0 --playback-rate-min 0.9 --reward-spec {"stall_mode": "bounded", "stall_cap_s": 2.0, "event_penalty": 2.0} --seed 43 --segment-frames 1 --select-by qoe_quality --target-update 3000
==========================================================================================
🤖 DQN ABR training
   sequences: ['longdress', 'loot', 'redandblack', 'soldier'] | eval sequence: longdress
   train files: 4 | test files: 1 | frames/episode: 30
   coverage stride: 2000 samples -> 8 episodes/epoch x 1 epochs = 8 episodes (~240 env steps)
   segment: 1 frames/request (30 decisions/episode) | playback-rate-min: 0.9 | eval seeds: [42, 43, 44]
   state_dim: 23 | actions: 6 | feature_spec: ['lstm_pred', 'buffer', 'last_rep_onehot', 'tput_last', 'tput_mean', 'tput_std', 'rep_bitrates', 'rep_densities']
   reward: q[log_density] - 2.0*min(stall,2.0) + 2.0*new_event - 1.0*|dq|  (gamma=0.99, lr=0.0001, reward_norm=True, reward_scale=1.0)
   select-by: qoe_quality | out: C:\Users\Nima\PointCloudStreaming\logs\train_runs\20260711_073759_smoke\sweep\trial_000_s43\abr_dqn.pkl | run-dir: C:\Users\Nima\PointCloudStreaming\logs\train_runs\20260711_073759_smoke\sweep\trial_000_s43
==========================================================================================
[eval @ ep 0] untrained: reward=25.94 qoe=100.0 qoe_q=86.6
[ep    1] longdress    static_B_2020.02.13_13.57.29.csv@2945  reward=    7.68 qoe= 100.0 qoe_q=   53.3 eps=0.809 loss=0.0000
[ep    2] loot         static_B_2020.02.27_18.39.27.csv@1436  reward=    4.29 qoe= 100.0 qoe_q=   43.9 eps=0.611 loss=0.0000
[ep    3] redandblack  static_B_2019.12.16_13.40.04.csv@836   reward=    8.95 qoe= 100.0 qoe_q=   54.2 eps=0.413 loss=0.4963
    [eval @ ep 3] reward=25.94 qoe=100.0 qoe_q=86.6 mean_q=0.866 stall=0.0s  <-- best (saved)
[ep    4] soldier      static_B_2020.01.16_10.43.34.csv@3065  reward=   20.14 qoe= 100.0 qoe_q=   76.4 eps=0.215 loss=0.4491
[ep    5] longdress    static_B_2020.02.27_18.39.27.csv@3436  reward=   24.32 qoe= 100.0 qoe_q=   83.9 eps=0.050 loss=0.3741
[ep    6] loot         static_B_2020.02.13_13.57.29.csv@1109  reward=   23.29 qoe= 100.0 qoe_q=   82.3 eps=0.050 loss=0.2383
    [eval @ ep 6] reward=25.94 qoe=100.0 qoe_q=86.6 mean_q=0.866 stall=0.0s
[ep    7] redandblack  static_B_2020.02.27_18.39.27.csv@5436  reward=   25.70 qoe= 100.0 qoe_q=   86.4 eps=0.050 loss=0.1636
[ep    8] soldier      static_B_2020.01.16_10.43.34.csv@1065  reward=   22.95 qoe= 100.0 qoe_q=   80.6 eps=0.050 loss=0.1267
    [eval @ final] reward=25.94 qoe=100.0 qoe_q=86.6 mean_q=0.866 stall=0.0s
==========================================================================================
✅ Training done. untrained qoe_quality=86.56 -> final 86.56 (best=86.56)
📦 Saved: C:\Users\Nima\PointCloudStreaming\logs\train_runs\20260711_073759_smoke\sweep\trial_000_s43\abr_dqn.pkl  (+ C:\Users\Nima\PointCloudStreaming\logs\train_runs\20260711_073759_smoke\sweep\trial_000_s43\abr_dqn_best.pkl)
🧾 History: C:\Users\Nima\PointCloudStreaming\logs\train_runs\20260711_073759_smoke\sweep\trial_000_s43\abr_dqn_train_history.json
🧾 Summary: C:\Users\Nima\PointCloudStreaming\logs\train_runs\20260711_073759_smoke\sweep\trial_000_s43\train_summary.json
