# C:\Users\Nima\AppData\Local\Programs\Python\Python313\python.exe -u scripts\train_model.py --transform log1p --out C:\Users\Nima\PointCloudStreaming\logs\train_runs\20260720_005851_wide\lstm\s10\bandwidth_lstm_log1p.pkl --sequence-length 8 --epochs 50 --test-size 0.2 --bandwidth-dir C:\Users\Nima\PointCloudStreaming\data/lstm_achieved_request_pacing_s10 --split-from C:\Users\Nima\PointCloudStreaming\data/lstm_achieved_request_pacing_s10\split.json --no-tune --hidden 128 --layers 2 --dropout 0.1 --lr 0.0005
================================================================================
🤖 LSTM Bandwidth Prediction Model Training
================================================================================
📋 Explicit split from C:\Users\Nima\PointCloudStreaming\data/lstm_achieved_request_pacing_s10\split.json: 5820 train / 720 validation files

📁 Found 6540 bandwidth trace files
📂 Output directory: C:\Users\Nima\PointCloudStreaming\models
🔧 Hyperparameter tuning: Disabled
📊 Sequence length: 8
🧪 File-level test split: 0.20
🎲 Split random seed: 42

================================================================================
Training Process:
  1. Load and prepare dataset
  2. Split files into train/test sets (file-level)
  3. Train model with default hyperparameters
  5. Save trained model and best model
================================================================================

Loading bandwidth traces from C:\Users\Nima\PointCloudStreaming\data/lstm_achieved_request_pacing_s10...
Dataset size: 143880 sequences
Bandwidth range: 0.04 - 407.50 Mbps
Mean bandwidth: 27.01 Mbps, Std: 42.64 Mbps
File-level split (80/20): 5820 train files, 720 test files

Training final model...
Epoch 10/50 - Train Loss: 0.070650, Test Loss: 0.066648
Epoch 20/50 - Train Loss: 0.061925, Test Loss: 0.069128
Early stopping at epoch 27 (no improvement for 15 epochs)
Loaded best model from epoch 12 with test loss: 0.065739

Final Test Metrics:
  MAE: 4.9507 Mbps  (persistence baseline: 7.8653)
  MAPE: 23.44%  (persistence baseline: 35.22%)
  RMSE: 12.4009 Mbps  (persistence baseline: 22.2210)
  Low-bw (<5 Mbps, 30% of test) MAE: 0.9507  (persistence: 1.5294)
  Directional accuracy: 0.609

Saving model to C:\Users\Nima\PointCloudStreaming\logs\train_runs\20260720_005851_wide\lstm\s10\bandwidth_lstm_log1p.pkl...
Best model saved to: C:\Users\Nima\PointCloudStreaming\logs\train_runs\20260720_005851_wide\lstm\s10\bandwidth_lstm_log1p_best.pkl
Split metadata saved to: C:\Users\Nima\PointCloudStreaming\logs\train_runs\20260720_005851_wide\lstm\s10\bandwidth_lstm_log1p_split.json

Sample predictions:
  Actual: 4.53 Mbps, Predicted: 4.40 Mbps
  Actual: 4.25 Mbps, Predicted: 4.57 Mbps
  Actual: 4.41 Mbps, Predicted: 4.51 Mbps
  Actual: 4.52 Mbps, Predicted: 4.60 Mbps
  Actual: 4.13 Mbps, Predicted: 4.76 Mbps

================================================================================
✅ Training complete!
📦 Model saved to: C:\Users\Nima\PointCloudStreaming\logs\train_runs\20260720_005851_wide\lstm\s10\bandwidth_lstm_log1p.pkl
📦 Best model saved to: C:\Users\Nima\PointCloudStreaming\logs\train_runs\20260720_005851_wide\lstm\s10\bandwidth_lstm_log1p_best.pkl
🧾 Split metadata saved to: C:\Users\Nima\PointCloudStreaming\logs\train_runs\20260720_005851_wide\lstm\s10\bandwidth_lstm_log1p_split.json

Next steps:
  1. Run the system with LSTM prediction:
     python3 run_lstm.py
  2. Or compare with baseline (no LSTM):
     python3 run.py
  3. Use a test-only simulation trace from:
     C:\Users\Nima\PointCloudStreaming\logs\train_runs\20260720_005851_wide\lstm\s10\bandwidth_lstm_log1p_split.json -> test_files
================================================================================
