# C:\Users\Nima\AppData\Local\Programs\Python\Python313\python.exe -u scripts\train_model.py --transform log1p --out C:\Users\Nima\PointCloudStreaming\logs\train_runs\20260720_005851_wide\lstm\s5\bandwidth_lstm_log1p.pkl --sequence-length 8 --epochs 50 --test-size 0.2 --bandwidth-dir C:\Users\Nima\PointCloudStreaming\data/lstm_achieved_request_pacing_s5 --split-from C:\Users\Nima\PointCloudStreaming\data/lstm_achieved_request_pacing_s5\split.json --no-tune --hidden 128 --layers 2 --dropout 0.1 --lr 0.0005
================================================================================
🤖 LSTM Bandwidth Prediction Model Training
================================================================================
📋 Explicit split from C:\Users\Nima\PointCloudStreaming\data/lstm_achieved_request_pacing_s5\split.json: 5820 train / 720 validation files

📁 Found 6540 bandwidth trace files
📂 Output directory: C:\Users\Nima\PointCloudStreaming\models
🔧 Hyperparameter tuning: Disabled
📊 Sequence length: 8
🧪 File-level test split: 0.20
🎲 Split random seed: 42

================================================================================
Training Process:
  1. Load and prepare dataset
  2. Split files into train/test sets (file-level)
  3. Train model with default hyperparameters
  5. Save trained model and best model
================================================================================

Loading bandwidth traces from C:\Users\Nima\PointCloudStreaming\data/lstm_achieved_request_pacing_s5...
Dataset size: 340080 sequences
Bandwidth range: 0.03 - 291.03 Mbps
Mean bandwidth: 19.51 Mbps, Std: 33.18 Mbps
File-level split (80/20): 5820 train files, 720 test files

Training final model...
Epoch 10/50 - Train Loss: 0.037716, Test Loss: 0.033760
Epoch 20/50 - Train Loss: 0.032931, Test Loss: 0.035089
Early stopping at epoch 24 (no improvement for 15 epochs)
Loaded best model from epoch 9 with test loss: 0.032770

Final Test Metrics:
  MAE: 2.8022 Mbps  (persistence baseline: 5.8387)
  MAPE: 17.26%  (persistence baseline: 34.74%)
  RMSE: 7.9690 Mbps  (persistence baseline: 18.7323)
  Low-bw (<5 Mbps, 49% of test) MAE: 0.4297  (persistence: 0.8118)
  Directional accuracy: 0.682

Saving model to C:\Users\Nima\PointCloudStreaming\logs\train_runs\20260720_005851_wide\lstm\s5\bandwidth_lstm_log1p.pkl...
Best model saved to: C:\Users\Nima\PointCloudStreaming\logs\train_runs\20260720_005851_wide\lstm\s5\bandwidth_lstm_log1p_best.pkl
Split metadata saved to: C:\Users\Nima\PointCloudStreaming\logs\train_runs\20260720_005851_wide\lstm\s5\bandwidth_lstm_log1p_split.json

Sample predictions:
  Actual: 2.25 Mbps, Predicted: 2.19 Mbps
  Actual: 2.12 Mbps, Predicted: 2.18 Mbps
  Actual: 2.34 Mbps, Predicted: 2.14 Mbps
  Actual: 2.23 Mbps, Predicted: 2.25 Mbps
  Actual: 2.23 Mbps, Predicted: 2.20 Mbps

================================================================================
✅ Training complete!
📦 Model saved to: C:\Users\Nima\PointCloudStreaming\logs\train_runs\20260720_005851_wide\lstm\s5\bandwidth_lstm_log1p.pkl
📦 Best model saved to: C:\Users\Nima\PointCloudStreaming\logs\train_runs\20260720_005851_wide\lstm\s5\bandwidth_lstm_log1p_best.pkl
🧾 Split metadata saved to: C:\Users\Nima\PointCloudStreaming\logs\train_runs\20260720_005851_wide\lstm\s5\bandwidth_lstm_log1p_split.json

Next steps:
  1. Run the system with LSTM prediction:
     python3 run_lstm.py
  2. Or compare with baseline (no LSTM):
     python3 run.py
  3. Use a test-only simulation trace from:
     C:\Users\Nima\PointCloudStreaming\logs\train_runs\20260720_005851_wide\lstm\s5\bandwidth_lstm_log1p_split.json -> test_files
================================================================================
