[2026-07-20 00:58:51 UTC] pipeline start | config=configs/training.json smoke=False jobs=4 segments=[5, 8, 10, 15] config_digest=f7af2fd8e9aaaf81 skip=none run_test=True
[2026-07-20 00:58:51 UTC] START generate_lstm_data[S=5]: C:\Users\Nima\AppData\Local\Programs\Python\Python313\python.exe -u scripts\gen_lstm_dataset.py --offsets 8 --protocol configs/experiment_protocol.json --segment-frames 5 --out-dir C:\Users\Nima\PointCloudStreaming\data/lstm_achieved_request_pacing_s5 --trace-registry configs/trace_window_registry.json (log: 10_gen_lstm_s5.log)
[2026-07-20 00:59:32 UTC] DONE  generate_lstm_data[S=5] in 0.7 min
[2026-07-20 00:59:32 UTC] START generate_lstm_data[S=8]: C:\Users\Nima\AppData\Local\Programs\Python\Python313\python.exe -u scripts\gen_lstm_dataset.py --offsets 8 --protocol configs/experiment_protocol.json --segment-frames 8 --out-dir C:\Users\Nima\PointCloudStreaming\data/lstm_achieved_request_pacing_s8 --trace-registry configs/trace_window_registry.json (log: 10_gen_lstm_s8.log)
[2026-07-20 01:00:11 UTC] DONE  generate_lstm_data[S=8] in 0.7 min
[2026-07-20 01:00:11 UTC] START generate_lstm_data[S=10]: C:\Users\Nima\AppData\Local\Programs\Python\Python313\python.exe -u scripts\gen_lstm_dataset.py --offsets 8 --protocol configs/experiment_protocol.json --segment-frames 10 --out-dir C:\Users\Nima\PointCloudStreaming\data/lstm_achieved_request_pacing_s10 --trace-registry configs/trace_window_registry.json (log: 10_gen_lstm_s10.log)
[2026-07-20 01:00:51 UTC] DONE  generate_lstm_data[S=10] in 0.7 min
[2026-07-20 01:00:51 UTC] START generate_lstm_data[S=15]: C:\Users\Nima\AppData\Local\Programs\Python\Python313\python.exe -u scripts\gen_lstm_dataset.py --offsets 8 --protocol configs/experiment_protocol.json --segment-frames 15 --out-dir C:\Users\Nima\PointCloudStreaming\data/lstm_achieved_request_pacing_s15 --trace-registry configs/trace_window_registry.json (log: 10_gen_lstm_s15.log)
[2026-07-20 01:01:33 UTC] DONE  generate_lstm_data[S=15] in 0.7 min
[2026-07-20 01:01:33 UTC] START train_lstm[S=5,log1p]: C:\Users\Nima\AppData\Local\Programs\Python\Python313\python.exe -u scripts\train_model.py --transform log1p --out C:\Users\Nima\PointCloudStreaming\logs\train_runs\20260720_005851_wide\lstm\s5\bandwidth_lstm_log1p.pkl --sequence-length 8 --epochs 50 --test-size 0.2 --bandwidth-dir C:\Users\Nima\PointCloudStreaming\data/lstm_achieved_request_pacing_s5 --split-from C:\Users\Nima\PointCloudStreaming\data/lstm_achieved_request_pacing_s5\split.json --no-tune --hidden 128 --layers 2 --dropout 0.1 --lr 0.0005 (log: 20_lstm_s5_log1p.log)
[2026-07-20 01:19:42 UTC] DONE  train_lstm[S=5,log1p] in 18.2 min
[2026-07-20 01:19:42 UTC] LSTM S=5: transform=log1p, low_bw_mae=0.430 -> models/bandwidth_lstm_request_pacing_s5.pkl
[2026-07-20 01:19:42 UTC] START train_lstm[S=8,log1p]: C:\Users\Nima\AppData\Local\Programs\Python\Python313\python.exe -u scripts\train_model.py --transform log1p --out C:\Users\Nima\PointCloudStreaming\logs\train_runs\20260720_005851_wide\lstm\s8\bandwidth_lstm_log1p.pkl --sequence-length 8 --epochs 50 --test-size 0.2 --bandwidth-dir C:\Users\Nima\PointCloudStreaming\data/lstm_achieved_request_pacing_s8 --split-from C:\Users\Nima\PointCloudStreaming\data/lstm_achieved_request_pacing_s8\split.json --no-tune --hidden 128 --layers 2 --dropout 0.1 --lr 0.0005 (log: 20_lstm_s8_log1p.log)
[2026-07-20 01:30:20 UTC] DONE  train_lstm[S=8,log1p] in 10.6 min
[2026-07-20 01:30:20 UTC] LSTM S=8: transform=log1p, low_bw_mae=0.610 -> models/bandwidth_lstm_request_pacing_s8.pkl
[2026-07-20 01:30:20 UTC] START train_lstm[S=10,log1p]: C:\Users\Nima\AppData\Local\Programs\Python\Python313\python.exe -u scripts\train_model.py --transform log1p --out C:\Users\Nima\PointCloudStreaming\logs\train_runs\20260720_005851_wide\lstm\s10\bandwidth_lstm_log1p.pkl --sequence-length 8 --epochs 50 --test-size 0.2 --bandwidth-dir C:\Users\Nima\PointCloudStreaming\data/lstm_achieved_request_pacing_s10 --split-from C:\Users\Nima\PointCloudStreaming\data/lstm_achieved_request_pacing_s10\split.json --no-tune --hidden 128 --layers 2 --dropout 0.1 --lr 0.0005 (log: 20_lstm_s10_log1p.log)
[2026-07-20 01:39:14 UTC] DONE  train_lstm[S=10,log1p] in 8.9 min
[2026-07-20 01:39:14 UTC] LSTM S=10: transform=log1p, low_bw_mae=0.951 -> models/bandwidth_lstm_request_pacing_s10.pkl
[2026-07-20 01:39:14 UTC] START train_lstm[S=15,log1p]: C:\Users\Nima\AppData\Local\Programs\Python\Python313\python.exe -u scripts\train_model.py --transform log1p --out C:\Users\Nima\PointCloudStreaming\logs\train_runs\20260720_005851_wide\lstm\s15\bandwidth_lstm_log1p.pkl --sequence-length 8 --epochs 50 --test-size 0.2 --bandwidth-dir C:\Users\Nima\PointCloudStreaming\data/lstm_achieved_request_pacing_s15 --split-from C:\Users\Nima\PointCloudStreaming\data/lstm_achieved_request_pacing_s15\split.json --no-tune --hidden 128 --layers 2 --dropout 0.1 --lr 0.0005 (log: 20_lstm_s15_log1p.log)
[2026-07-20 01:44:14 UTC] DONE  train_lstm[S=15,log1p] in 5.0 min
[2026-07-20 01:44:15 UTC] LSTM S=15: transform=log1p, low_bw_mae=1.616 -> models/bandwidth_lstm_request_pacing_s15.pkl
[2026-07-20 01:44:15 UTC] START dqn_staged_sweep: C:\Users\Nima\AppData\Local\Programs\Python\Python313\python.exe -u scripts\sweep.py --config C:\Users\Nima\PointCloudStreaming\configs/training.json --jobs 4 --sweep-dir C:\Users\Nima\PointCloudStreaming\logs\train_runs\20260720_005851_wide\sweep --out C:\Users\Nima\PointCloudStreaming\models/abr_dqn_qoe_v4_request_pacing.pkl --results C:\Users\Nima\PointCloudStreaming\models/dqn_sweep_results_qoe_v4_request_pacing.json --lstm-template C:\Users\Nima\PointCloudStreaming\models/bandwidth_lstm_request_pacing_s{segment_frames}.pkl (log: 30_dqn_sweep.log)
[2026-07-20 03:19:55 UTC] DONE  dqn_staged_sweep in 95.7 min
[2026-07-20 03:19:55 UTC] frozen DQN choice: trial=11 S=10; matching LSTM=models/bandwidth_lstm_request_pacing_s10.pkl
[2026-07-20 03:19:55 UTC] START validation_baseline_tuning: C:\Users\Nima\AppData\Local\Programs\Python\Python313\python.exe -u scripts\tune_baselines.py --protocol configs/experiment_protocol.json --trace-registry configs/trace_window_registry.json --segment-frames 10 --families fixed,buffer,mpc --lstm C:\Users\Nima\PointCloudStreaming\models/bandwidth_lstm_request_pacing_s10.pkl --out C:\Users\Nima\PointCloudStreaming\models/baseline_config_qoe_v4_request_pacing.json --experiment-config-digest f7af2fd8e9aaaf81 (log: 35_tune_baselines.log)
[2026-07-20 03:21:47 UTC] DONE  validation_baseline_tuning in 1.9 min
[2026-07-20 03:21:47 UTC] START fixed_previously_inspected_test: C:\Users\Nima\AppData\Local\Programs\Python\Python313\python.exe -u scripts\evaluate_experiment.py --protocol configs/experiment_protocol.json --trace-registry configs/trace_window_registry.json --sweep-results C:\Users\Nima\PointCloudStreaming\models/dqn_sweep_results_qoe_v4_request_pacing.json --baseline-config C:\Users\Nima\PointCloudStreaming\models/baseline_config_qoe_v4_request_pacing.json --lstm C:\Users\Nima\PointCloudStreaming\models/bandwidth_lstm_request_pacing_s10.pkl --strategies dqn,fixed,buffer,mpc --out C:\Users\Nima\PointCloudStreaming\models/final_test_results_qoe_v4_request_pacing.json --experiment-config-digest f7af2fd8e9aaaf81 --split test --max-frames 0 (log: 40_registered_evaluation.log)
[2026-07-20 03:22:39 UTC] DONE  fixed_previously_inspected_test in 0.9 min
[2026-07-20 03:22:39 UTC] summary -> models/TRAINING_SUMMARY_qoe_v4_request_pacing.md; pipeline OK
