# C:\Users\Nima\AppData\Local\Programs\Python\Python313\python.exe -u scripts\train_model.py --transform log1p --out C:\Users\Nima\PointCloudStreaming\logs/train_runs/qoe_v2_wide\lstm\s8\bandwidth_lstm_log1p.pkl --sequence-length 8 --epochs 50 --test-size 0.2 --bandwidth-dir C:\Users\Nima\PointCloudStreaming\data\lstm_achieved_s8 --split-from C:\Users\Nima\PointCloudStreaming\data\lstm_achieved_s8\split.json --no-tune --hidden 128 --layers 2 --dropout 0.1 --lr 0.0005
================================================================================
🤖 LSTM Bandwidth Prediction Model Training
================================================================================
📋 Explicit split from C:\Users\Nima\PointCloudStreaming\data\lstm_achieved_s8\split.json: 2060 train / 640 validation files

📁 Found 2700 bandwidth trace files
📂 Output directory: C:\Users\Nima\PointCloudStreaming\models
🔧 Hyperparameter tuning: Disabled
📊 Sequence length: 8
🧪 File-level test split: 0.20
🎲 Split random seed: 42

================================================================================
Training Process:
  1. Load and prepare dataset
  2. Split files into train/test sets (file-level)
  3. Train model with default hyperparameters
  5. Save trained model and best model
================================================================================

Loading bandwidth traces from C:\Users\Nima\PointCloudStreaming\data\lstm_achieved_s8...
Dataset size: 81000 sequences
Bandwidth range: 0.01 - 375.56 Mbps
Mean bandwidth: 21.23 Mbps, Std: 36.97 Mbps
File-level split (80/20): 2060 train files, 640 test files

Training final model...
Epoch 10/50 - Train Loss: 0.058145, Test Loss: 0.049965
Epoch 20/50 - Train Loss: 0.053836, Test Loss: 0.050233
Epoch 30/50 - Train Loss: 0.050473, Test Loss: 0.051200
Early stopping at epoch 32 (no improvement for 15 epochs)
Loaded best model from epoch 17 with test loss: 0.048766

Final Test Metrics:
  MAE: 3.1406 Mbps  (persistence baseline: 5.1045)
  MAPE: 23.89%  (persistence baseline: 33.69%)
  RMSE: 8.9146 Mbps  (persistence baseline: 16.5318)
  Low-bw (<5 Mbps, 55% of test) MAE: 0.5738  (persistence: 0.9196)
  Directional accuracy: 0.640

Saving model to C:\Users\Nima\PointCloudStreaming\logs/train_runs/qoe_v2_wide\lstm\s8\bandwidth_lstm_log1p.pkl...
Best model saved to: C:\Users\Nima\PointCloudStreaming\logs/train_runs/qoe_v2_wide\lstm\s8\bandwidth_lstm_log1p_best.pkl
Split metadata saved to: C:\Users\Nima\PointCloudStreaming\logs/train_runs/qoe_v2_wide\lstm\s8\bandwidth_lstm_log1p_split.json

Sample predictions:
  Actual: 3.56 Mbps, Predicted: 3.54 Mbps
  Actual: 3.52 Mbps, Predicted: 3.44 Mbps
  Actual: 3.18 Mbps, Predicted: 3.43 Mbps
  Actual: 3.81 Mbps, Predicted: 3.25 Mbps
  Actual: 3.89 Mbps, Predicted: 3.53 Mbps

================================================================================
✅ Training complete!
📦 Model saved to: C:\Users\Nima\PointCloudStreaming\logs/train_runs/qoe_v2_wide\lstm\s8\bandwidth_lstm_log1p.pkl
📦 Best model saved to: C:\Users\Nima\PointCloudStreaming\logs/train_runs/qoe_v2_wide\lstm\s8\bandwidth_lstm_log1p_best.pkl
🧾 Split metadata saved to: C:\Users\Nima\PointCloudStreaming\logs/train_runs/qoe_v2_wide\lstm\s8\bandwidth_lstm_log1p_split.json

Next steps:
  1. Run the system with LSTM prediction:
     python3 run_lstm.py
  2. Or compare with baseline (no LSTM):
     python3 run.py
  3. Use a test-only simulation trace from:
     C:\Users\Nima\PointCloudStreaming\logs/train_runs/qoe_v2_wide\lstm\s8\bandwidth_lstm_log1p_split.json -> test_files
================================================================================
