# C:\Users\Nima\AppData\Local\Programs\Python\Python313\python.exe -u scripts\train_model.py --transform log1p --out C:\Users\Nima\PointCloudStreaming\logs/train_runs/qoe_v2_wide\lstm\s10\bandwidth_lstm_log1p.pkl --sequence-length 8 --epochs 50 --test-size 0.2 --bandwidth-dir C:\Users\Nima\PointCloudStreaming\data\lstm_achieved_s10 --split-from C:\Users\Nima\PointCloudStreaming\data\lstm_achieved_s10\split.json --no-tune --hidden 128 --layers 2 --dropout 0.1 --lr 0.0005
================================================================================
🤖 LSTM Bandwidth Prediction Model Training
================================================================================
📋 Explicit split from C:\Users\Nima\PointCloudStreaming\data\lstm_achieved_s10\split.json: 2060 train / 640 validation files

📁 Found 2700 bandwidth trace files
📂 Output directory: C:\Users\Nima\PointCloudStreaming\models
🔧 Hyperparameter tuning: Disabled
📊 Sequence length: 8
🧪 File-level test split: 0.20
🎲 Split random seed: 42

================================================================================
Training Process:
  1. Load and prepare dataset
  2. Split files into train/test sets (file-level)
  3. Train model with default hyperparameters
  5. Save trained model and best model
================================================================================

Loading bandwidth traces from C:\Users\Nima\PointCloudStreaming\data\lstm_achieved_s10...
Dataset size: 59400 sequences
Bandwidth range: 0.01 - 335.66 Mbps
Mean bandwidth: 24.70 Mbps, Std: 39.93 Mbps
File-level split (80/20): 2060 train files, 640 test files

Training final model...
Epoch 10/50 - Train Loss: 0.069893, Test Loss: 0.066223
Epoch 20/50 - Train Loss: 0.066465, Test Loss: 0.059412
Epoch 30/50 - Train Loss: 0.061844, Test Loss: 0.064732
Early stopping at epoch 35 (no improvement for 15 epochs)
Loaded best model from epoch 20 with test loss: 0.059412

Final Test Metrics:
  MAE: 3.4419 Mbps  (persistence baseline: 5.3985)
  MAPE: 26.01%  (persistence baseline: 34.15%)
  RMSE: 8.7899 Mbps  (persistence baseline: 16.6705)
  Low-bw (<5 Mbps, 39% of test) MAE: 0.7392  (persistence: 1.1345)
  Directional accuracy: 0.624

Saving model to C:\Users\Nima\PointCloudStreaming\logs/train_runs/qoe_v2_wide\lstm\s10\bandwidth_lstm_log1p.pkl...
Best model saved to: C:\Users\Nima\PointCloudStreaming\logs/train_runs/qoe_v2_wide\lstm\s10\bandwidth_lstm_log1p_best.pkl
Split metadata saved to: C:\Users\Nima\PointCloudStreaming\logs/train_runs/qoe_v2_wide\lstm\s10\bandwidth_lstm_log1p_split.json

Sample predictions:
  Actual: 4.91 Mbps, Predicted: 4.39 Mbps
  Actual: 4.36 Mbps, Predicted: 4.72 Mbps
  Actual: 4.53 Mbps, Predicted: 4.50 Mbps
  Actual: 4.09 Mbps, Predicted: 4.54 Mbps
  Actual: 4.11 Mbps, Predicted: 4.34 Mbps

================================================================================
✅ Training complete!
📦 Model saved to: C:\Users\Nima\PointCloudStreaming\logs/train_runs/qoe_v2_wide\lstm\s10\bandwidth_lstm_log1p.pkl
📦 Best model saved to: C:\Users\Nima\PointCloudStreaming\logs/train_runs/qoe_v2_wide\lstm\s10\bandwidth_lstm_log1p_best.pkl
🧾 Split metadata saved to: C:\Users\Nima\PointCloudStreaming\logs/train_runs/qoe_v2_wide\lstm\s10\bandwidth_lstm_log1p_split.json

Next steps:
  1. Run the system with LSTM prediction:
     python3 run_lstm.py
  2. Or compare with baseline (no LSTM):
     python3 run.py
  3. Use a test-only simulation trace from:
     C:\Users\Nima\PointCloudStreaming\logs/train_runs/qoe_v2_wide\lstm\s10\bandwidth_lstm_log1p_split.json -> test_files
================================================================================
