[2026-07-18 23:14:00 UTC] pipeline start | config=configs/training.json smoke=False jobs=4 segments=[5, 8, 10, 15] config_digest=725d4b220174d141 skip=none run_test=False
[2026-07-18 23:14:00 UTC] START generate_lstm_data[S=5]: C:\Users\Nima\AppData\Local\Programs\Python\Python313\python.exe -u scripts\gen_lstm_dataset.py --offsets 8 --protocol configs/experiment_protocol.json --segment-frames 5 --out-dir C:\Users\Nima\PointCloudStreaming\data\lstm_achieved_s5 (log: 10_gen_lstm_s5.log)
[2026-07-18 23:14:17 UTC] DONE  generate_lstm_data[S=5] in 0.3 min
[2026-07-18 23:14:17 UTC] START generate_lstm_data[S=8]: C:\Users\Nima\AppData\Local\Programs\Python\Python313\python.exe -u scripts\gen_lstm_dataset.py --offsets 8 --protocol configs/experiment_protocol.json --segment-frames 8 --out-dir C:\Users\Nima\PointCloudStreaming\data\lstm_achieved_s8 (log: 10_gen_lstm_s8.log)
[2026-07-18 23:14:35 UTC] DONE  generate_lstm_data[S=8] in 0.3 min
[2026-07-18 23:14:35 UTC] START generate_lstm_data[S=10]: C:\Users\Nima\AppData\Local\Programs\Python\Python313\python.exe -u scripts\gen_lstm_dataset.py --offsets 8 --protocol configs/experiment_protocol.json --segment-frames 10 --out-dir C:\Users\Nima\PointCloudStreaming\data\lstm_achieved_s10 (log: 10_gen_lstm_s10.log)
[2026-07-18 23:14:53 UTC] DONE  generate_lstm_data[S=10] in 0.3 min
[2026-07-18 23:14:53 UTC] START generate_lstm_data[S=15]: C:\Users\Nima\AppData\Local\Programs\Python\Python313\python.exe -u scripts\gen_lstm_dataset.py --offsets 8 --protocol configs/experiment_protocol.json --segment-frames 15 --out-dir C:\Users\Nima\PointCloudStreaming\data\lstm_achieved_s15 (log: 10_gen_lstm_s15.log)
[2026-07-18 23:15:12 UTC] DONE  generate_lstm_data[S=15] in 0.3 min
[2026-07-18 23:15:12 UTC] START train_lstm[S=5,log1p]: C:\Users\Nima\AppData\Local\Programs\Python\Python313\python.exe -u scripts\train_model.py --transform log1p --out C:\Users\Nima\PointCloudStreaming\logs/train_runs/qoe_v2_wide\lstm\s5\bandwidth_lstm_log1p.pkl --sequence-length 8 --epochs 50 --test-size 0.2 --bandwidth-dir C:\Users\Nima\PointCloudStreaming\data\lstm_achieved_s5 --split-from C:\Users\Nima\PointCloudStreaming\data\lstm_achieved_s5\split.json --no-tune --hidden 128 --layers 2 --dropout 0.1 --lr 0.0005 (log: 20_lstm_s5_log1p.log)
[2026-07-18 23:25:06 UTC] DONE  train_lstm[S=5,log1p] in 9.9 min
[2026-07-18 23:25:06 UTC] LSTM S=5: transform=log1p, low_bw_mae=0.414 -> models/bandwidth_lstm_s5.pkl
[2026-07-18 23:25:06 UTC] START train_lstm[S=8,log1p]: C:\Users\Nima\AppData\Local\Programs\Python\Python313\python.exe -u scripts\train_model.py --transform log1p --out C:\Users\Nima\PointCloudStreaming\logs/train_runs/qoe_v2_wide\lstm\s8\bandwidth_lstm_log1p.pkl --sequence-length 8 --epochs 50 --test-size 0.2 --bandwidth-dir C:\Users\Nima\PointCloudStreaming\data\lstm_achieved_s8 --split-from C:\Users\Nima\PointCloudStreaming\data\lstm_achieved_s8\split.json --no-tune --hidden 128 --layers 2 --dropout 0.1 --lr 0.0005 (log: 20_lstm_s8_log1p.log)
[2026-07-18 23:30:26 UTC] DONE  train_lstm[S=8,log1p] in 5.3 min
[2026-07-18 23:30:26 UTC] LSTM S=8: transform=log1p, low_bw_mae=0.574 -> models/bandwidth_lstm_s8.pkl
[2026-07-18 23:30:26 UTC] START train_lstm[S=10,log1p]: C:\Users\Nima\AppData\Local\Programs\Python\Python313\python.exe -u scripts\train_model.py --transform log1p --out C:\Users\Nima\PointCloudStreaming\logs/train_runs/qoe_v2_wide\lstm\s10\bandwidth_lstm_log1p.pkl --sequence-length 8 --epochs 50 --test-size 0.2 --bandwidth-dir C:\Users\Nima\PointCloudStreaming\data\lstm_achieved_s10 --split-from C:\Users\Nima\PointCloudStreaming\data\lstm_achieved_s10\split.json --no-tune --hidden 128 --layers 2 --dropout 0.1 --lr 0.0005 (log: 20_lstm_s10_log1p.log)
[2026-07-18 23:34:45 UTC] DONE  train_lstm[S=10,log1p] in 4.3 min
[2026-07-18 23:34:45 UTC] LSTM S=10: transform=log1p, low_bw_mae=0.739 -> models/bandwidth_lstm_s10.pkl
[2026-07-18 23:34:45 UTC] START train_lstm[S=15,log1p]: C:\Users\Nima\AppData\Local\Programs\Python\Python313\python.exe -u scripts\train_model.py --transform log1p --out C:\Users\Nima\PointCloudStreaming\logs/train_runs/qoe_v2_wide\lstm\s15\bandwidth_lstm_log1p.pkl --sequence-length 8 --epochs 50 --test-size 0.2 --bandwidth-dir C:\Users\Nima\PointCloudStreaming\data\lstm_achieved_s15 --split-from C:\Users\Nima\PointCloudStreaming\data\lstm_achieved_s15\split.json --no-tune --hidden 128 --layers 2 --dropout 0.1 --lr 0.0005 (log: 20_lstm_s15_log1p.log)
[2026-07-18 23:37:01 UTC] DONE  train_lstm[S=15,log1p] in 2.3 min
[2026-07-18 23:37:01 UTC] LSTM S=15: transform=log1p, low_bw_mae=1.095 -> models/bandwidth_lstm_s15.pkl
[2026-07-18 23:37:01 UTC] START dqn_staged_sweep: C:\Users\Nima\AppData\Local\Programs\Python\Python313\python.exe -u scripts\sweep.py --config C:\Users\Nima\PointCloudStreaming\configs\training.json --jobs 4 --sweep-dir C:\Users\Nima\PointCloudStreaming\logs/train_runs/qoe_v2_wide\sweep --out C:\Users\Nima\PointCloudStreaming\models/abr_dqn_qoe_v2_wide.pkl --results C:\Users\Nima\PointCloudStreaming\models/dqn_sweep_results_qoe_v2_wide.json --lstm-template C:\Users\Nima\PointCloudStreaming\models/bandwidth_lstm_s{segment_frames}.pkl (log: 30_dqn_sweep.log)
[2026-07-19 01:20:12 UTC] DONE  dqn_staged_sweep in 103.2 min
[2026-07-19 01:20:12 UTC] frozen DQN choice: trial=5 S=8; matching LSTM=models/bandwidth_lstm_s8.pkl
[2026-07-19 01:20:12 UTC] START validation_baseline_tuning: C:\Users\Nima\AppData\Local\Programs\Python\Python313\python.exe -u scripts\tune_baselines.py --protocol configs/experiment_protocol.json --segment-frames 8 --families fixed,buffer,mpc --lstm C:\Users\Nima\PointCloudStreaming\models/bandwidth_lstm_s8.pkl --out C:\Users\Nima\PointCloudStreaming\models/baseline_config_qoe_v2_wide.json --experiment-config-digest 725d4b220174d141 (log: 35_tune_baselines.log)
[2026-07-19 01:22:13 UTC] DONE  validation_baseline_tuning in 2.0 min
[2026-07-19 01:22:13 UTC] LOCKED test not run. Reinvoke this frozen run with --run-test after reviewing validation artifacts; make no method changes afterward.
[2026-07-19 01:22:13 UTC] summary -> models/TRAINING_SUMMARY_qoe_v2_wide.md; pipeline OK
[2026-07-19 05:21:45 UTC] pipeline start | config=configs/training.json smoke=False jobs=4 segments=[5, 8, 10, 15] config_digest=725d4b220174d141 skip=['baselines', 'gen', 'lstm', 'sweep'] run_test=True
[2026-07-19 05:21:45 UTC] frozen DQN choice: trial=5 S=8; matching LSTM=models/bandwidth_lstm_s8.pkl
[2026-07-19 05:21:45 UTC] START fixed_previously_inspected_test: C:\Users\Nima\AppData\Local\Programs\Python\Python313\python.exe -u scripts\evaluate_experiment.py --protocol configs/experiment_protocol.json --sweep-results C:\Users\Nima\PointCloudStreaming\models/dqn_sweep_results_qoe_v2_wide.json --baseline-config C:\Users\Nima\PointCloudStreaming\models/baseline_config_qoe_v2_wide.json --lstm C:\Users\Nima\PointCloudStreaming\models/bandwidth_lstm_s8.pkl --strategies dqn,fixed,buffer,mpc --out C:\Users\Nima\PointCloudStreaming\models/final_test_results_qoe_v2_wide.json --experiment-config-digest 725d4b220174d141 --split test --max-frames 0 (log: 40_registered_evaluation.log)
[2026-07-19 05:22:47 UTC] DONE  fixed_previously_inspected_test in 1.0 min
[2026-07-19 05:22:47 UTC] summary -> models/TRAINING_SUMMARY_qoe_v2_wide.md; pipeline OK
