# C:\Users\Nima\AppData\Local\Programs\Python\Python313\python.exe -u train_model.py --transform log1p --out C:\Users\Nima\PointCloudStreaming\logs\train_runs\20260711_130607_full\lstm\bandwidth_lstm_log1p.pkl --sequence-length 8 --epochs 100 --test-size 0.2 --bandwidth-dir C:\Users\Nima\PointCloudStreaming\data\lstm_achieved --split-from C:\Users\Nima\PointCloudStreaming\data\lstm_achieved\split.json
================================================================================
🤖 LSTM Bandwidth Prediction Model Training
================================================================================
📋 Explicit split from C:\Users\Nima\PointCloudStreaming\data\lstm_achieved\split.json: 128 train / 32 test files

📁 Found 160 bandwidth trace files
📂 Output directory: C:\Users\Nima\PointCloudStreaming\models
🔧 Hyperparameter tuning: Enabled
📊 Sequence length: 8
🧪 File-level test split: 0.20
🎲 Split random seed: 42

================================================================================
Training Process:
  1. Load and prepare dataset
  2. Split files into train/test sets (file-level)
  3. Perform hyperparameter grid search
  4. Train final model with best hyperparameters
  5. Save trained model and best model
================================================================================

Loading bandwidth traces from C:\Users\Nima\PointCloudStreaming\data\lstm_achieved...
Dataset size: 3520 sequences
Bandwidth range: 0.03 - 181.03 Mbps
Mean bandwidth: 35.80 Mbps, Std: 46.08 Mbps
File-level split (80/20): 128 train files, 32 test files

Testing 16 hyperparameter combinations...
============================================================

[1/16] Testing: {'hidden_size': 64, 'num_layers': 1, 'dropout': 0.1, 'learning_rate': 0.001}
  MAE: 4.6133, MAPE: 18.19%, RMSE: 11.2341

[2/16] Testing: {'hidden_size': 64, 'num_layers': 1, 'dropout': 0.1, 'learning_rate': 0.0005}
  MAE: 4.5056, MAPE: 19.45%, RMSE: 11.2793

[3/16] Testing: {'hidden_size': 64, 'num_layers': 1, 'dropout': 0.2, 'learning_rate': 0.001}
  MAE: 4.4769, MAPE: 18.91%, RMSE: 11.0740

[4/16] Testing: {'hidden_size': 64, 'num_layers': 1, 'dropout': 0.2, 'learning_rate': 0.0005}
  MAE: 4.4427, MAPE: 18.42%, RMSE: 11.2112

[5/16] Testing: {'hidden_size': 64, 'num_layers': 2, 'dropout': 0.1, 'learning_rate': 0.001}
  MAE: 5.0094, MAPE: 19.33%, RMSE: 11.9096

[6/16] Testing: {'hidden_size': 64, 'num_layers': 2, 'dropout': 0.1, 'learning_rate': 0.0005}
  MAE: 5.1203, MAPE: 19.19%, RMSE: 11.9664

[7/16] Testing: {'hidden_size': 64, 'num_layers': 2, 'dropout': 0.2, 'learning_rate': 0.001}
  MAE: 5.1128, MAPE: 19.74%, RMSE: 12.1684

[8/16] Testing: {'hidden_size': 64, 'num_layers': 2, 'dropout': 0.2, 'learning_rate': 0.0005}
  MAE: 5.1820, MAPE: 19.34%, RMSE: 12.0416

[9/16] Testing: {'hidden_size': 128, 'num_layers': 1, 'dropout': 0.1, 'learning_rate': 0.001}
  MAE: 4.3317, MAPE: 18.84%, RMSE: 10.7911

[10/16] Testing: {'hidden_size': 128, 'num_layers': 1, 'dropout': 0.1, 'learning_rate': 0.0005}
  MAE: 4.4793, MAPE: 18.59%, RMSE: 11.2692

[11/16] Testing: {'hidden_size': 128, 'num_layers': 1, 'dropout': 0.2, 'learning_rate': 0.001}
  MAE: 4.6241, MAPE: 19.12%, RMSE: 11.1431

[12/16] Testing: {'hidden_size': 128, 'num_layers': 1, 'dropout': 0.2, 'learning_rate': 0.0005}
  MAE: 4.6030, MAPE: 18.33%, RMSE: 11.4187

[13/16] Testing: {'hidden_size': 128, 'num_layers': 2, 'dropout': 0.1, 'learning_rate': 0.001}
  MAE: 5.1218, MAPE: 19.30%, RMSE: 11.7250

[14/16] Testing: {'hidden_size': 128, 'num_layers': 2, 'dropout': 0.1, 'learning_rate': 0.0005}
  MAE: 4.6386, MAPE: 19.24%, RMSE: 11.2234

[15/16] Testing: {'hidden_size': 128, 'num_layers': 2, 'dropout': 0.2, 'learning_rate': 0.001}
  MAE: 5.2913, MAPE: 19.90%, RMSE: 11.9387

[16/16] Testing: {'hidden_size': 128, 'num_layers': 2, 'dropout': 0.2, 'learning_rate': 0.0005}
  MAE: 4.7583, MAPE: 19.26%, RMSE: 11.7889

============================================================
Best hyperparameters: {'hidden_size': 128, 'num_layers': 1, 'dropout': 0.1, 'learning_rate': 0.001}
Best MAE: 4.3317 Mbps

Tuning results saved to: C:\Users\Nima\PointCloudStreaming\logs\train_runs\20260711_130607_full\lstm\bandwidth_lstm_log1p_tuning_results.json

Retraining final model with best hyperparameters...

Training final model...
Epoch 10/100 - Train Loss: 0.052451, Test Loss: 0.103283
Epoch 20/100 - Train Loss: 0.047634, Test Loss: 0.096432
Epoch 30/100 - Train Loss: 0.046671, Test Loss: 0.095069
Epoch 40/100 - Train Loss: 0.046772, Test Loss: 0.094660
Epoch 50/100 - Train Loss: 0.043195, Test Loss: 0.094043
Epoch 60/100 - Train Loss: 0.043450, Test Loss: 0.092632
Early stopping at epoch 68 (no improvement for 15 epochs)
Loaded best model from epoch 53 with test loss: 0.092230

Final Test Metrics:
  MAE: 6.2089 Mbps  (persistence baseline: 5.7626)
  MAPE: 67.89%  (persistence baseline: 73.48%)
  RMSE: 13.6264 Mbps  (persistence baseline: 14.6503)
  Low-bw (<5 Mbps, 49% of test) MAE: 1.3103  (persistence: 1.4468)
  Directional accuracy: 0.612

Saving model to C:\Users\Nima\PointCloudStreaming\logs\train_runs\20260711_130607_full\lstm\bandwidth_lstm_log1p.pkl...
Best model saved to: C:\Users\Nima\PointCloudStreaming\logs\train_runs\20260711_130607_full\lstm\bandwidth_lstm_log1p_best.pkl
Split metadata saved to: C:\Users\Nima\PointCloudStreaming\logs\train_runs\20260711_130607_full\lstm\bandwidth_lstm_log1p_split.json

Sample predictions:
  Actual: 4.54 Mbps, Predicted: 3.52 Mbps
  Actual: 5.02 Mbps, Predicted: 4.29 Mbps
  Actual: 4.34 Mbps, Predicted: 4.68 Mbps
  Actual: 4.08 Mbps, Predicted: 4.64 Mbps
  Actual: 4.04 Mbps, Predicted: 4.45 Mbps

================================================================================
✅ Training complete!
📦 Model saved to: C:\Users\Nima\PointCloudStreaming\logs\train_runs\20260711_130607_full\lstm\bandwidth_lstm_log1p.pkl
📦 Best model saved to: C:\Users\Nima\PointCloudStreaming\logs\train_runs\20260711_130607_full\lstm\bandwidth_lstm_log1p_best.pkl
🧾 Split metadata saved to: C:\Users\Nima\PointCloudStreaming\logs\train_runs\20260711_130607_full\lstm\bandwidth_lstm_log1p_split.json
📊 Tuning results saved to: C:\Users\Nima\PointCloudStreaming\logs\train_runs\20260711_130607_full\lstm\bandwidth_lstm_log1p_tuning_results.json

Next steps:
  1. Run the system with LSTM prediction:
     python3 run_lstm.py
  2. Or compare with baseline (no LSTM):
     python3 run.py
  3. Use a test-only simulation trace from:
     C:\Users\Nima\PointCloudStreaming\logs\train_runs\20260711_130607_full\lstm\bandwidth_lstm_log1p_split.json -> test_files
================================================================================
