# C:\Users\Nima\AppData\Local\Programs\Python\Python313\python.exe -u sweep.py --config configs\training.json --jobs 2 --sweep-dir C:\Users\Nima\PointCloudStreaming\logs\train_runs\20260711_130607_full\sweep
sweep: 4 configs x 8 seed(s) = 32 trials | jobs=2 | select-by=qoe_quality
  dir: C:\Users\Nima\PointCloudStreaming\logs\train_runs\20260711_130607_full\sweep
  [trial 000 seed 42] ok  {'mu': 4.3, 'no-lstm-pred': False, 'segment-frames': 5}
  [trial 000 seed 43] ok  {'mu': 4.3, 'no-lstm-pred': False, 'segment-frames': 5}
  [trial 000 seed 44] ok  {'mu': 4.3, 'no-lstm-pred': False, 'segment-frames': 5}
  [trial 000 seed 45] ok  {'mu': 4.3, 'no-lstm-pred': False, 'segment-frames': 5}
  [trial 000 seed 47] ok  {'mu': 4.3, 'no-lstm-pred': False, 'segment-frames': 5}
  [trial 000 seed 46] ok  {'mu': 4.3, 'no-lstm-pred': False, 'segment-frames': 5}
  [trial 000 seed 49] ok  {'mu': 4.3, 'no-lstm-pred': False, 'segment-frames': 5}
  [trial 000 seed 48] ok  {'mu': 4.3, 'no-lstm-pred': False, 'segment-frames': 5}
  [trial 001 seed 42] ok  {'mu': 4.3, 'no-lstm-pred': False, 'segment-frames': 8}
  [trial 001 seed 43] ok  {'mu': 4.3, 'no-lstm-pred': False, 'segment-frames': 8}
  [trial 001 seed 44] ok  {'mu': 4.3, 'no-lstm-pred': False, 'segment-frames': 8}
  [trial 001 seed 45] ok  {'mu': 4.3, 'no-lstm-pred': False, 'segment-frames': 8}
  [trial 001 seed 47] ok  {'mu': 4.3, 'no-lstm-pred': False, 'segment-frames': 8}
  [trial 001 seed 46] ok  {'mu': 4.3, 'no-lstm-pred': False, 'segment-frames': 8}
  [trial 001 seed 49] ok  {'mu': 4.3, 'no-lstm-pred': False, 'segment-frames': 8}
  [trial 001 seed 48] ok  {'mu': 4.3, 'no-lstm-pred': False, 'segment-frames': 8}
  [trial 002 seed 42] ok  {'mu': 4.3, 'no-lstm-pred': True, 'segment-frames': 5}
  [trial 002 seed 43] ok  {'mu': 4.3, 'no-lstm-pred': True, 'segment-frames': 5}
  [trial 002 seed 44] ok  {'mu': 4.3, 'no-lstm-pred': True, 'segment-frames': 5}
  [trial 002 seed 45] ok  {'mu': 4.3, 'no-lstm-pred': True, 'segment-frames': 5}
  [trial 002 seed 46] ok  {'mu': 4.3, 'no-lstm-pred': True, 'segment-frames': 5}
  [trial 002 seed 47] ok  {'mu': 4.3, 'no-lstm-pred': True, 'segment-frames': 5}
  [trial 002 seed 49] ok  {'mu': 4.3, 'no-lstm-pred': True, 'segment-frames': 5}
  [trial 002 seed 48] ok  {'mu': 4.3, 'no-lstm-pred': True, 'segment-frames': 5}
  [trial 003 seed 42] ok  {'mu': 4.3, 'no-lstm-pred': True, 'segment-frames': 8}
  [trial 003 seed 43] ok  {'mu': 4.3, 'no-lstm-pred': True, 'segment-frames': 8}
  [trial 003 seed 44] ok  {'mu': 4.3, 'no-lstm-pred': True, 'segment-frames': 8}
  [trial 003 seed 45] ok  {'mu': 4.3, 'no-lstm-pred': True, 'segment-frames': 8}
  [trial 003 seed 46] ok  {'mu': 4.3, 'no-lstm-pred': True, 'segment-frames': 8}
  [trial 003 seed 47] ok  {'mu': 4.3, 'no-lstm-pred': True, 'segment-frames': 8}
  [trial 003 seed 49] ok  {'mu': 4.3, 'no-lstm-pred': True, 'segment-frames': 8}
  [trial 003 seed 48] ok  {'mu': 4.3, 'no-lstm-pred': True, 'segment-frames': 8}

================================================================================================
rank trial   qoe_quality    ±std   mean_q  stall_s  config
1    3             74.60   19.79    0.909      3.2  {'mu': 4.3, 'no-lstm-pred': True, 'segment-frames': 8} *pareto
2    0             74.23   20.26    0.909      3.3  {'mu': 4.3, 'no-lstm-pred': False, 'segment-frames': 5}
3    2             73.77   20.63    0.905      3.2  {'mu': 4.3, 'no-lstm-pred': True, 'segment-frames': 5}
4    1             72.60   19.03    0.893      3.3  {'mu': 4.3, 'no-lstm-pred': False, 'segment-frames': 8}

WINNER trial 3 -> models\abr_dqn.pkl
  qoe_quality = 74.60 ± 19.79 over 8 seeds [42, 43, 44, 45, 46, 47, 48, 49]
  per-seed: {42: 90.94552657478353, 43: 38.27038062095867, 44: 95.11091865217524, 45: 87.93558763650542, 46: 56.8986781135384, 47: 67.90453818338757, 48: 63.53712643427891, 49: 96.17907099633108}
results: models\dqn_sweep_results.json
