# C:\Users\Mamtech\AppData\Local\Programs\Python\Python310\python.exe -u train_model.py --transform none --out C:\Users\Mamtech\PointCloudStreaming\logs\train_runs\20260711_071213_smoke\lstm\bandwidth_lstm_none.pkl --sequence-length 8 --epochs 5 --test-size 0.2 --bandwidth-dir C:\Users\Mamtech\PointCloudStreaming\data\lstm_achieved --split-from C:\Users\Mamtech\PointCloudStreaming\data\lstm_achieved\split.json --no-tune
================================================================================
🤖 LSTM Bandwidth Prediction Model Training
================================================================================
📋 Explicit split from C:\Users\Mamtech\PointCloudStreaming\data\lstm_achieved\split.json: 4 train / 1 test files

📁 Found 5 bandwidth trace files
📂 Output directory: C:\Users\Mamtech\PointCloudStreaming\models
🔧 Hyperparameter tuning: Disabled
📊 Sequence length: 8
🧪 File-level test split: 0.20
🎲 Split random seed: 42

================================================================================
Training Process:
  1. Load and prepare dataset
  2. Split files into train/test sets (file-level)
  3. Train model with default hyperparameters
  5. Save trained model and best model
================================================================================

Loading bandwidth traces from C:\Users\Mamtech\PointCloudStreaming\data\lstm_achieved...
Dataset size: 20 sequences
Bandwidth range: 15.87 - 80.04 Mbps
Mean bandwidth: 40.80 Mbps, Std: 25.68 Mbps
File-level split (80/20): 4 train files, 1 test files

Training final model...
Loaded best model from epoch 5 with test loss: 4.974205

Final Test Metrics:
  MAE: 44.5446 Mbps  (persistence baseline: 7.1232)
  MAPE: 61.63%  (persistence baseline: 9.61%)
  RMSE: 44.9068 Mbps  (persistence baseline: 7.9971)
  Low-bw (<5 Mbps, 0% of test) MAE: 0.0000  (persistence: 0.0000)
  Directional accuracy: 0.750

Saving model to C:\Users\Mamtech\PointCloudStreaming\logs\train_runs\20260711_071213_smoke\lstm\bandwidth_lstm_none.pkl...
Best model saved to: C:\Users\Mamtech\PointCloudStreaming\logs\train_runs\20260711_071213_smoke\lstm\bandwidth_lstm_none_best.pkl
Split metadata saved to: C:\Users\Mamtech\PointCloudStreaming\logs\train_runs\20260711_071213_smoke\lstm\bandwidth_lstm_none_split.json

Sample predictions:
  Actual: 25.47 Mbps, Predicted: 26.80 Mbps
  Actual: 26.58 Mbps, Predicted: 26.82 Mbps
  Actual: 23.40 Mbps, Predicted: 26.83 Mbps
  Actual: 23.70 Mbps, Predicted: 26.84 Mbps
  Actual: 18.32 Mbps, Predicted: 26.71 Mbps

================================================================================
✅ Training complete!
📦 Model saved to: C:\Users\Mamtech\PointCloudStreaming\logs\train_runs\20260711_071213_smoke\lstm\bandwidth_lstm_none.pkl
📦 Best model saved to: C:\Users\Mamtech\PointCloudStreaming\logs\train_runs\20260711_071213_smoke\lstm\bandwidth_lstm_none_best.pkl
🧾 Split metadata saved to: C:\Users\Mamtech\PointCloudStreaming\logs\train_runs\20260711_071213_smoke\lstm\bandwidth_lstm_none_split.json

Next steps:
  1. Run the system with LSTM prediction:
     python3 run_lstm.py
  2. Or compare with baseline (no LSTM):
     python3 run.py
  3. Use a test-only simulation trace from:
     C:\Users\Mamtech\PointCloudStreaming\logs\train_runs\20260711_071213_smoke\lstm\bandwidth_lstm_none_split.json -> test_files
================================================================================
