# C:\Users\Nima\AppData\Local\Programs\Python\Python313\python.exe -u scripts\gen_lstm_dataset.py --offsets 8 --segment-frames 8 --protocol configs/experiment_protocol.json
  driving_B_2019.12.16_12.27.05__fixed1__off0.csv: 38 samples (mean 17.92 Mbps)
  driving_B_2019.12.16_12.27.05__fixed3__off0.csv: 38 samples (mean 16.10 Mbps)
  driving_B_2019.12.16_12.27.05__fixed5__off0.csv: 38 samples (mean 3.38 Mbps)
  driving_B_2019.12.16_12.27.05__bandwidth__off0.csv: 38 samples (mean 3.41 Mbps)
  driving_B_2019.12.16_12.27.05__fixed1__off159.csv: 38 samples (mean 12.00 Mbps)
  driving_B_2019.12.16_12.27.05__fixed3__off159.csv: 38 samples (mean 11.32 Mbps)
  driving_B_2019.12.16_12.27.05__fixed5__off159.csv: 38 samples (mean 3.37 Mbps)
  driving_B_2019.12.16_12.27.05__bandwidth__off159.csv: 38 samples (mean 3.38 Mbps)
  driving_B_2019.12.16_12.27.05__fixed1__off318.csv: 38 samples (mean 11.49 Mbps)
  driving_B_2019.12.16_12.27.05__fixed3__off318.csv: 38 samples (mean 6.49 Mbps)
  driving_B_2019.12.16_12.27.05__fixed5__off318.csv: 38 samples (mean 2.33 Mbps)
  driving_B_2019.12.16_12.27.05__bandwidth__off318.csv: 38 samples (mean 2.31 Mbps)
  driving_B_2019.12.16_12.27.05__fixed1__off477.csv: 38 samples (mean 6.56 Mbps)
  driving_B_2019.12.16_12.27.05__fixed3__off477.csv: 38 samples (mean 6.54 Mbps)
  driving_B_2019.12.16_12.27.05__fixed5__off477.csv: 38 samples (mean 3.34 Mbps)
  driving_B_2019.12.16_12.27.05__bandwidth__off477.csv: 38 samples (mean 3.35 Mbps)
  driving_B_2019.12.16_12.27.05__fixed1__off636.csv: 38 samples (mean 55.39 Mbps)
  driving_B_2019.12.16_12.27.05__fixed3__off636.csv: 38 samples (mean 5.21 Mbps)
  driving_B_2019.12.16_12.27.05__fixed5__off636.csv: 38 samples (mean 1.14 Mbps)
  driving_B_2019.12.16_12.27.05__bandwidth__off636.csv: 38 samples (mean 1.30 Mbps)
  driving_B_2019.12.16_12.27.05__fixed1__off795.csv: 38 samples (mean 18.26 Mbps)
  driving_B_2019.12.16_12.27.05__fixed3__off795.csv: 38 samples (mean 15.07 Mbps)
  driving_B_2019.12.16_12.27.05__fixed5__off795.csv: 38 samples (mean 3.32 Mbps)
  driving_B_2019.12.16_12.27.05__bandwidth__off795.csv: 38 samples (mean 3.30 Mbps)
  driving_B_2019.12.16_12.27.05__fixed1__off954.csv: 38 samples (mean 45.94 Mbps)
  driving_B_2019.12.16_12.27.05__fixed3__off954.csv: 38 samples (mean 52.44 Mbps)
  driving_B_2019.12.16_12.27.05__fixed5__off954.csv: 38 samples (mean 3.40 Mbps)
  driving_B_2019.12.16_12.27.05__bandwidth__off954.csv: 38 samples (mean 3.38 Mbps)
  driving_B_2019.12.16_12.27.05__fixed1__off1113.csv: 38 samples (mean 26.78 Mbps)
  driving_B_2019.12.16_12.27.05__fixed3__off1113.csv: 38 samples (mean 13.38 Mbps)
  driving_B_2019.12.16_12.27.05__fixed5__off1113.csv: 38 samples (mean 3.34 Mbps)
  driving_B_2019.12.16_12.27.05__bandwidth__off1113.csv: 38 samples (mean 3.25 Mbps)
  driving_B_2019.12.17_07.32.39__fixed1__off0.csv: 38 samples (mean 16.05 Mbps)
  driving_B_2019.12.17_07.32.39__fixed3__off0.csv: 38 samples (mean 12.47 Mbps)
  driving_B_2019.12.17_07.32.39__fixed5__off0.csv: 38 samples (mean 3.29 Mbps)
  driving_B_2019.12.17_07.32.39__bandwidth__off0.csv: 38 samples (mean 3.32 Mbps)
  driving_B_2019.12.17_07.32.39__fixed1__off301.csv: 38 samples (mean 14.17 Mbps)
  driving_B_2019.12.17_07.32.39__fixed3__off301.csv: 38 samples (mean 11.63 Mbps)
  driving_B_2019.12.17_07.32.39__fixed5__off301.csv: 38 samples (mean 3.32 Mbps)
  driving_B_2019.12.17_07.32.39__bandwidth__off301.csv: 38 samples (mean 3.37 Mbps)
  driving_B_2019.12.17_07.32.39__fixed1__off602.csv: 38 samples (mean 17.65 Mbps)
  driving_B_2019.12.17_07.32.39__fixed3__off602.csv: 38 samples (mean 20.41 Mbps)
  driving_B_2019.12.17_07.32.39__fixed5__off602.csv: 38 samples (mean 3.36 Mbps)
  driving_B_2019.12.17_07.32.39__bandwidth__off602.csv: 38 samples (mean 3.35 Mbps)
  driving_B_2019.12.17_07.32.39__fixed1__off903.csv: 38 samples (mean 8.09 Mbps)
  driving_B_2019.12.17_07.32.39__fixed3__off903.csv: 38 samples (mean 8.61 Mbps)
  driving_B_2019.12.17_07.32.39__fixed5__off903.csv: 38 samples (mean 3.36 Mbps)
  driving_B_2019.12.17_07.32.39__bandwidth__off903.csv: 38 samples (mean 3.34 Mbps)
  driving_B_2019.12.17_07.32.39__fixed1__off1204.csv: 38 samples (mean 71.44 Mbps)
  driving_B_2019.12.17_07.32.39__fixed3__off1204.csv: 38 samples (mean 11.68 Mbps)
  driving_B_2019.12.17_07.32.39__fixed5__off1204.csv: 38 samples (mean 3.35 Mbps)
  driving_B_2019.12.17_07.32.39__bandwidth__off1204.csv: 38 samples (mean 3.34 Mbps)
  driving_B_2019.12.17_07.32.39__fixed1__off1505.csv: 38 samples (mean 12.57 Mbps)
  driving_B_2019.12.17_07.32.39__fixed3__off1505.csv: 38 samples (mean 7.73 Mbps)
  driving_B_2019.12.17_07.32.39__fixed5__off1505.csv: 38 samples (mean 3.15 Mbps)
  driving_B_2019.12.17_07.32.39__bandwidth__off1505.csv: 38 samples (mean 3.19 Mbps)
  driving_B_2019.12.17_07.32.39__fixed1__off1806.csv: 38 samples (mean 9.84 Mbps)
  driving_B_2019.12.17_07.32.39__fixed3__off1806.csv: 38 samples (mean 6.10 Mbps)
  driving_B_2019.12.17_07.32.39__fixed5__off1806.csv: 38 samples (mean 2.58 Mbps)
  driving_B_2019.12.17_07.32.39__bandwidth__off1806.csv: 38 samples (mean 2.56 Mbps)
  driving_B_2019.12.17_07.32.39__fixed1__off2107.csv: 38 samples (mean 107.53 Mbps)
  driving_B_2019.12.17_07.32.39__fixed3__off2107.csv: 38 samples (mean 51.85 Mbps)
  driving_B_2019.12.17_07.32.39__fixed5__off2107.csv: 38 samples (mean 3.34 Mbps)
  driving_B_2019.12.17_07.32.39__bandwidth__off2107.csv: 38 samples (mean 3.40 Mbps)
  driving_B_2020.01.16_07.26.43__fixed1__off0.csv: 38 samples (mean 11.95 Mbps)
  driving_B_2020.01.16_07.26.43__fixed3__off0.csv: 38 samples (mean 10.39 Mbps)
  driving_B_2020.01.16_07.26.43__fixed5__off0.csv: 38 samples (mean 3.39 Mbps)
  driving_B_2020.01.16_07.26.43__bandwidth__off0.csv: 38 samples (mean 3.36 Mbps)
  driving_B_2020.01.16_07.26.43__fixed1__off236.csv: 38 samples (mean 16.18 Mbps)
  driving_B_2020.01.16_07.26.43__fixed3__off236.csv: 38 samples (mean 11.76 Mbps)
  driving_B_2020.01.16_07.26.43__fixed5__off236.csv: 38 samples (mean 3.39 Mbps)
  driving_B_2020.01.16_07.26.43__bandwidth__off236.csv: 38 samples (mean 3.31 Mbps)
  driving_B_2020.01.16_07.26.43__fixed1__off472.csv: 38 samples (mean 8.64 Mbps)
  driving_B_2020.01.16_07.26.43__fixed3__off472.csv: 38 samples (mean 6.35 Mbps)
  driving_B_2020.01.16_07.26.43__fixed5__off472.csv: 38 samples (mean 2.64 Mbps)
  driving_B_2020.01.16_07.26.43__bandwidth__off472.csv: 38 samples (mean 2.68 Mbps)
  driving_B_2020.01.16_07.26.43__fixed1__off709.csv: 38 samples (mean 16.73 Mbps)
  driving_B_2020.01.16_07.26.43__fixed3__off709.csv: 38 samples (mean 14.38 Mbps)
  driving_B_2020.01.16_07.26.43__fixed5__off709.csv: 38 samples (mean 2.51 Mbps)
  driving_B_2020.01.16_07.26.43__bandwidth__off709.csv: 38 samples (mean 2.45 Mbps)
  driving_B_2020.01.16_07.26.43__fixed1__off945.csv: 38 samples (mean 11.05 Mbps)
  driving_B_2020.01.16_07.26.43__fixed3__off945.csv: 38 samples (mean 6.33 Mbps)
  driving_B_2020.01.16_07.26.43__fixed5__off945.csv: 38 samples (mean 3.34 Mbps)
  driving_B_2020.01.16_07.26.43__bandwidth__off945.csv: 38 samples (mean 3.39 Mbps)
  driving_B_2020.01.16_07.26.43__fixed1__off1181.csv: 38 samples (mean 9.89 Mbps)
  driving_B_2020.01.16_07.26.43__fixed3__off1181.csv: 38 samples (mean 10.44 Mbps)
  driving_B_2020.01.16_07.26.43__fixed5__off1181.csv: 38 samples (mean 2.80 Mbps)
  driving_B_2020.01.16_07.26.43__bandwidth__off1181.csv: 38 samples (mean 2.82 Mbps)
  driving_B_2020.01.16_07.26.43__fixed1__off1418.csv: 38 samples (mean 7.31 Mbps)
  driving_B_2020.01.16_07.26.43__fixed3__off1418.csv: 38 samples (mean 7.57 Mbps)
  driving_B_2020.01.16_07.26.43__fixed5__off1418.csv: 38 samples (mean 3.28 Mbps)
  driving_B_2020.01.16_07.26.43__bandwidth__off1418.csv: 38 samples (mean 3.37 Mbps)
  driving_B_2020.01.16_07.26.43__fixed1__off1654.csv: 38 samples (mean 9.26 Mbps)
  driving_B_2020.01.16_07.26.43__fixed3__off1654.csv: 38 samples (mean 10.20 Mbps)
  driving_B_2020.01.16_07.26.43__fixed5__off1654.csv: 38 samples (mean 3.35 Mbps)
  driving_B_2020.01.16_07.26.43__bandwidth__off1654.csv: 38 samples (mean 3.45 Mbps)
  driving_B_2020.01.16_09.56.56__fixed1__off0.csv: 38 samples (mean 14.88 Mbps)
  driving_B_2020.01.16_09.56.56__fixed3__off0.csv: 38 samples (mean 14.29 Mbps)
  driving_B_2020.01.16_09.56.56__fixed5__off0.csv: 38 samples (mean 3.34 Mbps)
  driving_B_2020.01.16_09.56.56__bandwidth__off0.csv: 38 samples (mean 3.28 Mbps)
  driving_B_2020.01.16_09.56.56__fixed1__off211.csv: 38 samples (mean 28.72 Mbps)
  driving_B_2020.01.16_09.56.56__fixed3__off211.csv: 38 samples (mean 25.10 Mbps)
  driving_B_2020.01.16_09.56.56__fixed5__off211.csv: 38 samples (mean 3.35 Mbps)
  driving_B_2020.01.16_09.56.56__bandwidth__off211.csv: 38 samples (mean 3.31 Mbps)
  driving_B_2020.01.16_09.56.56__fixed1__off422.csv: 38 samples (mean 25.58 Mbps)
  driving_B_2020.01.16_09.56.56__fixed3__off422.csv: 38 samples (mean 8.34 Mbps)
  driving_B_2020.01.16_09.56.56__fixed5__off422.csv: 38 samples (mean 3.36 Mbps)
  driving_B_2020.01.16_09.56.56__bandwidth__off422.csv: 38 samples (mean 3.40 Mbps)
  driving_B_2020.01.16_09.56.56__fixed1__off634.csv: 38 samples (mean 196.59 Mbps)
  driving_B_2020.01.16_09.56.56__fixed3__off634.csv: 38 samples (mean 28.25 Mbps)
  driving_B_2020.01.16_09.56.56__fixed5__off634.csv: 38 samples (mean 3.35 Mbps)
  driving_B_2020.01.16_09.56.56__bandwidth__off634.csv: 38 samples (mean 3.37 Mbps)
  driving_B_2020.01.16_09.56.56__fixed1__off845.csv: 38 samples (mean 13.98 Mbps)
  driving_B_2020.01.16_09.56.56__fixed3__off845.csv: 38 samples (mean 7.74 Mbps)
  driving_B_2020.01.16_09.56.56__fixed5__off845.csv: 38 samples (mean 3.31 Mbps)
  driving_B_2020.01.16_09.56.56__bandwidth__off845.csv: 38 samples (mean 3.34 Mbps)
  driving_B_2020.01.16_09.56.56__fixed1__off1056.csv: 38 samples (mean 11.26 Mbps)
  driving_B_2020.01.16_09.56.56__fixed3__off1056.csv: 38 samples (mean 10.04 Mbps)
  driving_B_2020.01.16_09.56.56__fixed5__off1056.csv: 38 samples (mean 3.36 Mbps)
  driving_B_2020.01.16_09.56.56__bandwidth__off1056.csv: 38 samples (mean 3.29 Mbps)
  driving_B_2020.01.16_09.56.56__fixed1__off1268.csv: 38 samples (mean 36.74 Mbps)
  driving_B_2020.01.16_09.56.56__fixed3__off1268.csv: 38 samples (mean 17.60 Mbps)
  driving_B_2020.01.16_09.56.56__fixed5__off1268.csv: 38 samples (mean 3.38 Mbps)
  driving_B_2020.01.16_09.56.56__bandwidth__off1268.csv: 38 samples (mean 3.36 Mbps)
  driving_B_2020.01.16_09.56.56__fixed1__off1479.csv: 38 samples (mean 103.91 Mbps)
  driving_B_2020.01.16_09.56.56__fixed3__off1479.csv: 38 samples (mean 52.18 Mbps)
  driving_B_2020.01.16_09.56.56__fixed5__off1479.csv: 38 samples (mean 3.30 Mbps)
  driving_B_2020.01.16_09.56.56__bandwidth__off1479.csv: 38 samples (mean 3.29 Mbps)
  driving_B_2020.01.16_12.10.03__fixed1__off0.csv: 38 samples (mean 178.03 Mbps)
  driving_B_2020.01.16_12.10.03__fixed3__off0.csv: 38 samples (mean 51.61 Mbps)
  driving_B_2020.01.16_12.10.03__fixed5__off0.csv: 38 samples (mean 3.25 Mbps)
  driving_B_2020.01.16_12.10.03__bandwidth__off0.csv: 38 samples (mean 3.33 Mbps)
  driving_B_2020.01.16_12.10.03__fixed1__off46.csv: 38 samples (mean 118.68 Mbps)
  driving_B_2020.01.16_12.10.03__fixed3__off46.csv: 38 samples (mean 40.23 Mbps)
  driving_B_2020.01.16_12.10.03__fixed5__off46.csv: 38 samples (mean 3.33 Mbps)
  driving_B_2020.01.16_12.10.03__bandwidth__off46.csv: 38 samples (mean 3.31 Mbps)
  driving_B_2020.01.16_12.10.03__fixed1__off91.csv: 38 samples (mean 135.73 Mbps)
  driving_B_2020.01.16_12.10.03__fixed3__off91.csv: 38 samples (mean 51.98 Mbps)
  driving_B_2020.01.16_12.10.03__fixed5__off91.csv: 38 samples (mean 3.39 Mbps)
  driving_B_2020.01.16_12.10.03__bandwidth__off91.csv: 38 samples (mean 3.28 Mbps)
  driving_B_2020.01.16_12.10.03__fixed1__off136.csv: 38 samples (mean 110.89 Mbps)
  driving_B_2020.01.16_12.10.03__fixed3__off136.csv: 38 samples (mean 52.77 Mbps)
  driving_B_2020.01.16_12.10.03__fixed5__off136.csv: 38 samples (mean 3.35 Mbps)
  driving_B_2020.01.16_12.10.03__bandwidth__off136.csv: 38 samples (mean 3.37 Mbps)
  driving_B_2020.01.16_12.10.03__fixed1__off182.csv: 38 samples (mean 86.49 Mbps)
  driving_B_2020.01.16_12.10.03__fixed3__off182.csv: 38 samples (mean 52.75 Mbps)
  driving_B_2020.01.16_12.10.03__fixed5__off182.csv: 38 samples (mean 3.29 Mbps)
  driving_B_2020.01.16_12.10.03__bandwidth__off182.csv: 38 samples (mean 3.36 Mbps)
  driving_B_2020.01.16_12.10.03__fixed1__off228.csv: 38 samples (mean 113.19 Mbps)
  driving_B_2020.01.16_12.10.03__fixed3__off228.csv: 38 samples (mean 46.24 Mbps)
  driving_B_2020.01.16_12.10.03__fixed5__off228.csv: 38 samples (mean 3.32 Mbps)
  driving_B_2020.01.16_12.10.03__bandwidth__off228.csv: 38 samples (mean 3.33 Mbps)
  driving_B_2020.01.16_12.10.03__fixed1__off244.csv: 38 samples (mean 87.85 Mbps)
  driving_B_2020.01.16_12.10.03__fixed3__off244.csv: 38 samples (mean 52.49 Mbps)
  driving_B_2020.01.16_12.10.03__fixed5__off244.csv: 38 samples (mean 3.34 Mbps)
  driving_B_2020.01.16_12.10.03__bandwidth__off244.csv: 38 samples (mean 3.34 Mbps)
  driving_B_2020.02.13_13.03.24__fixed1__off0.csv: 38 samples (mean 9.71 Mbps)
  driving_B_2020.02.13_13.03.24__fixed3__off0.csv: 38 samples (mean 10.24 Mbps)
  driving_B_2020.02.13_13.03.24__fixed5__off0.csv: 38 samples (mean 2.79 Mbps)
  driving_B_2020.02.13_13.03.24__bandwidth__off0.csv: 38 samples (mean 2.75 Mbps)
  driving_B_2020.02.13_13.03.24__fixed1__off288.csv: 38 samples (mean 12.39 Mbps)
  driving_B_2020.02.13_13.03.24__fixed3__off288.csv: 38 samples (mean 11.14 Mbps)
  driving_B_2020.02.13_13.03.24__fixed5__off288.csv: 38 samples (mean 3.39 Mbps)
  driving_B_2020.02.13_13.03.24__bandwidth__off288.csv: 38 samples (mean 3.38 Mbps)
  driving_B_2020.02.13_13.03.24__fixed1__off577.csv: 38 samples (mean 8.55 Mbps)
  driving_B_2020.02.13_13.03.24__fixed3__off577.csv: 38 samples (mean 7.23 Mbps)
  driving_B_2020.02.13_13.03.24__fixed5__off577.csv: 38 samples (mean 3.33 Mbps)
  driving_B_2020.02.13_13.03.24__bandwidth__off577.csv: 38 samples (mean 3.35 Mbps)
  driving_B_2020.02.13_13.03.24__fixed1__off866.csv: 38 samples (mean 6.20 Mbps)
  driving_B_2020.02.13_13.03.24__fixed3__off866.csv: 38 samples (mean 5.89 Mbps)
  driving_B_2020.02.13_13.03.24__fixed5__off866.csv: 38 samples (mean 3.40 Mbps)
  driving_B_2020.02.13_13.03.24__bandwidth__off866.csv: 38 samples (mean 3.36 Mbps)
  driving_B_2020.02.13_13.03.24__fixed1__off1154.csv: 38 samples (mean 7.79 Mbps)
  driving_B_2020.02.13_13.03.24__fixed3__off1154.csv: 38 samples (mean 7.01 Mbps)
  driving_B_2020.02.13_13.03.24__fixed5__off1154.csv: 38 samples (mean 3.30 Mbps)
  driving_B_2020.02.13_13.03.24__bandwidth__off1154.csv: 38 samples (mean 3.32 Mbps)
  driving_B_2020.02.13_13.03.24__fixed1__off1442.csv: 38 samples (mean 46.25 Mbps)
  driving_B_2020.02.13_13.03.24__fixed3__off1442.csv: 38 samples (mean 8.05 Mbps)
  driving_B_2020.02.13_13.03.24__fixed5__off1442.csv: 38 samples (mean 3.41 Mbps)
  driving_B_2020.02.13_13.03.24__bandwidth__off1442.csv: 38 samples (mean 3.32 Mbps)
  driving_B_2020.02.13_13.03.24__fixed1__off1731.csv: 38 samples (mean 75.41 Mbps)
  driving_B_2020.02.13_13.03.24__fixed3__off1731.csv: 38 samples (mean 20.96 Mbps)
  driving_B_2020.02.13_13.03.24__fixed5__off1731.csv: 38 samples (mean 3.39 Mbps)
  driving_B_2020.02.13_13.03.24__bandwidth__off1731.csv: 38 samples (mean 3.41 Mbps)
  driving_B_2020.02.13_13.03.24__fixed1__off2020.csv: 38 samples (mean 4.28 Mbps)
  driving_B_2020.02.13_13.03.24__fixed3__off2020.csv: 38 samples (mean 5.52 Mbps)
  driving_B_2020.02.13_13.03.24__fixed5__off2020.csv: 38 samples (mean 3.13 Mbps)
  driving_B_2020.02.13_13.03.24__bandwidth__off2020.csv: 38 samples (mean 3.16 Mbps)
  driving_B_2020.02.13_15.02.01__fixed1__off0.csv: 38 samples (mean 74.21 Mbps)
  driving_B_2020.02.13_15.02.01__fixed3__off0.csv: 38 samples (mean 50.52 Mbps)
  driving_B_2020.02.13_15.02.01__fixed5__off0.csv: 38 samples (mean 3.36 Mbps)
  driving_B_2020.02.13_15.02.01__bandwidth__off0.csv: 38 samples (mean 3.36 Mbps)
  driving_B_2020.02.13_15.02.01__fixed1__off359.csv: 38 samples (mean 116.49 Mbps)
  driving_B_2020.02.13_15.02.01__fixed3__off359.csv: 38 samples (mean 51.59 Mbps)
  driving_B_2020.02.13_15.02.01__fixed5__off359.csv: 38 samples (mean 3.33 Mbps)
  driving_B_2020.02.13_15.02.01__bandwidth__off359.csv: 38 samples (mean 3.35 Mbps)
  driving_B_2020.02.13_15.02.01__fixed1__off718.csv: 38 samples (mean 17.30 Mbps)
  driving_B_2020.02.13_15.02.01__fixed3__off718.csv: 38 samples (mean 10.27 Mbps)
  driving_B_2020.02.13_15.02.01__fixed5__off718.csv: 38 samples (mean 3.29 Mbps)
  driving_B_2020.02.13_15.02.01__bandwidth__off718.csv: 38 samples (mean 3.37 Mbps)
  driving_B_2020.02.13_15.02.01__fixed1__off1078.csv: 38 samples (mean 24.27 Mbps)
  driving_B_2020.02.13_15.02.01__fixed3__off1078.csv: 38 samples (mean 14.13 Mbps)
  driving_B_2020.02.13_15.02.01__fixed5__off1078.csv: 38 samples (mean 3.33 Mbps)
  driving_B_2020.02.13_15.02.01__bandwidth__off1078.csv: 38 samples (mean 3.29 Mbps)
  driving_B_2020.02.13_15.02.01__fixed1__off1437.csv: 38 samples (mean 7.00 Mbps)
  driving_B_2020.02.13_15.02.01__fixed3__off1437.csv: 38 samples (mean 6.85 Mbps)
  driving_B_2020.02.13_15.02.01__fixed5__off1437.csv: 38 samples (mean 3.35 Mbps)
  driving_B_2020.02.13_15.02.01__bandwidth__off1437.csv: 38 samples (mean 3.39 Mbps)
  driving_B_2020.02.13_15.02.01__fixed1__off1796.csv: 38 samples (mean 92.38 Mbps)
  driving_B_2020.02.13_15.02.01__fixed3__off1796.csv: 38 samples (mean 52.01 Mbps)
  driving_B_2020.02.13_15.02.01__fixed5__off1796.csv: 38 samples (mean 3.38 Mbps)
  driving_B_2020.02.13_15.02.01__bandwidth__off1796.csv: 38 samples (mean 3.29 Mbps)
  driving_B_2020.02.13_15.02.01__fixed1__off2156.csv: 38 samples (mean 100.31 Mbps)
  driving_B_2020.02.13_15.02.01__fixed3__off2156.csv: 38 samples (mean 51.62 Mbps)
  driving_B_2020.02.13_15.02.01__fixed5__off2156.csv: 38 samples (mean 3.35 Mbps)
  driving_B_2020.02.13_15.02.01__bandwidth__off2156.csv: 38 samples (mean 3.38 Mbps)
  driving_B_2020.02.13_15.02.01__fixed1__off2515.csv: 38 samples (mean 30.29 Mbps)
  driving_B_2020.02.13_15.02.01__fixed3__off2515.csv: 38 samples (mean 6.50 Mbps)
  driving_B_2020.02.13_15.02.01__fixed5__off2515.csv: 38 samples (mean 2.42 Mbps)
  driving_B_2020.02.13_15.02.01__bandwidth__off2515.csv: 38 samples (mean 2.37 Mbps)
  driving_B_2020.02.14_09.38.22__fixed1__off0.csv: 38 samples (mean 8.36 Mbps)
  driving_B_2020.02.14_09.38.22__fixed3__off0.csv: 38 samples (mean 6.21 Mbps)
  driving_B_2020.02.14_09.38.22__fixed5__off0.csv: 38 samples (mean 3.35 Mbps)
  driving_B_2020.02.14_09.38.22__bandwidth__off0.csv: 38 samples (mean 3.38 Mbps)
  driving_B_2020.02.14_09.38.22__fixed1__off200.csv: 38 samples (mean 4.95 Mbps)
  driving_B_2020.02.14_09.38.22__fixed3__off200.csv: 38 samples (mean 5.11 Mbps)
  driving_B_2020.02.14_09.38.22__fixed5__off200.csv: 38 samples (mean 2.30 Mbps)
  driving_B_2020.02.14_09.38.22__bandwidth__off200.csv: 38 samples (mean 2.21 Mbps)
  driving_B_2020.02.14_09.38.22__fixed1__off400.csv: 38 samples (mean 15.24 Mbps)
  driving_B_2020.02.14_09.38.22__fixed3__off400.csv: 38 samples (mean 5.54 Mbps)
  driving_B_2020.02.14_09.38.22__fixed5__off400.csv: 38 samples (mean 3.07 Mbps)
  driving_B_2020.02.14_09.38.22__bandwidth__off400.csv: 38 samples (mean 3.06 Mbps)
  driving_B_2020.02.14_09.38.22__fixed1__off599.csv: 38 samples (mean 101.65 Mbps)
  driving_B_2020.02.14_09.38.22__fixed3__off599.csv: 38 samples (mean 28.92 Mbps)
  driving_B_2020.02.14_09.38.22__fixed5__off599.csv: 38 samples (mean 3.34 Mbps)
  driving_B_2020.02.14_09.38.22__bandwidth__off599.csv: 38 samples (mean 3.28 Mbps)
  driving_B_2020.02.14_09.38.22__fixed1__off799.csv: 38 samples (mean 98.87 Mbps)
  driving_B_2020.02.14_09.38.22__fixed3__off799.csv: 38 samples (mean 7.78 Mbps)
  driving_B_2020.02.14_09.38.22__fixed5__off799.csv: 38 samples (mean 3.34 Mbps)
  driving_B_2020.02.14_09.38.22__bandwidth__off799.csv: 38 samples (mean 3.35 Mbps)
  driving_B_2020.02.14_09.38.22__fixed1__off999.csv: 38 samples (mean 13.80 Mbps)
  driving_B_2020.02.14_09.38.22__fixed3__off999.csv: 38 samples (mean 10.56 Mbps)
  driving_B_2020.02.14_09.38.22__fixed5__off999.csv: 38 samples (mean 1.58 Mbps)
  driving_B_2020.02.14_09.38.22__bandwidth__off999.csv: 38 samples (mean 1.58 Mbps)
  driving_B_2020.02.14_09.38.22__fixed1__off1198.csv: 38 samples (mean 35.38 Mbps)
  driving_B_2020.02.14_09.38.22__fixed3__off1198.csv: 38 samples (mean 6.61 Mbps)
  driving_B_2020.02.14_09.38.22__fixed5__off1198.csv: 38 samples (mean 2.38 Mbps)
  driving_B_2020.02.14_09.38.22__bandwidth__off1198.csv: 38 samples (mean 2.39 Mbps)
  driving_B_2020.02.14_09.38.22__fixed1__off1398.csv: 38 samples (mean 11.02 Mbps)
  driving_B_2020.02.14_09.38.22__fixed3__off1398.csv: 38 samples (mean 10.95 Mbps)
  driving_B_2020.02.14_09.38.22__fixed5__off1398.csv: 38 samples (mean 3.35 Mbps)
  driving_B_2020.02.14_09.38.22__bandwidth__off1398.csv: 38 samples (mean 3.38 Mbps)
  driving_B_2020.02.14_12.58.17__fixed1__off0.csv: 38 samples (mean 14.69 Mbps)
  driving_B_2020.02.14_12.58.17__fixed3__off0.csv: 38 samples (mean 10.20 Mbps)
  driving_B_2020.02.14_12.58.17__fixed5__off0.csv: 38 samples (mean 3.31 Mbps)
  driving_B_2020.02.14_12.58.17__bandwidth__off0.csv: 38 samples (mean 3.36 Mbps)
  driving_B_2020.02.14_12.58.17__fixed1__off115.csv: 38 samples (mean 10.40 Mbps)
  driving_B_2020.02.14_12.58.17__fixed3__off115.csv: 38 samples (mean 11.55 Mbps)
  driving_B_2020.02.14_12.58.17__fixed5__off115.csv: 38 samples (mean 2.05 Mbps)
  driving_B_2020.02.14_12.58.17__bandwidth__off115.csv: 38 samples (mean 2.05 Mbps)
  driving_B_2020.02.14_12.58.17__fixed1__off230.csv: 38 samples (mean 3.11 Mbps)
  driving_B_2020.02.14_12.58.17__fixed3__off230.csv: 38 samples (mean 1.78 Mbps)
  driving_B_2020.02.14_12.58.17__fixed5__off230.csv: 38 samples (mean 1.94 Mbps)
  driving_B_2020.02.14_12.58.17__bandwidth__off230.csv: 38 samples (mean 1.85 Mbps)
  driving_B_2020.02.14_12.58.17__fixed1__off345.csv: 38 samples (mean 4.78 Mbps)
  driving_B_2020.02.14_12.58.17__fixed3__off345.csv: 38 samples (mean 4.29 Mbps)
  driving_B_2020.02.14_12.58.17__fixed5__off345.csv: 38 samples (mean 1.59 Mbps)
  driving_B_2020.02.14_12.58.17__bandwidth__off345.csv: 38 samples (mean 1.63 Mbps)
  driving_B_2020.02.14_12.58.17__fixed1__off460.csv: 38 samples (mean 7.72 Mbps)
  driving_B_2020.02.14_12.58.17__fixed3__off460.csv: 38 samples (mean 3.29 Mbps)
  driving_B_2020.02.14_12.58.17__fixed5__off460.csv: 38 samples (mean 3.30 Mbps)
  driving_B_2020.02.14_12.58.17__bandwidth__off460.csv: 38 samples (mean 3.34 Mbps)
  driving_B_2020.02.14_12.58.17__fixed1__off575.csv: 38 samples (mean 11.58 Mbps)
  driving_B_2020.02.14_12.58.17__fixed3__off575.csv: 38 samples (mean 7.92 Mbps)
  driving_B_2020.02.14_12.58.17__fixed5__off575.csv: 38 samples (mean 3.15 Mbps)
  driving_B_2020.02.14_12.58.17__bandwidth__off575.csv: 38 samples (mean 3.16 Mbps)
  driving_B_2020.02.14_12.58.17__fixed1__off690.csv: 38 samples (mean 5.16 Mbps)
  driving_B_2020.02.14_12.58.17__fixed3__off690.csv: 38 samples (mean 4.47 Mbps)
  driving_B_2020.02.14_12.58.17__fixed5__off690.csv: 38 samples (mean 3.03 Mbps)
  driving_B_2020.02.14_12.58.17__bandwidth__off690.csv: 38 samples (mean 3.00 Mbps)
  driving_B_2020.02.14_12.58.17__fixed1__off800.csv: 38 samples (mean 4.87 Mbps)
  driving_B_2020.02.14_12.58.17__fixed3__off800.csv: 38 samples (mean 7.87 Mbps)
  driving_B_2020.02.14_12.58.17__fixed5__off800.csv: 38 samples (mean 3.39 Mbps)
  driving_B_2020.02.14_12.58.17__bandwidth__off800.csv: 38 samples (mean 3.37 Mbps)
  driving_B_2020.02.27_17.30.15__fixed1__off0.csv: 38 samples (mean 4.88 Mbps)
  driving_B_2020.02.27_17.30.15__fixed3__off0.csv: 38 samples (mean 5.68 Mbps)
  driving_B_2020.02.27_17.30.15__fixed5__off0.csv: 38 samples (mean 3.15 Mbps)
  driving_B_2020.02.27_17.30.15__bandwidth__off0.csv: 38 samples (mean 3.05 Mbps)
  driving_B_2020.02.27_17.30.15__fixed1__off105.csv: 38 samples (mean 3.86 Mbps)
  driving_B_2020.02.27_17.30.15__fixed3__off105.csv: 38 samples (mean 3.08 Mbps)
  driving_B_2020.02.27_17.30.15__fixed5__off105.csv: 38 samples (mean 1.34 Mbps)
  driving_B_2020.02.27_17.30.15__bandwidth__off105.csv: 38 samples (mean 1.35 Mbps)
  driving_B_2020.02.27_17.30.15__fixed1__off210.csv: 38 samples (mean 3.95 Mbps)
  driving_B_2020.02.27_17.30.15__fixed3__off210.csv: 38 samples (mean 2.32 Mbps)
  driving_B_2020.02.27_17.30.15__fixed5__off210.csv: 38 samples (mean 1.73 Mbps)
  driving_B_2020.02.27_17.30.15__bandwidth__off210.csv: 38 samples (mean 1.77 Mbps)
  driving_B_2020.02.27_17.30.15__fixed1__off315.csv: 38 samples (mean 4.35 Mbps)
  driving_B_2020.02.27_17.30.15__fixed3__off315.csv: 38 samples (mean 4.31 Mbps)
  driving_B_2020.02.27_17.30.15__fixed5__off315.csv: 38 samples (mean 0.62 Mbps)
  driving_B_2020.02.27_17.30.15__bandwidth__off315.csv: 38 samples (mean 0.62 Mbps)
  driving_B_2020.02.27_17.30.15__fixed1__off420.csv: 38 samples (mean 4.24 Mbps)
  driving_B_2020.02.27_17.30.15__fixed3__off420.csv: 38 samples (mean 2.20 Mbps)
  driving_B_2020.02.27_17.30.15__fixed5__off420.csv: 38 samples (mean 2.03 Mbps)
  driving_B_2020.02.27_17.30.15__bandwidth__off420.csv: 38 samples (mean 2.02 Mbps)
  driving_B_2020.02.27_17.30.15__fixed1__off525.csv: 38 samples (mean 4.55 Mbps)
  driving_B_2020.02.27_17.30.15__fixed3__off525.csv: 38 samples (mean 4.19 Mbps)
  driving_B_2020.02.27_17.30.15__fixed5__off525.csv: 38 samples (mean 1.52 Mbps)
  driving_B_2020.02.27_17.30.15__bandwidth__off525.csv: 38 samples (mean 1.55 Mbps)
  driving_B_2020.02.27_17.30.15__fixed1__off630.csv: 38 samples (mean 3.86 Mbps)
  driving_B_2020.02.27_17.30.15__fixed3__off630.csv: 38 samples (mean 3.51 Mbps)
  driving_B_2020.02.27_17.30.15__fixed5__off630.csv: 38 samples (mean 2.83 Mbps)
  driving_B_2020.02.27_17.30.15__bandwidth__off630.csv: 38 samples (mean 2.70 Mbps)
  driving_B_2020.02.27_17.30.15__fixed1__off720.csv: 38 samples (mean 2.69 Mbps)
  driving_B_2020.02.27_17.30.15__fixed3__off720.csv: 38 samples (mean 3.79 Mbps)
  driving_B_2020.02.27_17.30.15__fixed5__off720.csv: 38 samples (mean 3.02 Mbps)
  driving_B_2020.02.27_17.30.15__bandwidth__off720.csv: 38 samples (mean 3.04 Mbps)
  static_B_2019.12.16_13.40.04__fixed1__off0.csv: 38 samples (mean 103.04 Mbps)
  static_B_2019.12.16_13.40.04__fixed3__off0.csv: 38 samples (mean 31.24 Mbps)
  static_B_2019.12.16_13.40.04__fixed5__off0.csv: 38 samples (mean 3.04 Mbps)
  static_B_2019.12.16_13.40.04__bandwidth__off0.csv: 38 samples (mean 3.03 Mbps)
  static_B_2019.12.16_13.40.04__fixed1__off253.csv: 38 samples (mean 31.34 Mbps)
  static_B_2019.12.16_13.40.04__fixed3__off253.csv: 38 samples (mean 27.49 Mbps)
  static_B_2019.12.16_13.40.04__fixed5__off253.csv: 38 samples (mean 3.35 Mbps)
  static_B_2019.12.16_13.40.04__bandwidth__off253.csv: 38 samples (mean 3.34 Mbps)
  static_B_2019.12.16_13.40.04__fixed1__off506.csv: 38 samples (mean 88.89 Mbps)
  static_B_2019.12.16_13.40.04__fixed3__off506.csv: 38 samples (mean 44.54 Mbps)
  static_B_2019.12.16_13.40.04__fixed5__off506.csv: 38 samples (mean 2.45 Mbps)
  static_B_2019.12.16_13.40.04__bandwidth__off506.csv: 38 samples (mean 2.50 Mbps)
  static_B_2019.12.16_13.40.04__fixed1__off759.csv: 38 samples (mean 114.03 Mbps)
  static_B_2019.12.16_13.40.04__fixed3__off759.csv: 38 samples (mean 51.74 Mbps)
  static_B_2019.12.16_13.40.04__fixed5__off759.csv: 38 samples (mean 3.29 Mbps)
  static_B_2019.12.16_13.40.04__bandwidth__off759.csv: 38 samples (mean 3.30 Mbps)
  static_B_2019.12.16_13.40.04__fixed1__off1012.csv: 38 samples (mean 25.33 Mbps)
  static_B_2019.12.16_13.40.04__fixed3__off1012.csv: 38 samples (mean 12.89 Mbps)
  static_B_2019.12.16_13.40.04__fixed5__off1012.csv: 38 samples (mean 3.19 Mbps)
  static_B_2019.12.16_13.40.04__bandwidth__off1012.csv: 38 samples (mean 3.23 Mbps)
  static_B_2019.12.16_13.40.04__fixed1__off1265.csv: 38 samples (mean 23.18 Mbps)
  static_B_2019.12.16_13.40.04__fixed3__off1265.csv: 38 samples (mean 13.48 Mbps)
  static_B_2019.12.16_13.40.04__fixed5__off1265.csv: 38 samples (mean 3.34 Mbps)
  static_B_2019.12.16_13.40.04__bandwidth__off1265.csv: 38 samples (mean 3.33 Mbps)
  static_B_2019.12.16_13.40.04__fixed1__off1518.csv: 38 samples (mean 77.51 Mbps)
  static_B_2019.12.16_13.40.04__fixed3__off1518.csv: 38 samples (mean 42.68 Mbps)
  static_B_2019.12.16_13.40.04__fixed5__off1518.csv: 38 samples (mean 3.37 Mbps)
  static_B_2019.12.16_13.40.04__bandwidth__off1518.csv: 38 samples (mean 3.34 Mbps)
  static_B_2019.12.16_13.40.04__fixed1__off1771.csv: 38 samples (mean 39.06 Mbps)
  static_B_2019.12.16_13.40.04__fixed3__off1771.csv: 38 samples (mean 40.61 Mbps)
  static_B_2019.12.16_13.40.04__fixed5__off1771.csv: 38 samples (mean 3.29 Mbps)
  static_B_2019.12.16_13.40.04__bandwidth__off1771.csv: 38 samples (mean 3.26 Mbps)
  static_B_2020.02.14_13.21.26__fixed1__off0.csv: 38 samples (mean 19.11 Mbps)
  static_B_2020.02.14_13.21.26__fixed3__off0.csv: 38 samples (mean 18.24 Mbps)
  static_B_2020.02.14_13.21.26__fixed5__off0.csv: 38 samples (mean 3.36 Mbps)
  static_B_2020.02.14_13.21.26__bandwidth__off0.csv: 38 samples (mean 3.35 Mbps)
  static_B_2020.02.14_13.21.26__fixed1__off121.csv: 38 samples (mean 106.36 Mbps)
  static_B_2020.02.14_13.21.26__fixed3__off121.csv: 38 samples (mean 51.32 Mbps)
  static_B_2020.02.14_13.21.26__fixed5__off121.csv: 38 samples (mean 3.28 Mbps)
  static_B_2020.02.14_13.21.26__bandwidth__off121.csv: 38 samples (mean 3.40 Mbps)
  static_B_2020.02.14_13.21.26__fixed1__off242.csv: 38 samples (mean 99.96 Mbps)
  static_B_2020.02.14_13.21.26__fixed3__off242.csv: 38 samples (mean 52.28 Mbps)
  static_B_2020.02.14_13.21.26__fixed5__off242.csv: 38 samples (mean 3.30 Mbps)
  static_B_2020.02.14_13.21.26__bandwidth__off242.csv: 38 samples (mean 3.39 Mbps)
  static_B_2020.02.14_13.21.26__fixed1__off364.csv: 38 samples (mean 113.84 Mbps)
  static_B_2020.02.14_13.21.26__fixed3__off364.csv: 38 samples (mean 33.04 Mbps)
  static_B_2020.02.14_13.21.26__fixed5__off364.csv: 38 samples (mean 2.98 Mbps)
  static_B_2020.02.14_13.21.26__bandwidth__off364.csv: 38 samples (mean 2.96 Mbps)
  static_B_2020.02.14_13.21.26__fixed1__off485.csv: 38 samples (mean 106.27 Mbps)
  static_B_2020.02.14_13.21.26__fixed3__off485.csv: 38 samples (mean 47.66 Mbps)
  static_B_2020.02.14_13.21.26__fixed5__off485.csv: 38 samples (mean 3.33 Mbps)
  static_B_2020.02.14_13.21.26__bandwidth__off485.csv: 38 samples (mean 3.37 Mbps)
  static_B_2020.02.14_13.21.26__fixed1__off606.csv: 38 samples (mean 108.34 Mbps)
  static_B_2020.02.14_13.21.26__fixed3__off606.csv: 38 samples (mean 53.17 Mbps)
  static_B_2020.02.14_13.21.26__fixed5__off606.csv: 38 samples (mean 3.36 Mbps)
  static_B_2020.02.14_13.21.26__bandwidth__off606.csv: 38 samples (mean 3.34 Mbps)
  static_B_2020.02.14_13.21.26__fixed1__off728.csv: 38 samples (mean 97.45 Mbps)
  static_B_2020.02.14_13.21.26__fixed3__off728.csv: 38 samples (mean 52.03 Mbps)
  static_B_2020.02.14_13.21.26__fixed5__off728.csv: 38 samples (mean 3.36 Mbps)
  static_B_2020.02.14_13.21.26__bandwidth__off728.csv: 38 samples (mean 3.25 Mbps)
  static_B_2020.02.14_13.21.26__fixed1__off849.csv: 38 samples (mean 61.82 Mbps)
  static_B_2020.02.14_13.21.26__fixed3__off849.csv: 38 samples (mean 18.13 Mbps)
  static_B_2020.02.14_13.21.26__fixed5__off849.csv: 38 samples (mean 3.30 Mbps)
  static_B_2020.02.14_13.21.26__bandwidth__off849.csv: 38 samples (mean 3.29 Mbps)
  static_B_2020.02.27_18.39.27__fixed1__off0.csv: 38 samples (mean 127.48 Mbps)
  static_B_2020.02.27_18.39.27__fixed3__off0.csv: 38 samples (mean 51.23 Mbps)
  static_B_2020.02.27_18.39.27__fixed5__off0.csv: 38 samples (mean 3.05 Mbps)
  static_B_2020.02.27_18.39.27__bandwidth__off0.csv: 38 samples (mean 3.02 Mbps)
  static_B_2020.02.27_18.39.27__fixed1__off733.csv: 38 samples (mean 84.98 Mbps)
  static_B_2020.02.27_18.39.27__fixed3__off733.csv: 38 samples (mean 16.50 Mbps)
  static_B_2020.02.27_18.39.27__fixed5__off733.csv: 38 samples (mean 3.35 Mbps)
  static_B_2020.02.27_18.39.27__bandwidth__off733.csv: 38 samples (mean 3.35 Mbps)
  static_B_2020.02.27_18.39.27__fixed1__off1466.csv: 38 samples (mean 27.18 Mbps)
  static_B_2020.02.27_18.39.27__fixed3__off1466.csv: 38 samples (mean 20.37 Mbps)
  static_B_2020.02.27_18.39.27__fixed5__off1466.csv: 38 samples (mean 3.38 Mbps)
  static_B_2020.02.27_18.39.27__bandwidth__off1466.csv: 38 samples (mean 3.37 Mbps)
  static_B_2020.02.27_18.39.27__fixed1__off2198.csv: 38 samples (mean 73.82 Mbps)
  static_B_2020.02.27_18.39.27__fixed3__off2198.csv: 38 samples (mean 52.14 Mbps)
  static_B_2020.02.27_18.39.27__fixed5__off2198.csv: 38 samples (mean 3.36 Mbps)
  static_B_2020.02.27_18.39.27__bandwidth__off2198.csv: 38 samples (mean 3.36 Mbps)
  static_B_2020.02.27_18.39.27__fixed1__off2931.csv: 38 samples (mean 41.14 Mbps)
  static_B_2020.02.27_18.39.27__fixed3__off2931.csv: 38 samples (mean 25.49 Mbps)
  static_B_2020.02.27_18.39.27__fixed5__off2931.csv: 38 samples (mean 3.37 Mbps)
  static_B_2020.02.27_18.39.27__bandwidth__off2931.csv: 38 samples (mean 3.35 Mbps)
  static_B_2020.02.27_18.39.27__fixed1__off3664.csv: 38 samples (mean 182.86 Mbps)
  static_B_2020.02.27_18.39.27__fixed3__off3664.csv: 38 samples (mean 52.21 Mbps)
  static_B_2020.02.27_18.39.27__fixed5__off3664.csv: 38 samples (mean 3.37 Mbps)
  static_B_2020.02.27_18.39.27__bandwidth__off3664.csv: 38 samples (mean 3.36 Mbps)
  static_B_2020.02.27_18.39.27__fixed1__off4396.csv: 38 samples (mean 63.76 Mbps)
  static_B_2020.02.27_18.39.27__fixed3__off4396.csv: 38 samples (mean 51.02 Mbps)
  static_B_2020.02.27_18.39.27__fixed5__off4396.csv: 38 samples (mean 3.33 Mbps)
  static_B_2020.02.27_18.39.27__bandwidth__off4396.csv: 38 samples (mean 3.37 Mbps)
  static_B_2020.02.27_18.39.27__fixed1__off5129.csv: 38 samples (mean 163.40 Mbps)
  static_B_2020.02.27_18.39.27__fixed3__off5129.csv: 38 samples (mean 51.36 Mbps)
  static_B_2020.02.27_18.39.27__fixed5__off5129.csv: 38 samples (mean 3.38 Mbps)
  static_B_2020.02.27_18.39.27__bandwidth__off5129.csv: 38 samples (mean 3.38 Mbps)
  driving_B_2019.12.14_10.16.30__fixed1__off0.csv: 38 samples (mean 16.71 Mbps)
  driving_B_2019.12.14_10.16.30__fixed3__off0.csv: 38 samples (mean 13.70 Mbps)
  driving_B_2019.12.14_10.16.30__fixed5__off0.csv: 38 samples (mean 3.27 Mbps)
  driving_B_2019.12.14_10.16.30__bandwidth__off0.csv: 38 samples (mean 3.32 Mbps)
  driving_B_2019.12.14_10.16.30__fixed1__off138.csv: 38 samples (mean 17.58 Mbps)
  driving_B_2019.12.14_10.16.30__fixed3__off138.csv: 38 samples (mean 14.53 Mbps)
  driving_B_2019.12.14_10.16.30__fixed5__off138.csv: 38 samples (mean 3.40 Mbps)
  driving_B_2019.12.14_10.16.30__bandwidth__off138.csv: 38 samples (mean 3.36 Mbps)
  driving_B_2019.12.14_10.16.30__fixed1__off277.csv: 38 samples (mean 11.04 Mbps)
  driving_B_2019.12.14_10.16.30__fixed3__off277.csv: 38 samples (mean 9.74 Mbps)
  driving_B_2019.12.14_10.16.30__fixed5__off277.csv: 38 samples (mean 3.38 Mbps)
  driving_B_2019.12.14_10.16.30__bandwidth__off277.csv: 38 samples (mean 3.38 Mbps)
  driving_B_2019.12.14_10.16.30__fixed1__off416.csv: 38 samples (mean 58.58 Mbps)
  driving_B_2019.12.14_10.16.30__fixed3__off416.csv: 38 samples (mean 32.82 Mbps)
  driving_B_2019.12.14_10.16.30__fixed5__off416.csv: 38 samples (mean 3.30 Mbps)
  driving_B_2019.12.14_10.16.30__bandwidth__off416.csv: 38 samples (mean 3.38 Mbps)
  driving_B_2019.12.14_10.16.30__fixed1__off554.csv: 38 samples (mean 6.99 Mbps)
  driving_B_2019.12.14_10.16.30__fixed3__off554.csv: 38 samples (mean 3.73 Mbps)
  driving_B_2019.12.14_10.16.30__fixed5__off554.csv: 38 samples (mean 3.02 Mbps)
  driving_B_2019.12.14_10.16.30__bandwidth__off554.csv: 38 samples (mean 2.98 Mbps)
  driving_B_2019.12.14_10.16.30__fixed1__off692.csv: 38 samples (mean 7.05 Mbps)
  driving_B_2019.12.14_10.16.30__fixed3__off692.csv: 38 samples (mean 4.71 Mbps)
  driving_B_2019.12.14_10.16.30__fixed5__off692.csv: 38 samples (mean 3.28 Mbps)
  driving_B_2019.12.14_10.16.30__bandwidth__off692.csv: 38 samples (mean 3.36 Mbps)
  driving_B_2019.12.14_10.16.30__fixed1__off831.csv: 38 samples (mean 7.83 Mbps)
  driving_B_2019.12.14_10.16.30__fixed3__off831.csv: 38 samples (mean 6.01 Mbps)
  driving_B_2019.12.14_10.16.30__fixed5__off831.csv: 38 samples (mean 3.33 Mbps)
  driving_B_2019.12.14_10.16.30__bandwidth__off831.csv: 38 samples (mean 3.40 Mbps)
  driving_B_2019.12.14_10.16.30__fixed1__off970.csv: 38 samples (mean 0.01 Mbps)
  driving_B_2019.12.14_10.16.30__fixed3__off970.csv: 38 samples (mean 0.01 Mbps)
  driving_B_2019.12.14_10.16.30__fixed5__off970.csv: 38 samples (mean 0.06 Mbps)
  driving_B_2019.12.14_10.16.30__bandwidth__off970.csv: 38 samples (mean 0.06 Mbps)
  driving_B_2019.12.16_07.22.43__fixed1__off0.csv: 38 samples (mean 13.71 Mbps)
  driving_B_2019.12.16_07.22.43__fixed3__off0.csv: 38 samples (mean 12.54 Mbps)
  driving_B_2019.12.16_07.22.43__fixed5__off0.csv: 38 samples (mean 3.14 Mbps)
  driving_B_2019.12.16_07.22.43__bandwidth__off0.csv: 38 samples (mean 3.22 Mbps)
  driving_B_2019.12.16_07.22.43__fixed1__off310.csv: 38 samples (mean 79.68 Mbps)
  driving_B_2019.12.16_07.22.43__fixed3__off310.csv: 38 samples (mean 49.61 Mbps)
  driving_B_2019.12.16_07.22.43__fixed5__off310.csv: 38 samples (mean 3.42 Mbps)
  driving_B_2019.12.16_07.22.43__bandwidth__off310.csv: 38 samples (mean 3.32 Mbps)
  driving_B_2019.12.16_07.22.43__fixed1__off620.csv: 38 samples (mean 13.25 Mbps)
  driving_B_2019.12.16_07.22.43__fixed3__off620.csv: 38 samples (mean 12.52 Mbps)
  driving_B_2019.12.16_07.22.43__fixed5__off620.csv: 38 samples (mean 3.36 Mbps)
  driving_B_2019.12.16_07.22.43__bandwidth__off620.csv: 38 samples (mean 3.36 Mbps)
  driving_B_2019.12.16_07.22.43__fixed1__off929.csv: 38 samples (mean 25.41 Mbps)
  driving_B_2019.12.16_07.22.43__fixed3__off929.csv: 38 samples (mean 10.48 Mbps)
  driving_B_2019.12.16_07.22.43__fixed5__off929.csv: 38 samples (mean 3.34 Mbps)
  driving_B_2019.12.16_07.22.43__bandwidth__off929.csv: 38 samples (mean 3.42 Mbps)
  driving_B_2019.12.16_07.22.43__fixed1__off1239.csv: 38 samples (mean 10.54 Mbps)
  driving_B_2019.12.16_07.22.43__fixed3__off1239.csv: 38 samples (mean 13.47 Mbps)
  driving_B_2019.12.16_07.22.43__fixed5__off1239.csv: 38 samples (mean 3.32 Mbps)
  driving_B_2019.12.16_07.22.43__bandwidth__off1239.csv: 38 samples (mean 3.34 Mbps)
  driving_B_2019.12.16_07.22.43__fixed1__off1549.csv: 38 samples (mean 23.98 Mbps)
  driving_B_2019.12.16_07.22.43__fixed3__off1549.csv: 38 samples (mean 23.38 Mbps)
  driving_B_2019.12.16_07.22.43__fixed5__off1549.csv: 38 samples (mean 3.44 Mbps)
  driving_B_2019.12.16_07.22.43__bandwidth__off1549.csv: 38 samples (mean 3.42 Mbps)
  driving_B_2019.12.16_07.22.43__fixed1__off1858.csv: 38 samples (mean 9.28 Mbps)
  driving_B_2019.12.16_07.22.43__fixed3__off1858.csv: 38 samples (mean 9.66 Mbps)
  driving_B_2019.12.16_07.22.43__fixed5__off1858.csv: 38 samples (mean 3.43 Mbps)
  driving_B_2019.12.16_07.22.43__bandwidth__off1858.csv: 38 samples (mean 3.39 Mbps)
  driving_B_2019.12.16_07.22.43__fixed1__off2168.csv: 38 samples (mean 13.09 Mbps)
  driving_B_2019.12.16_07.22.43__fixed3__off2168.csv: 38 samples (mean 14.12 Mbps)
  driving_B_2019.12.16_07.22.43__fixed5__off2168.csv: 38 samples (mean 3.36 Mbps)
  driving_B_2019.12.16_07.22.43__bandwidth__off2168.csv: 38 samples (mean 3.33 Mbps)
  driving_B_2020.02.27_20.35.57__fixed1__off0.csv: 38 samples (mean 59.64 Mbps)
  driving_B_2020.02.27_20.35.57__fixed3__off0.csv: 38 samples (mean 32.98 Mbps)
  driving_B_2020.02.27_20.35.57__fixed5__off0.csv: 38 samples (mean 3.21 Mbps)
  driving_B_2020.02.27_20.35.57__bandwidth__off0.csv: 38 samples (mean 3.21 Mbps)
  driving_B_2020.02.27_20.35.57__fixed1__off105.csv: 38 samples (mean 110.26 Mbps)
  driving_B_2020.02.27_20.35.57__fixed3__off105.csv: 38 samples (mean 52.76 Mbps)
  driving_B_2020.02.27_20.35.57__fixed5__off105.csv: 38 samples (mean 3.37 Mbps)
  driving_B_2020.02.27_20.35.57__bandwidth__off105.csv: 38 samples (mean 3.40 Mbps)
  driving_B_2020.02.27_20.35.57__fixed1__off210.csv: 38 samples (mean 89.30 Mbps)
  driving_B_2020.02.27_20.35.57__fixed3__off210.csv: 38 samples (mean 25.21 Mbps)
  driving_B_2020.02.27_20.35.57__fixed5__off210.csv: 38 samples (mean 3.35 Mbps)
  driving_B_2020.02.27_20.35.57__bandwidth__off210.csv: 38 samples (mean 3.34 Mbps)
  driving_B_2020.02.27_20.35.57__fixed1__off315.csv: 38 samples (mean 4.93 Mbps)
  driving_B_2020.02.27_20.35.57__fixed3__off315.csv: 38 samples (mean 10.03 Mbps)
  driving_B_2020.02.27_20.35.57__fixed5__off315.csv: 38 samples (mean 1.59 Mbps)
  driving_B_2020.02.27_20.35.57__bandwidth__off315.csv: 38 samples (mean 1.52 Mbps)
  driving_B_2020.02.27_20.35.57__fixed1__off420.csv: 38 samples (mean 2.81 Mbps)
  driving_B_2020.02.27_20.35.57__fixed3__off420.csv: 38 samples (mean 2.72 Mbps)
  driving_B_2020.02.27_20.35.57__fixed5__off420.csv: 38 samples (mean 1.85 Mbps)
  driving_B_2020.02.27_20.35.57__bandwidth__off420.csv: 38 samples (mean 1.90 Mbps)
  driving_B_2020.02.27_20.35.57__fixed1__off525.csv: 38 samples (mean 2.89 Mbps)
  driving_B_2020.02.27_20.35.57__fixed3__off525.csv: 38 samples (mean 1.76 Mbps)
  driving_B_2020.02.27_20.35.57__fixed5__off525.csv: 38 samples (mean 1.00 Mbps)
  driving_B_2020.02.27_20.35.57__bandwidth__off525.csv: 38 samples (mean 0.98 Mbps)
  driving_B_2020.02.27_20.35.57__fixed1__off630.csv: 38 samples (mean 3.19 Mbps)
  driving_B_2020.02.27_20.35.57__fixed3__off630.csv: 38 samples (mean 3.60 Mbps)
  driving_B_2020.02.27_20.35.57__fixed5__off630.csv: 38 samples (mean 1.90 Mbps)
  driving_B_2020.02.27_20.35.57__bandwidth__off630.csv: 38 samples (mean 1.83 Mbps)
  driving_B_2020.02.27_20.35.57__fixed1__off720.csv: 38 samples (mean 1.82 Mbps)
  driving_B_2020.02.27_20.35.57__fixed3__off720.csv: 38 samples (mean 2.44 Mbps)
  driving_B_2020.02.27_20.35.57__fixed5__off720.csv: 38 samples (mean 1.10 Mbps)
  driving_B_2020.02.27_20.35.57__bandwidth__off720.csv: 38 samples (mean 1.08 Mbps)
  static_B_2020.01.16_10.43.34__fixed1__off0.csv: 38 samples (mean 109.97 Mbps)
  static_B_2020.01.16_10.43.34__fixed3__off0.csv: 38 samples (mean 51.26 Mbps)
  static_B_2020.01.16_10.43.34__fixed5__off0.csv: 38 samples (mean 3.35 Mbps)
  static_B_2020.01.16_10.43.34__bandwidth__off0.csv: 38 samples (mean 3.34 Mbps)
  static_B_2020.01.16_10.43.34__fixed1__off404.csv: 38 samples (mean 30.21 Mbps)
  static_B_2020.01.16_10.43.34__fixed3__off404.csv: 38 samples (mean 14.70 Mbps)
  static_B_2020.01.16_10.43.34__fixed5__off404.csv: 38 samples (mean 3.36 Mbps)
  static_B_2020.01.16_10.43.34__bandwidth__off404.csv: 38 samples (mean 3.36 Mbps)
  static_B_2020.01.16_10.43.34__fixed1__off807.csv: 38 samples (mean 76.53 Mbps)
  static_B_2020.01.16_10.43.34__fixed3__off807.csv: 38 samples (mean 51.36 Mbps)
  static_B_2020.01.16_10.43.34__fixed5__off807.csv: 38 samples (mean 3.37 Mbps)
  static_B_2020.01.16_10.43.34__bandwidth__off807.csv: 38 samples (mean 3.41 Mbps)
  static_B_2020.01.16_10.43.34__fixed1__off1211.csv: 38 samples (mean 71.42 Mbps)
  static_B_2020.01.16_10.43.34__fixed3__off1211.csv: 38 samples (mean 45.87 Mbps)
  static_B_2020.01.16_10.43.34__fixed5__off1211.csv: 38 samples (mean 3.43 Mbps)
  static_B_2020.01.16_10.43.34__bandwidth__off1211.csv: 38 samples (mean 3.36 Mbps)
  static_B_2020.01.16_10.43.34__fixed1__off1614.csv: 38 samples (mean 143.67 Mbps)
  static_B_2020.01.16_10.43.34__fixed3__off1614.csv: 38 samples (mean 53.14 Mbps)
  static_B_2020.01.16_10.43.34__fixed5__off1614.csv: 38 samples (mean 3.38 Mbps)
  static_B_2020.01.16_10.43.34__bandwidth__off1614.csv: 38 samples (mean 3.31 Mbps)
  static_B_2020.01.16_10.43.34__fixed1__off2018.csv: 38 samples (mean 38.21 Mbps)
  static_B_2020.01.16_10.43.34__fixed3__off2018.csv: 38 samples (mean 14.10 Mbps)
  static_B_2020.01.16_10.43.34__fixed5__off2018.csv: 38 samples (mean 3.27 Mbps)
  static_B_2020.01.16_10.43.34__bandwidth__off2018.csv: 38 samples (mean 3.37 Mbps)
  static_B_2020.01.16_10.43.34__fixed1__off2422.csv: 38 samples (mean 159.31 Mbps)
  static_B_2020.01.16_10.43.34__fixed3__off2422.csv: 38 samples (mean 51.35 Mbps)
  static_B_2020.01.16_10.43.34__fixed5__off2422.csv: 38 samples (mean 3.23 Mbps)
  static_B_2020.01.16_10.43.34__bandwidth__off2422.csv: 38 samples (mean 3.20 Mbps)
  static_B_2020.01.16_10.43.34__fixed1__off2825.csv: 38 samples (mean 27.42 Mbps)
  static_B_2020.01.16_10.43.34__fixed3__off2825.csv: 38 samples (mean 16.35 Mbps)
  static_B_2020.01.16_10.43.34__fixed5__off2825.csv: 38 samples (mean 3.23 Mbps)
  static_B_2020.01.16_10.43.34__bandwidth__off2825.csv: 38 samples (mean 3.23 Mbps)

540 series -> C:\Users\Nima\PointCloudStreaming\data\lstm_achieved (412 train / 128 validation files; final test excluded)
split: C:\Users\Nima\PointCloudStreaming\data\lstm_achieved\split.json
Train with: python train_model.py --bandwidth-dir data/lstm_achieved --split-from data/lstm_achieved/split.json
