# C:\Users\Nima\AppData\Local\Programs\Python\Python313\python.exe -u gen_lstm_dataset.py --offsets 8 --segment-frames 10
  static_B_2019.12.16_13.40.04__fixed1__off0.csv: 30 samples (mean 127.70 Mbps)
  static_B_2019.12.16_13.40.04__fixed3__off0.csv: 30 samples (mean 35.61 Mbps)
  static_B_2019.12.16_13.40.04__fixed5__off0.csv: 30 samples (mean 3.65 Mbps)
  static_B_2019.12.16_13.40.04__bandwidth__off0.csv: 30 samples (mean 3.68 Mbps)
  static_B_2019.12.16_13.40.04__fixed1__off253.csv: 30 samples (mean 40.99 Mbps)
  static_B_2019.12.16_13.40.04__fixed3__off253.csv: 30 samples (mean 16.67 Mbps)
  static_B_2019.12.16_13.40.04__fixed5__off253.csv: 30 samples (mean 4.11 Mbps)
  static_B_2019.12.16_13.40.04__bandwidth__off253.csv: 30 samples (mean 4.14 Mbps)
  static_B_2019.12.16_13.40.04__fixed1__off506.csv: 30 samples (mean 69.31 Mbps)
  static_B_2019.12.16_13.40.04__fixed3__off506.csv: 30 samples (mean 60.89 Mbps)
  static_B_2019.12.16_13.40.04__fixed5__off506.csv: 30 samples (mean 3.33 Mbps)
  static_B_2019.12.16_13.40.04__bandwidth__off506.csv: 30 samples (mean 3.39 Mbps)
  static_B_2019.12.16_13.40.04__fixed1__off759.csv: 30 samples (mean 134.69 Mbps)
  static_B_2019.12.16_13.40.04__fixed3__off759.csv: 30 samples (mean 63.77 Mbps)
  static_B_2019.12.16_13.40.04__fixed5__off759.csv: 30 samples (mean 3.98 Mbps)
  static_B_2019.12.16_13.40.04__bandwidth__off759.csv: 30 samples (mean 3.98 Mbps)
  static_B_2019.12.16_13.40.04__fixed1__off1012.csv: 30 samples (mean 27.02 Mbps)
  static_B_2019.12.16_13.40.04__fixed3__off1012.csv: 30 samples (mean 14.73 Mbps)
  static_B_2019.12.16_13.40.04__fixed5__off1012.csv: 30 samples (mean 4.08 Mbps)
  static_B_2019.12.16_13.40.04__bandwidth__off1012.csv: 30 samples (mean 4.03 Mbps)
  static_B_2019.12.16_13.40.04__fixed1__off1265.csv: 30 samples (mean 25.62 Mbps)
  static_B_2019.12.16_13.40.04__fixed3__off1265.csv: 30 samples (mean 13.63 Mbps)
  static_B_2019.12.16_13.40.04__fixed5__off1265.csv: 30 samples (mean 4.23 Mbps)
  static_B_2019.12.16_13.40.04__bandwidth__off1265.csv: 30 samples (mean 4.29 Mbps)
  static_B_2019.12.16_13.40.04__fixed1__off1518.csv: 30 samples (mean 49.51 Mbps)
  static_B_2019.12.16_13.40.04__fixed3__off1518.csv: 30 samples (mean 39.78 Mbps)
  static_B_2019.12.16_13.40.04__fixed5__off1518.csv: 30 samples (mean 4.20 Mbps)
  static_B_2019.12.16_13.40.04__bandwidth__off1518.csv: 30 samples (mean 4.24 Mbps)
  static_B_2019.12.16_13.40.04__fixed1__off1771.csv: 30 samples (mean 38.82 Mbps)
  static_B_2019.12.16_13.40.04__fixed3__off1771.csv: 30 samples (mean 38.90 Mbps)
  static_B_2019.12.16_13.40.04__fixed5__off1771.csv: 30 samples (mean 4.16 Mbps)
  static_B_2019.12.16_13.40.04__bandwidth__off1771.csv: 30 samples (mean 4.15 Mbps)
  static_B_2020.02.13_13.57.29__fixed1__off0.csv: 30 samples (mean 94.58 Mbps)
  static_B_2020.02.13_13.57.29__fixed3__off0.csv: 30 samples (mean 16.20 Mbps)
  static_B_2020.02.13_13.57.29__fixed5__off0.csv: 30 samples (mean 4.03 Mbps)
  static_B_2020.02.13_13.57.29__bandwidth__off0.csv: 30 samples (mean 4.13 Mbps)
  static_B_2020.02.13_13.57.29__fixed1__off383.csv: 30 samples (mean 55.07 Mbps)
  static_B_2020.02.13_13.57.29__fixed3__off383.csv: 30 samples (mean 39.31 Mbps)
  static_B_2020.02.13_13.57.29__fixed5__off383.csv: 30 samples (mean 4.21 Mbps)
  static_B_2020.02.13_13.57.29__bandwidth__off383.csv: 30 samples (mean 4.17 Mbps)
  static_B_2020.02.13_13.57.29__fixed1__off766.csv: 30 samples (mean 33.00 Mbps)
  static_B_2020.02.13_13.57.29__fixed3__off766.csv: 30 samples (mean 11.47 Mbps)
  static_B_2020.02.13_13.57.29__fixed5__off766.csv: 30 samples (mean 3.54 Mbps)
  static_B_2020.02.13_13.57.29__bandwidth__off766.csv: 30 samples (mean 3.51 Mbps)
  static_B_2020.02.13_13.57.29__fixed1__off1149.csv: 30 samples (mean 36.65 Mbps)
  static_B_2020.02.13_13.57.29__fixed3__off1149.csv: 30 samples (mean 14.60 Mbps)
  static_B_2020.02.13_13.57.29__fixed5__off1149.csv: 30 samples (mean 4.30 Mbps)
  static_B_2020.02.13_13.57.29__bandwidth__off1149.csv: 30 samples (mean 4.20 Mbps)
  static_B_2020.02.13_13.57.29__fixed1__off1532.csv: 30 samples (mean 28.04 Mbps)
  static_B_2020.02.13_13.57.29__fixed3__off1532.csv: 30 samples (mean 10.25 Mbps)
  static_B_2020.02.13_13.57.29__fixed5__off1532.csv: 30 samples (mean 4.12 Mbps)
  static_B_2020.02.13_13.57.29__bandwidth__off1532.csv: 30 samples (mean 4.15 Mbps)
  static_B_2020.02.13_13.57.29__fixed1__off1916.csv: 30 samples (mean 57.86 Mbps)
  static_B_2020.02.13_13.57.29__fixed3__off1916.csv: 30 samples (mean 39.92 Mbps)
  static_B_2020.02.13_13.57.29__fixed5__off1916.csv: 30 samples (mean 4.14 Mbps)
  static_B_2020.02.13_13.57.29__bandwidth__off1916.csv: 30 samples (mean 4.20 Mbps)
  static_B_2020.02.13_13.57.29__fixed1__off2299.csv: 30 samples (mean 25.23 Mbps)
  static_B_2020.02.13_13.57.29__fixed3__off2299.csv: 30 samples (mean 28.99 Mbps)
  static_B_2020.02.13_13.57.29__fixed5__off2299.csv: 30 samples (mean 4.21 Mbps)
  static_B_2020.02.13_13.57.29__bandwidth__off2299.csv: 30 samples (mean 4.19 Mbps)
  static_B_2020.02.13_13.57.29__fixed1__off2682.csv: 30 samples (mean 49.00 Mbps)
  static_B_2020.02.13_13.57.29__fixed3__off2682.csv: 30 samples (mean 36.20 Mbps)
  static_B_2020.02.13_13.57.29__fixed5__off2682.csv: 30 samples (mean 4.15 Mbps)
  static_B_2020.02.13_13.57.29__bandwidth__off2682.csv: 30 samples (mean 4.30 Mbps)
  static_B_2020.02.14_13.21.26__fixed1__off0.csv: 30 samples (mean 19.13 Mbps)
  static_B_2020.02.14_13.21.26__fixed3__off0.csv: 30 samples (mean 17.49 Mbps)
  static_B_2020.02.14_13.21.26__fixed5__off0.csv: 30 samples (mean 4.32 Mbps)
  static_B_2020.02.14_13.21.26__bandwidth__off0.csv: 30 samples (mean 4.26 Mbps)
  static_B_2020.02.14_13.21.26__fixed1__off121.csv: 30 samples (mean 119.42 Mbps)
  static_B_2020.02.14_13.21.26__fixed3__off121.csv: 30 samples (mean 62.36 Mbps)
  static_B_2020.02.14_13.21.26__fixed5__off121.csv: 30 samples (mean 4.30 Mbps)
  static_B_2020.02.14_13.21.26__bandwidth__off121.csv: 30 samples (mean 4.21 Mbps)
  static_B_2020.02.14_13.21.26__fixed1__off242.csv: 30 samples (mean 113.87 Mbps)
  static_B_2020.02.14_13.21.26__fixed3__off242.csv: 30 samples (mean 64.79 Mbps)
  static_B_2020.02.14_13.21.26__fixed5__off242.csv: 30 samples (mean 4.14 Mbps)
  static_B_2020.02.14_13.21.26__bandwidth__off242.csv: 30 samples (mean 4.10 Mbps)
  static_B_2020.02.14_13.21.26__fixed1__off364.csv: 30 samples (mean 125.91 Mbps)
  static_B_2020.02.14_13.21.26__fixed3__off364.csv: 30 samples (mean 37.31 Mbps)
  static_B_2020.02.14_13.21.26__fixed5__off364.csv: 30 samples (mean 3.79 Mbps)
  static_B_2020.02.14_13.21.26__bandwidth__off364.csv: 30 samples (mean 3.67 Mbps)
  static_B_2020.02.14_13.21.26__fixed1__off485.csv: 30 samples (mean 126.95 Mbps)
  static_B_2020.02.14_13.21.26__fixed3__off485.csv: 30 samples (mean 62.47 Mbps)
  static_B_2020.02.14_13.21.26__fixed5__off485.csv: 30 samples (mean 4.24 Mbps)
  static_B_2020.02.14_13.21.26__bandwidth__off485.csv: 30 samples (mean 4.21 Mbps)
  static_B_2020.02.14_13.21.26__fixed1__off606.csv: 30 samples (mean 123.71 Mbps)
  static_B_2020.02.14_13.21.26__fixed3__off606.csv: 30 samples (mean 63.37 Mbps)
  static_B_2020.02.14_13.21.26__fixed5__off606.csv: 30 samples (mean 4.26 Mbps)
  static_B_2020.02.14_13.21.26__bandwidth__off606.csv: 30 samples (mean 4.25 Mbps)
  static_B_2020.02.14_13.21.26__fixed1__off728.csv: 30 samples (mean 94.23 Mbps)
  static_B_2020.02.14_13.21.26__fixed3__off728.csv: 30 samples (mean 63.93 Mbps)
  static_B_2020.02.14_13.21.26__fixed5__off728.csv: 30 samples (mean 4.15 Mbps)
  static_B_2020.02.14_13.21.26__bandwidth__off728.csv: 30 samples (mean 4.17 Mbps)
  static_B_2020.02.14_13.21.26__fixed1__off849.csv: 30 samples (mean 96.52 Mbps)
  static_B_2020.02.14_13.21.26__fixed3__off849.csv: 30 samples (mean 18.23 Mbps)
  static_B_2020.02.14_13.21.26__fixed5__off849.csv: 30 samples (mean 4.20 Mbps)
  static_B_2020.02.14_13.21.26__bandwidth__off849.csv: 30 samples (mean 4.20 Mbps)
  static_B_2020.02.27_18.39.27__fixed1__off0.csv: 30 samples (mean 133.54 Mbps)
  static_B_2020.02.27_18.39.27__fixed3__off0.csv: 30 samples (mean 63.66 Mbps)
  static_B_2020.02.27_18.39.27__fixed5__off0.csv: 30 samples (mean 4.18 Mbps)
  static_B_2020.02.27_18.39.27__bandwidth__off0.csv: 30 samples (mean 4.17 Mbps)
  static_B_2020.02.27_18.39.27__fixed1__off733.csv: 30 samples (mean 127.02 Mbps)
  static_B_2020.02.27_18.39.27__fixed3__off733.csv: 30 samples (mean 63.82 Mbps)
  static_B_2020.02.27_18.39.27__fixed5__off733.csv: 30 samples (mean 4.15 Mbps)
  static_B_2020.02.27_18.39.27__bandwidth__off733.csv: 30 samples (mean 4.18 Mbps)
  static_B_2020.02.27_18.39.27__fixed1__off1466.csv: 30 samples (mean 30.36 Mbps)
  static_B_2020.02.27_18.39.27__fixed3__off1466.csv: 30 samples (mean 22.15 Mbps)
  static_B_2020.02.27_18.39.27__fixed5__off1466.csv: 30 samples (mean 4.24 Mbps)
  static_B_2020.02.27_18.39.27__bandwidth__off1466.csv: 30 samples (mean 4.26 Mbps)
  static_B_2020.02.27_18.39.27__fixed1__off2198.csv: 30 samples (mean 79.24 Mbps)
  static_B_2020.02.27_18.39.27__fixed3__off2198.csv: 30 samples (mean 64.69 Mbps)
  static_B_2020.02.27_18.39.27__fixed5__off2198.csv: 30 samples (mean 4.21 Mbps)
  static_B_2020.02.27_18.39.27__bandwidth__off2198.csv: 30 samples (mean 4.17 Mbps)
  static_B_2020.02.27_18.39.27__fixed1__off2931.csv: 30 samples (mean 42.09 Mbps)
  static_B_2020.02.27_18.39.27__fixed3__off2931.csv: 30 samples (mean 27.68 Mbps)
  static_B_2020.02.27_18.39.27__fixed5__off2931.csv: 30 samples (mean 4.20 Mbps)
  static_B_2020.02.27_18.39.27__bandwidth__off2931.csv: 30 samples (mean 4.30 Mbps)
  static_B_2020.02.27_18.39.27__fixed1__off3664.csv: 30 samples (mean 128.23 Mbps)
  static_B_2020.02.27_18.39.27__fixed3__off3664.csv: 30 samples (mean 46.36 Mbps)
  static_B_2020.02.27_18.39.27__fixed5__off3664.csv: 30 samples (mean 4.18 Mbps)
  static_B_2020.02.27_18.39.27__bandwidth__off3664.csv: 30 samples (mean 4.19 Mbps)
  static_B_2020.02.27_18.39.27__fixed1__off4396.csv: 30 samples (mean 56.78 Mbps)
  static_B_2020.02.27_18.39.27__fixed3__off4396.csv: 30 samples (mean 53.95 Mbps)
  static_B_2020.02.27_18.39.27__fixed5__off4396.csv: 30 samples (mean 4.28 Mbps)
  static_B_2020.02.27_18.39.27__bandwidth__off4396.csv: 30 samples (mean 4.23 Mbps)
  static_B_2020.02.27_18.39.27__fixed1__off5129.csv: 30 samples (mean 133.87 Mbps)
  static_B_2020.02.27_18.39.27__fixed3__off5129.csv: 30 samples (mean 64.90 Mbps)
  static_B_2020.02.27_18.39.27__fixed5__off5129.csv: 30 samples (mean 4.19 Mbps)
  static_B_2020.02.27_18.39.27__bandwidth__off5129.csv: 30 samples (mean 4.21 Mbps)
  static_B_2020.01.16_10.43.34__fixed1__off0.csv: 30 samples (mean 102.30 Mbps)
  static_B_2020.01.16_10.43.34__fixed3__off0.csv: 30 samples (mean 63.19 Mbps)
  static_B_2020.01.16_10.43.34__fixed5__off0.csv: 30 samples (mean 4.23 Mbps)
  static_B_2020.01.16_10.43.34__bandwidth__off0.csv: 30 samples (mean 4.15 Mbps)
  static_B_2020.01.16_10.43.34__fixed1__off404.csv: 30 samples (mean 32.41 Mbps)
  static_B_2020.01.16_10.43.34__fixed3__off404.csv: 30 samples (mean 14.58 Mbps)
  static_B_2020.01.16_10.43.34__fixed5__off404.csv: 30 samples (mean 4.18 Mbps)
  static_B_2020.01.16_10.43.34__bandwidth__off404.csv: 30 samples (mean 4.18 Mbps)
  static_B_2020.01.16_10.43.34__fixed1__off807.csv: 30 samples (mean 99.00 Mbps)
  static_B_2020.01.16_10.43.34__fixed3__off807.csv: 30 samples (mean 52.10 Mbps)
  static_B_2020.01.16_10.43.34__fixed5__off807.csv: 30 samples (mean 4.09 Mbps)
  static_B_2020.01.16_10.43.34__bandwidth__off807.csv: 30 samples (mean 4.26 Mbps)
  static_B_2020.01.16_10.43.34__fixed1__off1211.csv: 30 samples (mean 85.12 Mbps)
  static_B_2020.01.16_10.43.34__fixed3__off1211.csv: 30 samples (mean 57.39 Mbps)
  static_B_2020.01.16_10.43.34__fixed5__off1211.csv: 30 samples (mean 4.15 Mbps)
  static_B_2020.01.16_10.43.34__bandwidth__off1211.csv: 30 samples (mean 4.22 Mbps)
  static_B_2020.01.16_10.43.34__fixed1__off1614.csv: 30 samples (mean 134.65 Mbps)
  static_B_2020.01.16_10.43.34__fixed3__off1614.csv: 30 samples (mean 63.09 Mbps)
  static_B_2020.01.16_10.43.34__fixed5__off1614.csv: 30 samples (mean 4.20 Mbps)
  static_B_2020.01.16_10.43.34__bandwidth__off1614.csv: 30 samples (mean 4.18 Mbps)
  static_B_2020.01.16_10.43.34__fixed1__off2018.csv: 30 samples (mean 44.18 Mbps)
  static_B_2020.01.16_10.43.34__fixed3__off2018.csv: 30 samples (mean 16.75 Mbps)
  static_B_2020.01.16_10.43.34__fixed5__off2018.csv: 30 samples (mean 4.21 Mbps)
  static_B_2020.01.16_10.43.34__bandwidth__off2018.csv: 30 samples (mean 4.17 Mbps)
  static_B_2020.01.16_10.43.34__fixed1__off2422.csv: 30 samples (mean 121.10 Mbps)
  static_B_2020.01.16_10.43.34__fixed3__off2422.csv: 30 samples (mean 59.97 Mbps)
  static_B_2020.01.16_10.43.34__fixed5__off2422.csv: 30 samples (mean 4.05 Mbps)
  static_B_2020.01.16_10.43.34__bandwidth__off2422.csv: 30 samples (mean 4.08 Mbps)
  static_B_2020.01.16_10.43.34__fixed1__off2825.csv: 30 samples (mean 38.32 Mbps)
  static_B_2020.01.16_10.43.34__fixed3__off2825.csv: 30 samples (mean 16.92 Mbps)
  static_B_2020.01.16_10.43.34__fixed5__off2825.csv: 30 samples (mean 4.02 Mbps)
  static_B_2020.01.16_10.43.34__bandwidth__off2825.csv: 30 samples (mean 4.06 Mbps)

160 series -> C:\Users\Nima\PointCloudStreaming\data\lstm_achieved (128 train / 32 test files)
split: C:\Users\Nima\PointCloudStreaming\data\lstm_achieved\split.json
Train with: python train_model.py --bandwidth-dir data/lstm_achieved --split-from data/lstm_achieved/split.json
