# C:\Users\Nima\AppData\Local\Programs\Python\Python313\python.exe -u train_model.py --transform none --out C:\Users\Nima\PointCloudStreaming\logs\train_runs\20260711_073759_smoke\lstm\bandwidth_lstm_none.pkl --sequence-length 8 --epochs 5 --test-size 0.2 --bandwidth-dir C:\Users\Nima\PointCloudStreaming\data\lstm_achieved --split-from C:\Users\Nima\PointCloudStreaming\data\lstm_achieved\split.json --no-tune
================================================================================
🤖 LSTM Bandwidth Prediction Model Training
================================================================================
📋 Explicit split from C:\Users\Nima\PointCloudStreaming\data\lstm_achieved\split.json: 4 train / 1 test files

📁 Found 5 bandwidth trace files
📂 Output directory: C:\Users\Nima\PointCloudStreaming\models
🔧 Hyperparameter tuning: Disabled
📊 Sequence length: 8
🧪 File-level test split: 0.20
🎲 Split random seed: 42

================================================================================
Training Process:
  1. Load and prepare dataset
  2. Split files into train/test sets (file-level)
  3. Train model with default hyperparameters
  5. Save trained model and best model
================================================================================

Loading bandwidth traces from C:\Users\Nima\PointCloudStreaming\data\lstm_achieved...
Dataset size: 20 sequences
Bandwidth range: 15.39 - 79.00 Mbps
Mean bandwidth: 41.06 Mbps, Std: 26.13 Mbps
File-level split (80/20): 4 train files, 1 test files

Training final model...
Loaded best model from epoch 5 with test loss: 4.867118

Final Test Metrics:
  MAE: 44.5626 Mbps  (persistence baseline: 3.7665)
  MAPE: 59.79%  (persistence baseline: 4.93%)
  RMSE: 44.6825 Mbps  (persistence baseline: 4.6339)
  Low-bw (<5 Mbps, 0% of test) MAE: 0.0000  (persistence: 0.0000)
  Directional accuracy: 0.750

Saving model to C:\Users\Nima\PointCloudStreaming\logs\train_runs\20260711_073759_smoke\lstm\bandwidth_lstm_none.pkl...
Best model saved to: C:\Users\Nima\PointCloudStreaming\logs\train_runs\20260711_073759_smoke\lstm\bandwidth_lstm_none_best.pkl
Split metadata saved to: C:\Users\Nima\PointCloudStreaming\logs\train_runs\20260711_073759_smoke\lstm\bandwidth_lstm_none_split.json

Sample predictions:
  Actual: 24.87 Mbps, Predicted: 29.05 Mbps
  Actual: 25.44 Mbps, Predicted: 29.08 Mbps
  Actual: 25.23 Mbps, Predicted: 29.10 Mbps
  Actual: 23.78 Mbps, Predicted: 29.11 Mbps
  Actual: 15.45 Mbps, Predicted: 28.94 Mbps

================================================================================
✅ Training complete!
📦 Model saved to: C:\Users\Nima\PointCloudStreaming\logs\train_runs\20260711_073759_smoke\lstm\bandwidth_lstm_none.pkl
📦 Best model saved to: C:\Users\Nima\PointCloudStreaming\logs\train_runs\20260711_073759_smoke\lstm\bandwidth_lstm_none_best.pkl
🧾 Split metadata saved to: C:\Users\Nima\PointCloudStreaming\logs\train_runs\20260711_073759_smoke\lstm\bandwidth_lstm_none_split.json

Next steps:
  1. Run the system with LSTM prediction:
     python3 run_lstm.py
  2. Or compare with baseline (no LSTM):
     python3 run.py
  3. Use a test-only simulation trace from:
     C:\Users\Nima\PointCloudStreaming\logs\train_runs\20260711_073759_smoke\lstm\bandwidth_lstm_none_split.json -> test_files
================================================================================
